******************************************************************************
                  MSP430 Linker PC v4.4.7                      
******************************************************************************
>> Linked Tue Mar 07 16:30:30 2017

OUTPUT FILE NAME:   <WirelessProgrammableCap.out>
ENTRY POINT SYMBOL: "_c_int00_noargs_noexit"  address: 0000b0e0


MEMORY CONFIGURATION

         name            origin    length      used     unused   attr    fill
----------------------  --------  ---------  --------  --------  ----  --------
  SFR                   00000000   00000010  00000000  00000010  RWIX
  PERIPHERALS_8BIT      00000010   000000f0  00000000  000000f0  RWIX
  PERIPHERALS_16BIT     00000100   00000100  00000000  00000100  RWIX
  RAM                   00000200   00000400  000003b7  00000049  RWIX
  INFOD                 00001000   00000040  00000000  00000040  RWIX
  INFOC                 00001040   00000040  00000000  00000040  RWIX
  INFOB                 00001080   00000040  00000000  00000040  RWIX
  INFOA                 000010c0   00000040  00000000  00000040  RWIX
  FLASH                 00008000   00007fde  0000385b  00004783  RWIX
  INT00                 0000ffe0   00000002  00000002  00000000  RWIX
  INT01                 0000ffe2   00000002  00000002  00000000  RWIX
  INT02                 0000ffe4   00000002  00000002  00000000  RWIX
  INT03                 0000ffe6   00000002  00000002  00000000  RWIX
  INT04                 0000ffe8   00000002  00000002  00000000  RWIX
  INT05                 0000ffea   00000002  00000002  00000000  RWIX
  INT06                 0000ffec   00000002  00000002  00000000  RWIX
  INT07                 0000ffee   00000002  00000002  00000000  RWIX
  INT08                 0000fff0   00000002  00000002  00000000  RWIX
  INT09                 0000fff2   00000002  00000002  00000000  RWIX
  INT10                 0000fff4   00000002  00000002  00000000  RWIX
  INT11                 0000fff6   00000002  00000002  00000000  RWIX
  INT12                 0000fff8   00000002  00000002  00000000  RWIX
  INT13                 0000fffa   00000002  00000002  00000000  RWIX
  INT14                 0000fffc   00000002  00000002  00000000  RWIX
  RESET                 0000fffe   00000002  00000002  00000000  RWIX


SECTION ALLOCATION MAP

 output                                  attributes/
section   page    origin      length       input sections
--------  ----  ----------  ----------   ----------------
.bss       0    00000200    00000367     UNINITIALIZED
                  00000200    00000126     main_AP.obj (.bss)
                  00000326    00000120     nwk_QMgmt.obj (.bss)
                  00000446    00000081     nwk.obj (.bss)
                  000004c7    00000001     bsp.obj (.bss)
                  000004c8    0000003a     virtual_com_cmds.obj (.bss)
                  00000502    00000030     mrfi.obj (.bss)
                  00000532    00000010     nwk_link.obj (.bss)
                  00000542    0000000b     nwk_join.obj (.bss)
                  0000054d    00000009     nwk_globals.obj (.bss)
                  00000556    00000008     nwk_frame.obj (.bss)
                  0000055e    00000005     nwk_mgmt.obj (.bss)
                  00000563    00000002     nwk_freq.obj (.bss)
                  00000565    00000001     nwk_api.obj (.bss)
                  00000566    00000001     nwk_ping.obj (.bss)

.stack     0    000005b0    00000050     UNINITIALIZED
                  000005b0    00000002     rts430.lib : boot.obj (.stack)
                  000005b2    0000004e     --HOLE--

.text      0    00008000    0000343c     
                  00008000    0000023e     main_AP.obj (.text:main)
                  0000823e    00000220     virtual_com_cmds.obj (.text:transmitDataString)
                  0000845e    000001c6     mrfi.obj (.text:MRFI_Init)
                  00008624    000001a6     nwk_link.obj (.text:smpl_send_link_reply)
                  000087ca    0000016c     nwk_QMgmt.obj (.text:nwk_QfindOldest)
                  00008936    00000154     nwk_frame.obj (.text:dispatchFrame)
                  00008a8a    00000144     nwk_api.obj (.text:SMPL_Ioctl)
                  00008bce    00000130     rts430.lib : fs_add.obj (.text)
                  00008cfe    00000128     nwk_api.obj (.text:SMPL_SendOpt)
                  00008e26    0000011a     main_AP.obj (.text:perform_self_Measurement)
                  00008f40    00000112     nwk_freq.obj (.text:nwk_scanForChannels)
                  00009052    0000010c     nwk_join.obj (.text:smpl_send_join_reply)
                  0000915e    00000102     mrfi.obj (.text:MRFI_Transmit)
                  00009260    000000fc     virtual_com_cmds.obj (.text:USCI0RX_ISR)
                  0000935c    000000dc     nwk.obj (.text:nwk_allocateLocalRxPort)
                  00009438    000000d8     mrfi.obj (.text:Mrfi_SyncPinRxIsr)
                  00009510    000000c2     rts430.lib : fs_mpy.obj (.text)
                  000095d2    000000ba     vlo_rand.obj (.text)
                  0000968c    000000b2     nwk_frame.obj (.text:nwk_retrieveFrame)
                  0000973e    000000ac     nwk_frame.obj (.text:nwk_SendEmptyPollRspFrame)
                  000097ea    000000a0     nwk_frame.obj (.text:isDupSandFFrame)
                  0000988a    0000009e     nwk_frame.obj (.text:nwk_buildFrame)
                  00009928    0000009c     nwk_ioctl.obj (.text:nwk_radioControl)
                  000099c4    0000009c     nwk_frame.obj (.text:nwk_sendAckReply)
                  00009a60    0000009a     nwk.obj (.text:nwk_isConnectionValid)
                  00009afa    00000094     nv_obj.obj (.text:nv_obj_write_nwk_cfg)
                  00009b8e    00000092     nwk_mgmt.obj (.text:send_poll_reply)
                  00009c20    00000086     nwk_QMgmt.obj (.text:nwk_QfindSlot)
                  00009ca6    00000086     nwk.obj (.text:nwk_nwkInit)
                  00009d2c    00000082     mrfi.obj (.text:spiBurstFifoAccess)
                  00009dae    0000007c     nwk_frame.obj (.text:nwk_getSandFFrame)
                  00009e2a    00000076     nwk_api.obj (.text:SMPL_LinkListen)
                  00009ea0    00000076     main_AP.obj (.text:read_Values_from_Flash)
                  00009f16    0000006e     nwk.obj (.text:nwk_saveJoinedDevice)
                  00009f84    0000006c     main_AP.obj (.text:write_Values_to_Flash)
                  00009ff0    00000068     rts430.lib : fs_toi.obj (.text)
                  0000a058    00000068     nwk_link.obj (.text:smpl_send_unlink_reply)
                  0000a0c0    0000005e     nwk_freq.obj (.text:broadcast_channel_change)
                  0000a11e    00000058     rts430.lib : div32u.obj (.text)
                  0000a176    00000056     nwk_freq.obj (.text:send_ping_reply)
                  0000a1cc    00000054     mrfi.obj (.text:MRFI_WakeUp)
                  0000a220    00000054     nwk_ioctl.obj (.text:nwk_rawSend)
                  0000a274    00000050     nwk.obj (.text:nwk_getNextConnection)
                  0000a2c4    0000004c     nwk.obj (.text:nwk_findPeer)
                  0000a310    0000004c     rts430.lib : lsr16.obj (.text)
                  0000a35c    00000048                : autoinit.obj (.text:_auto_init)
                  0000a3a4    00000048     mrfi.obj (.text:mrfiSpiCmdStrobe)
                  0000a3ec    00000048     nwk.obj (.text:nwk_findAlreadyJoined)
                  0000a434    00000048     nwk.obj (.text:nwk_isLinkDuplicate)
                  0000a47c    00000048     nwk_mgmt.obj (.text:nwk_processMgmt)
                  0000a4c4    00000046     mrfi.obj (.text:MRFI_RxAddrIsFiltered)
                  0000a50a    00000046     nwk_ping.obj (.text:smpl_send_ping_reply)
                  0000a550    00000044     mrfi.obj (.text:MRFI_Rssi)
                  0000a594    00000042     mrfi.obj (.text:spiRegAccess)
                  0000a5d6    00000040     nwk_freq.obj (.text:nwk_freqControl)
                  0000a616    00000040     nwk_join.obj (.text:nwk_isSandFClient)
                  0000a656    00000040     rts430.lib : div32s.obj (.text)
                  0000a696    0000003e     nwk.obj (.text:initializeConnection)
                  0000a6d4    0000003e     nwk_join.obj (.text:nwk_processJoin)
                  0000a712    0000003c     mrfi.obj (.text:MRFI_ReplyDelay)
                  0000a74e    0000003c     nwk.obj (.text:nwk_putNumObjectIntoMsg)
                  0000a78a    0000003a     nwk_api.obj (.text:SMPL_Init)
                  0000a7c4    0000003a     nwk_link.obj (.text:handleLinkRequest)
                  0000a7fe    0000003a     nwk_link.obj (.text:nwk_getLocalLinkID)
                  0000a838    0000003a     nwk.obj (.text:nwk_isValidReply)
                  0000a872    0000003a     nwk_join.obj (.text:nwk_joinInit)
                  0000a8ac    0000003a     nwk_freq.obj (.text:nwk_processFreq)
                  0000a8e6    0000003a     nwk_frame.obj (.text:nwk_replayFrame)
                  0000a920    00000036     nv_obj.obj (.text:nv_obj_erase_flash)
                  0000a956    00000036     rts430.lib : fs_itof.obj (.text)
                  0000a98c    00000034     mrfi.obj (.text:MRFI_SetRFPwr)
                  0000a9c0    00000034     mrfi.obj (.text:mrfiSpiInit)
                  0000a9f4    00000034     nwk_QMgmt.obj (.text:nwk_QadjustOrder)
                  0000aa28    00000034     nwk_ioctl.obj (.text:nwk_deviceAddress)
                  0000aa5c    00000032     mrfi.obj (.text:MRFI_SetLogicalChannel)
                  0000aa8e    00000032     nv_obj.obj (.text:nv_obj_write_lnk_id)
                  0000aac0    00000032     nwk.obj (.text:nwk_getConnInfo)
                  0000aaf2    00000032     nwk_link.obj (.text:nwk_linkInit)
                  0000ab24    00000030     mrfi.obj (.text:Mrfi_DelayUsecSem)
                  0000ab54    00000030     nwk.obj (.text:map_lid2idx)
                  0000ab84    00000030     nwk_ping.obj (.text:nwk_processPing)
                  0000abb4    00000030     nwk_ioctl.obj (.text:nwk_rawReceive)
                  0000abe4    00000030     nwk_frame.obj (.text:nwk_sendFrame)
                  0000ac14    0000002e     mrfi.obj (.text:Mrfi_CalculateRssi)
                  0000ac42    0000002e     nwk_link.obj (.text:nwk_processLink)
                  0000ac70    0000002c     mrfi.obj (.text:Mrfi_RxModeOff)
                  0000ac9c    0000002c     nv_obj.obj (.text:nv_obj_read_nwk_cfg)
                  0000acc8    0000002c     nwk_frame.obj (.text:nwk_buildAckReqFrame)
                  0000acf4    0000002c     nwk.obj (.text:nwk_checkAppMsgTID)
                  0000ad20    0000002c     rts430.lib : div16s.obj (.text)
                  0000ad4c    0000002a     mrfi.obj (.text:Mrfi_DelayUsec)
                  0000ad76    0000002a     nwk.obj (.text:nwk_NVObj)
                  0000ada0    0000002a     nwk.obj (.text:nwk_checkConnInfo)
                  0000adca    00000028     virtual_com_cmds.obj (.text:COM_Init)
                  0000adf2    00000028     nwk_globals.obj (.text:nwk_getAPAddress)
                  0000ae1a    00000026     mrfi.obj (.text:Mrfi_RandomBackoffDelay)
                  0000ae40    00000026     nwk_ioctl.obj (.text:nwk_connectionControl)
                  0000ae66    00000026     nwk_frame.obj (.text:nwk_frameInit)
                  0000ae8c    00000026     nwk_globals.obj (.text:nwk_globalsInit)
                  0000aeb2    00000026     rts430.lib : mult32.obj (.text)
                  0000aed8    00000024     mrfi.obj (.text:MRFI_Sleep)
                  0000aefc    00000022     mrfi.obj (.text:MRFI_RxOn)
                  0000af1e    00000022     rts430.lib : memcmp.obj (.text:memcmp)
                  0000af40    00000020     bsp.obj (.text:BSP_Init)
                  0000af60    00000020     bsp.obj (.text:BSP_InitBoard)
                  0000af80    00000020     nwk_frame.obj (.text:MRFI_RxCompleteISR)
                  0000afa0    00000020     mrfi.obj (.text:MRFI_RxIdle)
                  0000afc0    00000020     rts430.lib : memmov.obj (.text:memmove)
                  0000afe0    0000001e     bsp.obj (.text:BSP_Delay)
                  0000affe    0000001e     mrfi.obj (.text:mrfiSpiReadReg)
                  0000b01c    0000001e     nwk_QMgmt.obj (.text:nwk_QInit)
                  0000b03a    0000001c     mrfi.obj (.text:MRFI_GpioIsr)
                  0000b056    0000001c     virtual_com_cmds.obj (.text:TXString)
                  0000b072    0000001c     nwk_freq.obj (.text:nwk_setChannel)
                  0000b08e    0000001c     nwk_globals.obj (.text:nwk_setMyAddress)
                  0000b0aa    0000001c     main_AP.obj (.text:sCB)
                  0000b0c6    0000001a     mrfi.obj (.text:BSP_GpioPort1Isr)
                  0000b0e0    0000001a     rts430.lib : boot_special.obj (.text:_c_int00_noargs_noexit)
                  0000b0fa    0000001a     main_AP.obj (.text:bothLEDs_off)
                  0000b114    0000001a     main_AP.obj (.text:bothLEDs_on)
                  0000b12e    0000001a     mrfi.obj (.text:mrfiSpiWriteReg)
                  0000b148    00000018     mrfi.obj (.text:MRFI_DelayMs)
                  0000b160    00000018     nwk_join.obj (.text:handleJoinRequest)
                  0000b178    00000018     nwk_mgmt.obj (.text:nwk_mgmtInit)
                  0000b190    00000016     mrfi.obj (.text:MRFI_RandomByte)
                  0000b1a6    00000016     mrfi.obj (.text:Mrfi_RxModeOn)
                  0000b1bc    00000016     nwk_freq.obj (.text:nwk_freqInit)
                  0000b1d2    00000016     rts430.lib : div16u.obj (.text)
                  0000b1e8    00000014     nwk_api.obj (.text:ioctlPreInitAccessIsOK)
                  0000b1fc    00000014     rts430.lib : memset.obj (.text:memset)
                  0000b210    00000014     nwk_ioctl.obj (.text:nwk_joinContext)
                  0000b224    00000014     rts430.lib : mult16.obj (.text)
                  0000b238    00000014     main_AP.obj (.text:toggleLED)
                  0000b24c    00000012     bsp.obj (.text:BSP_InitLeds)
                  0000b25e    00000012     nwk_freq.obj (.text:handle_freq_cmd)
                  0000b270    00000012     rts430.lib : memcpy.obj (.text:memcpy)
                  0000b282    00000012     nv_obj.obj (.text:nv_obj_read_lnk_id)
                  0000b294    00000012     nwk_join.obj (.text:nwk_getJoinToken)
                  0000b2a6    00000012     nwk_link.obj (.text:nwk_getLinkToken)
                  0000b2b8    00000012     nwk_globals.obj (.text:nwk_getMyAddress)
                  0000b2ca    00000012     nwk_join.obj (.text:nwk_setJoinToken)
                  0000b2dc    00000012     nwk_link.obj (.text:nwk_setLinkToken)
                  0000b2ee    00000010     rts430.lib : asr32.obj (.text:l_asr)
                  0000b2fe    00000010     nwk_QMgmt.obj (.text:nwk_getQ)
                  0000b30e    00000010     rts430.lib : epilog.obj (.text)
                  0000b31e    0000000e     mrfi.obj (.text:MRFI_Receive)
                  0000b32c    0000000e     mrfi.obj (.text:mrfiSpiWriteTxFifo)
                  0000b33a    0000000e     nwk.obj (.text:nwk_getNumObjectFromMsg)
                  0000b348    0000000e     nwk_join.obj (.text:nwk_setJoinContext)
                  0000b356    0000000e     nwk_link.obj (.text:nwk_setListenContext)
                  0000b364    0000000c     mrfi.obj (.text:MRFI_PostKillSem)
                  0000b370    0000000c     nwk_ping.obj (.text:handlePingRequest)
                  0000b37c    0000000c     mrfi.obj (.text:mrfiSpiReadRxFifo)
                  0000b388    0000000c     nwk_mgmt.obj (.text:smpl_send_mgmt_reply)
                  0000b394    0000000a     bsp.obj (.text:BSP_InitButtons)
                  0000b39e    0000000a     bsp.obj (.text:BSP_InitDrivers)
                  0000b3a8    0000000a     bsp.obj (.text:_system_pre_init)
                  0000b3b2    0000000a     nwk_join.obj (.text:generateLinkToken)
                  0000b3bc    0000000a     nwk_ping.obj (.text:nwk_pingInit)
                  0000b3c6    0000000a     main_AP.obj (.text:toggle_bothLEDs)
                  0000b3d0    00000008     main_AP.obj (.text:ADC10_ISR)
                  0000b3d8    00000008     nwk_api.obj (.text:SMPL_Send)
                  0000b3e0    00000008     nv_obj.obj (.text:nv_obj_init)
                  0000b3e8    00000008     nwk_freq.obj (.text:nwk_getChannel)
                  0000b3f0    00000008     nwk_mgmt.obj (.text:nwk_resetSFMarker)
                  0000b3f8    00000006     mrfi.obj (.text:MRFI_GetRadioState)
                  0000b3fe    00000006     main_AP.obj (.text:Timer_A)
                  0000b404    00000006     rts430.lib : isr_trap.obj (.text:_isr:__TI_ISR_TRAP)
                  0000b40a    00000006     nwk.obj (.text:nwk_freeConnection)
                  0000b410    00000006     nwk_globals.obj (.text:nwk_getBCastAddress)
                  0000b416    00000006     nwk_globals.obj (.text:nwk_getFWVersion)
                  0000b41c    00000006     nwk_frame.obj (.text:nwk_getMyRxType)
                  0000b422    00000006     nwk_globals.obj (.text:nwk_getProtocolVersion)
                  0000b428    00000006     nwk.obj (.text:nwk_getSFInfoPtr)
                  0000b42e    00000004     rts430.lib : exit.obj (.text:abort)
                  0000b432    00000004     nwk_join.obj (.text:nwk_join)
                  0000b436    00000004     nwk_security.obj (.text:nwk_processSecurity)
                  0000b43a    00000002     nwk_security.obj (.text:nwk_securityInit)

.const     0    0000b43c    0000027f     
                  0000b43c    0000018a     main_AP.obj (.const:.string:splash)
                  0000b5c6    0000003c     mrfi.obj (.const:mrfiRadioCfg)
                  0000b602    0000003a     virtual_com_cmds.obj (.const:.string:$P$T1$2)
                  0000b63c    00000024     main_AP.obj (.const:.string)
                  0000b660    0000001a     virtual_com_cmds.obj (.const:.string:$P$T2$3)
                  0000b67a    00000018     virtual_com_cmds.obj (.const:.string)
                  0000b692    0000000c     nwk_frame.obj (.const:func)
                  0000b69e    00000009     nwk_globals.obj (.const)
                  0000b6a7    00000001     --HOLE-- [fill = 0]
                  0000b6a8    00000007     virtual_com_cmds.obj (.const:.string:$P$T0$1)
                  0000b6af    00000001     --HOLE-- [fill = 0]
                  0000b6b0    00000004     mrfi.obj (.const:.string:mrfiBroadcastAddr)
                  0000b6b4    00000004     mrfi.obj (.const:.string:mrfiLogicalChanTable)
                  0000b6b8    00000003     mrfi.obj (.const:.string:mrfiRFPowerTable)

.cinit     0    0000b6bc    000001a0     
                  0000b6bc    0000007a     main_AP.obj (.cinit)
                  0000b736    0000006b     virtual_com_cmds.obj (.cinit)
                  0000b7a1    00000001     --HOLE-- [fill = 0]
                  0000b7a2    0000002f     mrfi.obj (.cinit)
                  0000b7d1    00000001     --HOLE-- [fill = 0]
                  0000b7d2    0000001f     nwk_join.obj (.cinit)
                  0000b7f1    00000001     --HOLE-- [fill = 0]
                  0000b7f2    0000001e     nwk_frame.obj (.cinit)
                  0000b810    00000019     nwk_link.obj (.cinit)
                  0000b829    00000001     --HOLE-- [fill = 0]
                  0000b82a    0000000b     nwk_mgmt.obj (.cinit)
                  0000b835    00000001     --HOLE-- [fill = 0]
                  0000b836    00000005     bsp.obj (.cinit)
                  0000b83b    00000001     --HOLE-- [fill = 0]
                  0000b83c    00000005     nwk.obj (.cinit)
                  0000b841    00000001     --HOLE-- [fill = 0]
                  0000b842    00000005     nwk_api.obj (.cinit)
                  0000b847    00000001     --HOLE-- [fill = 0]
                  0000b848    00000005     nwk_freq.obj (.cinit)
                  0000b84d    00000001     --HOLE-- [fill = 0]
                  0000b84e    00000005     nwk_globals.obj (.cinit)
                  0000b853    00000001     --HOLE-- [fill = 0]
                  0000b854    00000005     nwk_ping.obj (.cinit)
                  0000b859    00000001     --HOLE-- [fill = 0]
                  0000b85a    00000002     (.pad.cinit) [fill = 0]

.pinit     0    00008000    00000000     UNINITIALIZED

.int00     0    0000ffe0    00000002     
                  0000ffe0    00000002     rts430.lib : int00.obj (.int00)

.int01     0    0000ffe2    00000002     
                  0000ffe2    00000002     rts430.lib : int01.obj (.int01)

.int02     0    0000ffe4    00000002     
                  0000ffe4    00000002     rts430.lib : int02.obj (.int02)

.int03     0    0000ffe6    00000002     
                  0000ffe6    00000002     mrfi.obj (.int03)

.int04     0    0000ffe8    00000002     
                  0000ffe8    00000002     rts430.lib : int04.obj (.int04)

.int05     0    0000ffea    00000002     
                  0000ffea    00000002     main_AP.obj (.int05)

.int06     0    0000ffec    00000002     
                  0000ffec    00000002     rts430.lib : int06.obj (.int06)

.int07     0    0000ffee    00000002     
                  0000ffee    00000002     virtual_com_cmds.obj (.int07)

.int08     0    0000fff0    00000002     
                  0000fff0    00000002     rts430.lib : int08.obj (.int08)

.int09     0    0000fff2    00000002     
                  0000fff2    00000002     main_AP.obj (.int09)

.int10     0    0000fff4    00000002     
                  0000fff4    00000002     rts430.lib : int10.obj (.int10)

.int11     0    0000fff6    00000002     
                  0000fff6    00000002     rts430.lib : int11.obj (.int11)

.int12     0    0000fff8    00000002     
                  0000fff8    00000002     rts430.lib : int12.obj (.int12)

.int13     0    0000fffa    00000002     
                  0000fffa    00000002     rts430.lib : int13.obj (.int13)

.int14     0    0000fffc    00000002     
                  0000fffc    00000002     rts430.lib : int14.obj (.int14)

.reset     0    0000fffe    00000002     
                  0000fffe    00000002     rts430.lib : boot.obj (.reset)


GLOBAL SYMBOLS: SORTED ALPHABETICALLY BY Name 

address   name                      
-------   ----                      
00000200  .bss                      
00008000  .text                     
0000004a  ADC10AE0                  
0000004b  ADC10AE1                  
000001b0  ADC10CTL0                 
000001b2  ADC10CTL1                 
00000048  ADC10DTC0                 
00000049  ADC10DTC1                 
000001b4  ADC10MEM                  
000001bc  ADC10SA                   
0000b3d0  ADC10_ISR                 
00000057  BCSCTL1                   
00000058  BCSCTL2                   
00000053  BCSCTL3                   
0000afe0  BSP_Delay                 
0000b0c6  BSP_GpioPort1Isr          
0000af40  BSP_Init                  
0000af60  BSP_InitBoard             
0000b394  BSP_InitButtons           
0000b39e  BSP_InitDrivers           
0000b24c  BSP_InitLeds              
0000b42e  C$$EXIT                   
000010fb  CALBC1_12MHZ              
000010f9  CALBC1_16MHZ              
000010ff  CALBC1_1MHZ               
000010fd  CALBC1_8MHZ               
000010fa  CALDCO_12MHZ              
000010f8  CALDCO_16MHZ              
000010fe  CALDCO_1MHZ               
000010fc  CALDCO_8MHZ               
0000adca  COM_Init                  
00000056  DCOCTL                    
000002ad  Device                    
00000128  FCTL1                     
0000012a  FCTL2                     
0000012c  FCTL3                     
00000000  IE1                       
00000001  IE2                       
00000002  IFG1                      
00000003  IFG2                      
0000a310  I_LSR                     
0000a356  I_LSR_1                   
0000a332  I_LSR_10                  
0000a32e  I_LSR_11                  
0000a32a  I_LSR_12                  
0000a326  I_LSR_13                  
0000a322  I_LSR_14                  
0000a31e  I_LSR_15                  
0000a352  I_LSR_2                   
0000a34e  I_LSR_3                   
0000a34a  I_LSR_4                   
0000a346  I_LSR_5                   
0000a342  I_LSR_6                   
0000a33e  I_LSR_7                   
0000a33a  I_LSR_8                   
0000a336  I_LSR_9                   
000002ac  LED_RED                   
0000b2ee  L_ASR                     
0000b148  MRFI_DelayMs              
0000b3f8  MRFI_GetRadioState        
0000b03a  MRFI_GpioIsr              
0000845e  MRFI_Init                 
0000b364  MRFI_PostKillSem          
0000b190  MRFI_RandomByte           
0000b31e  MRFI_Receive              
0000a712  MRFI_ReplyDelay           
0000a550  MRFI_Rssi                 
0000a4c4  MRFI_RxAddrIsFiltered     
0000af80  MRFI_RxCompleteISR        
0000afa0  MRFI_RxIdle               
0000aefc  MRFI_RxOn                 
0000aa5c  MRFI_SetLogicalChannel    
0000a98c  MRFI_SetRFPwr             
0000aed8  MRFI_Sleep                
0000915e  MRFI_Transmit             
0000a1cc  MRFI_WakeUp               
000000c0  OA0CTL0                   
000000c1  OA0CTL1                   
000000c2  OA1CTL0                   
000000c3  OA1CTL1                   
00000022  P1DIR                     
00000025  P1IE                      
00000024  P1IES                     
00000023  P1IFG                     
00000020  P1IN                      
00000021  P1OUT                     
00000027  P1REN                     
00000026  P1SEL                     
0000002a  P2DIR                     
0000002d  P2IE                      
0000002c  P2IES                     
0000002b  P2IFG                     
00000028  P2IN                      
00000029  P2OUT                     
0000002f  P2REN                     
0000002e  P2SEL                     
0000001a  P3DIR                     
00000018  P3IN                      
00000019  P3OUT                     
00000010  P3REN                     
0000001b  P3SEL                     
0000001e  P4DIR                     
0000001c  P4IN                      
0000001d  P4OUT                     
00000011  P4REN                     
0000001f  P4SEL                     
0000a78a  SMPL_Init                 
00008a8a  SMPL_Ioctl                
00009e2a  SMPL_LinkListen           
0000b3d8  SMPL_Send                 
00008cfe  SMPL_SendOpt              
00000172  TACCR0                    
00000174  TACCR1                    
00000176  TACCR2                    
00000162  TACCTL0                   
00000164  TACCTL1                   
00000166  TACCTL2                   
00000160  TACTL                     
0000012e  TAIV                      
00000170  TAR                       
00000192  TBCCR0                    
00000194  TBCCR1                    
00000196  TBCCR2                    
00000182  TBCCTL0                   
00000184  TBCCTL1                   
00000186  TBCCTL2                   
00000180  TBCTL                     
0000011e  TBIV                      
00000190  TBR                       
000095d2  TI_getRandomIntegerFromADC
000095fa  TI_getRandomIntegerFromVLO
0000b056  TXString                  
0000b3fe  Timer_A                   
0000005d  UCA0ABCTL                 
00000062  UCA0BR0                   
00000063  UCA0BR1                   
00000060  UCA0CTL0                  
00000061  UCA0CTL1                  
0000005f  UCA0IRRCTL                
0000005e  UCA0IRTCTL                
00000064  UCA0MCTL                  
00000066  UCA0RXBUF                 
00000065  UCA0STAT                  
00000067  UCA0TXBUF                 
0000006a  UCB0BR0                   
0000006b  UCB0BR1                   
00000068  UCB0CTL0                  
00000069  UCB0CTL1                  
0000006c  UCB0I2CIE                 
00000118  UCB0I2COA                 
0000011a  UCB0I2CSA                 
0000006e  UCB0RXBUF                 
0000006d  UCB0STAT                  
0000006f  UCB0TXBUF                 
00009260  USCI0RX_ISR               
00000120  WDTCTL                    
00000600  __STACK_END               
00000050  __STACK_SIZE              
0000b404  __TI_ISR_TRAP             
0000ffe0  __TI_int00                
0000ffe2  __TI_int01                
0000ffe4  __TI_int02                
0000ffe6  __TI_int03                
0000ffe8  __TI_int04                
0000ffea  __TI_int05                
0000ffec  __TI_int06                
0000ffee  __TI_int07                
0000fff0  __TI_int08                
0000fff2  __TI_int09                
0000fff4  __TI_int10                
0000fff6  __TI_int11                
0000fff8  __TI_int12                
0000fffa  __TI_int13                
0000fffc  __TI_int14                
ffffffff  __binit__                 
00000200  __bss__                   
ffffffff  __c_args__                
0000b6bc  __cinit__                 
0000ad20  __divi                    
0000a656  __divli                   
0000b1d2  __divu                    
0000a11e  __divul                   
00000567  __end__                   
0000b43c  __etext__                 
00008bd4  __fs_add                  
0000a956  __fs_itof                 
00009510  __fs_mpy                  
00008bce  __fs_sub                  
00009ff0  __fs_toi                  
0000b224  __mpyi                    
0000b224  __mpyi_sw                 
0000aeb2  __mpyl                    
0000aeb2  __mpyl_sw                 
ffffffff  __pinit__                 
0000ad20  __remi                    
0000a656  __remli                   
0000b1d2  __remu                    
0000a11e  __remul                   
00008000  __text__                  
0000a35c  _auto_init                
0000b0e0  _c_int00_noargs_noexit    
0000fffe  _reset_vector             
000005b0  _stack                    
0000b3a8  _system_pre_init          
000002ae  a                         
0000b42e  abort                     
ffffffff  binit                     
0000b0fa  bothLEDs_off              
0000b114  bothLEDs_on               
0000b6bc  cinit                     
000004ce  cmd                       
000004e4  cmd_table                 
00000567  end                       
0000b43c  etext                     
0000b31a  func_epilog_1             
0000b318  func_epilog_2             
0000b316  func_epilog_3             
0000b314  func_epilog_4             
0000b312  func_epilog_5             
0000b310  func_epilog_6             
0000b30e  func_epilog_7             
000002ce  index                     
000004ec  io_command                
000097ea  isDupSandFFrame           
00008000  main                      
0000af1e  memcmp                    
0000b270  memcpy                    
0000afc0  memmove                   
0000b1fc  memset                    
0000b6b0  mrfiBroadcastAddr         
0000a3a4  mrfiSpiCmdStrobe          
0000a9c0  mrfiSpiInit               
0000affe  mrfiSpiReadReg            
0000b37c  mrfiSpiReadRxFifo         
0000b12e  mrfiSpiWriteReg           
0000b32c  mrfiSpiWriteTxFifo        
000002cf  num_con                   
0000a920  nv_obj_erase_flash        
0000b3e0  nv_obj_init               
0000b282  nv_obj_read_lnk_id        
0000ac9c  nv_obj_read_nwk_cfg       
0000aa8e  nv_obj_write_lnk_id       
00009afa  nv_obj_write_nwk_cfg      
0000ad76  nwk_NVObj                 
0000b01c  nwk_QInit                 
0000a9f4  nwk_QadjustOrder          
000087ca  nwk_QfindOldest           
00009c20  nwk_QfindSlot             
0000973e  nwk_SendEmptyPollRspFrame 
0000935c  nwk_allocateLocalRxPort   
0000acc8  nwk_buildAckReqFrame      
0000988a  nwk_buildFrame            
00000200  nwk_cfg_flash             
00000202  nwk_cfg_ram               
0000acf4  nwk_checkAppMsgTID        
0000ada0  nwk_checkConnInfo         
0000ae40  nwk_connectionControl     
0000aa28  nwk_deviceAddress         
0000a3ec  nwk_findAlreadyJoined     
0000a2c4  nwk_findPeer              
0000ae66  nwk_frameInit             
0000b40a  nwk_freeConnection        
0000a5d6  nwk_freqControl           
0000b1bc  nwk_freqInit              
0000adf2  nwk_getAPAddress          
0000b410  nwk_getBCastAddress       
0000b3e8  nwk_getChannel            
0000aac0  nwk_getConnInfo           
0000b416  nwk_getFWVersion          
0000b294  nwk_getJoinToken          
0000b2a6  nwk_getLinkToken          
0000a7fe  nwk_getLocalLinkID        
0000b2b8  nwk_getMyAddress          
0000b41c  nwk_getMyRxType           
0000a274  nwk_getNextConnection     
0000b33a  nwk_getNumObjectFromMsg   
0000b422  nwk_getProtocolVersion    
0000b2fe  nwk_getQ                  
0000b428  nwk_getSFInfoPtr          
00009dae  nwk_getSandFFrame         
0000ae8c  nwk_globalsInit           
00009a60  nwk_isConnectionValid     
0000a434  nwk_isLinkDuplicate       
0000a616  nwk_isSandFClient         
0000a838  nwk_isValidReply          
0000b432  nwk_join                  
0000b210  nwk_joinContext           
0000a872  nwk_joinInit              
0000aaf2  nwk_linkInit              
0000b178  nwk_mgmtInit              
00009ca6  nwk_nwkInit               
0000b3bc  nwk_pingInit              
0000a8ac  nwk_processFreq           
0000a6d4  nwk_processJoin           
0000ac42  nwk_processLink           
0000a47c  nwk_processMgmt           
0000ab84  nwk_processPing           
0000b436  nwk_processSecurity       
0000a74e  nwk_putNumObjectIntoMsg   
00009928  nwk_radioControl          
0000abb4  nwk_rawReceive            
0000a220  nwk_rawSend               
0000a8e6  nwk_replayFrame           
0000b3f0  nwk_resetSFMarker         
0000968c  nwk_retrieveFrame         
00009f16  nwk_saveJoinedDevice      
00008f40  nwk_scanForChannels       
0000b43a  nwk_securityInit          
000099c4  nwk_sendAckReply          
0000abe4  nwk_sendFrame             
0000b072  nwk_setChannel            
0000b348  nwk_setJoinContext        
0000b2ca  nwk_setJoinToken          
0000b2dc  nwk_setLinkToken          
0000b356  nwk_setListenContext      
0000b08e  nwk_setMyAddress          
00008e26  perform_self_Measurement  
ffffffff  pinit                     
00009ea0  read_Values_from_Flash    
0000b43c  splash                    
000004d4  target                    
0000b238  toggleLED                 
0000b3c6  toggle_bothLEDs           
0000823e  transmitDataString        
000004da  value                     
00009f84  write_Values_to_Flash     


GLOBAL SYMBOLS: SORTED BY Symbol Address 

address   name                      
-------   ----                      
00000000  IE1                       
00000001  IE2                       
00000002  IFG1                      
00000003  IFG2                      
00000010  P3REN                     
00000011  P4REN                     
00000018  P3IN                      
00000019  P3OUT                     
0000001a  P3DIR                     
0000001b  P3SEL                     
0000001c  P4IN                      
0000001d  P4OUT                     
0000001e  P4DIR                     
0000001f  P4SEL                     
00000020  P1IN                      
00000021  P1OUT                     
00000022  P1DIR                     
00000023  P1IFG                     
00000024  P1IES                     
00000025  P1IE                      
00000026  P1SEL                     
00000027  P1REN                     
00000028  P2IN                      
00000029  P2OUT                     
0000002a  P2DIR                     
0000002b  P2IFG                     
0000002c  P2IES                     
0000002d  P2IE                      
0000002e  P2SEL                     
0000002f  P2REN                     
00000048  ADC10DTC0                 
00000049  ADC10DTC1                 
0000004a  ADC10AE0                  
0000004b  ADC10AE1                  
00000050  __STACK_SIZE              
00000053  BCSCTL3                   
00000056  DCOCTL                    
00000057  BCSCTL1                   
00000058  BCSCTL2                   
0000005d  UCA0ABCTL                 
0000005e  UCA0IRTCTL                
0000005f  UCA0IRRCTL                
00000060  UCA0CTL0                  
00000061  UCA0CTL1                  
00000062  UCA0BR0                   
00000063  UCA0BR1                   
00000064  UCA0MCTL                  
00000065  UCA0STAT                  
00000066  UCA0RXBUF                 
00000067  UCA0TXBUF                 
00000068  UCB0CTL0                  
00000069  UCB0CTL1                  
0000006a  UCB0BR0                   
0000006b  UCB0BR1                   
0000006c  UCB0I2CIE                 
0000006d  UCB0STAT                  
0000006e  UCB0RXBUF                 
0000006f  UCB0TXBUF                 
000000c0  OA0CTL0                   
000000c1  OA0CTL1                   
000000c2  OA1CTL0                   
000000c3  OA1CTL1                   
00000118  UCB0I2COA                 
0000011a  UCB0I2CSA                 
0000011e  TBIV                      
00000120  WDTCTL                    
00000128  FCTL1                     
0000012a  FCTL2                     
0000012c  FCTL3                     
0000012e  TAIV                      
00000160  TACTL                     
00000162  TACCTL0                   
00000164  TACCTL1                   
00000166  TACCTL2                   
00000170  TAR                       
00000172  TACCR0                    
00000174  TACCR1                    
00000176  TACCR2                    
00000180  TBCTL                     
00000182  TBCCTL0                   
00000184  TBCCTL1                   
00000186  TBCCTL2                   
00000190  TBR                       
00000192  TBCCR0                    
00000194  TBCCR1                    
00000196  TBCCR2                    
000001b0  ADC10CTL0                 
000001b2  ADC10CTL1                 
000001b4  ADC10MEM                  
000001bc  ADC10SA                   
00000200  .bss                      
00000200  __bss__                   
00000200  nwk_cfg_flash             
00000202  nwk_cfg_ram               
000002ac  LED_RED                   
000002ad  Device                    
000002ae  a                         
000002ce  index                     
000002cf  num_con                   
000004ce  cmd                       
000004d4  target                    
000004da  value                     
000004e4  cmd_table                 
000004ec  io_command                
00000567  __end__                   
00000567  end                       
000005b0  _stack                    
00000600  __STACK_END               
000010f8  CALDCO_16MHZ              
000010f9  CALBC1_16MHZ              
000010fa  CALDCO_12MHZ              
000010fb  CALBC1_12MHZ              
000010fc  CALDCO_8MHZ               
000010fd  CALBC1_8MHZ               
000010fe  CALDCO_1MHZ               
000010ff  CALBC1_1MHZ               
00008000  .text                     
00008000  __text__                  
00008000  main                      
0000823e  transmitDataString        
0000845e  MRFI_Init                 
000087ca  nwk_QfindOldest           
00008a8a  SMPL_Ioctl                
00008bce  __fs_sub                  
00008bd4  __fs_add                  
00008cfe  SMPL_SendOpt              
00008e26  perform_self_Measurement  
00008f40  nwk_scanForChannels       
0000915e  MRFI_Transmit             
00009260  USCI0RX_ISR               
0000935c  nwk_allocateLocalRxPort   
00009510  __fs_mpy                  
000095d2  TI_getRandomIntegerFromADC
000095fa  TI_getRandomIntegerFromVLO
0000968c  nwk_retrieveFrame         
0000973e  nwk_SendEmptyPollRspFrame 
000097ea  isDupSandFFrame           
0000988a  nwk_buildFrame            
00009928  nwk_radioControl          
000099c4  nwk_sendAckReply          
00009a60  nwk_isConnectionValid     
00009afa  nv_obj_write_nwk_cfg      
00009c20  nwk_QfindSlot             
00009ca6  nwk_nwkInit               
00009dae  nwk_getSandFFrame         
00009e2a  SMPL_LinkListen           
00009ea0  read_Values_from_Flash    
00009f16  nwk_saveJoinedDevice      
00009f84  write_Values_to_Flash     
00009ff0  __fs_toi                  
0000a11e  __divul                   
0000a11e  __remul                   
0000a1cc  MRFI_WakeUp               
0000a220  nwk_rawSend               
0000a274  nwk_getNextConnection     
0000a2c4  nwk_findPeer              
0000a310  I_LSR                     
0000a31e  I_LSR_15                  
0000a322  I_LSR_14                  
0000a326  I_LSR_13                  
0000a32a  I_LSR_12                  
0000a32e  I_LSR_11                  
0000a332  I_LSR_10                  
0000a336  I_LSR_9                   
0000a33a  I_LSR_8                   
0000a33e  I_LSR_7                   
0000a342  I_LSR_6                   
0000a346  I_LSR_5                   
0000a34a  I_LSR_4                   
0000a34e  I_LSR_3                   
0000a352  I_LSR_2                   
0000a356  I_LSR_1                   
0000a35c  _auto_init                
0000a3a4  mrfiSpiCmdStrobe          
0000a3ec  nwk_findAlreadyJoined     
0000a434  nwk_isLinkDuplicate       
0000a47c  nwk_processMgmt           
0000a4c4  MRFI_RxAddrIsFiltered     
0000a550  MRFI_Rssi                 
0000a5d6  nwk_freqControl           
0000a616  nwk_isSandFClient         
0000a656  __divli                   
0000a656  __remli                   
0000a6d4  nwk_processJoin           
0000a712  MRFI_ReplyDelay           
0000a74e  nwk_putNumObjectIntoMsg   
0000a78a  SMPL_Init                 
0000a7fe  nwk_getLocalLinkID        
0000a838  nwk_isValidReply          
0000a872  nwk_joinInit              
0000a8ac  nwk_processFreq           
0000a8e6  nwk_replayFrame           
0000a920  nv_obj_erase_flash        
0000a956  __fs_itof                 
0000a98c  MRFI_SetRFPwr             
0000a9c0  mrfiSpiInit               
0000a9f4  nwk_QadjustOrder          
0000aa28  nwk_deviceAddress         
0000aa5c  MRFI_SetLogicalChannel    
0000aa8e  nv_obj_write_lnk_id       
0000aac0  nwk_getConnInfo           
0000aaf2  nwk_linkInit              
0000ab84  nwk_processPing           
0000abb4  nwk_rawReceive            
0000abe4  nwk_sendFrame             
0000ac42  nwk_processLink           
0000ac9c  nv_obj_read_nwk_cfg       
0000acc8  nwk_buildAckReqFrame      
0000acf4  nwk_checkAppMsgTID        
0000ad20  __divi                    
0000ad20  __remi                    
0000ad76  nwk_NVObj                 
0000ada0  nwk_checkConnInfo         
0000adca  COM_Init                  
0000adf2  nwk_getAPAddress          
0000ae40  nwk_connectionControl     
0000ae66  nwk_frameInit             
0000ae8c  nwk_globalsInit           
0000aeb2  __mpyl                    
0000aeb2  __mpyl_sw                 
0000aed8  MRFI_Sleep                
0000aefc  MRFI_RxOn                 
0000af1e  memcmp                    
0000af40  BSP_Init                  
0000af60  BSP_InitBoard             
0000af80  MRFI_RxCompleteISR        
0000afa0  MRFI_RxIdle               
0000afc0  memmove                   
0000afe0  BSP_Delay                 
0000affe  mrfiSpiReadReg            
0000b01c  nwk_QInit                 
0000b03a  MRFI_GpioIsr              
0000b056  TXString                  
0000b072  nwk_setChannel            
0000b08e  nwk_setMyAddress          
0000b0c6  BSP_GpioPort1Isr          
0000b0e0  _c_int00_noargs_noexit    
0000b0fa  bothLEDs_off              
0000b114  bothLEDs_on               
0000b12e  mrfiSpiWriteReg           
0000b148  MRFI_DelayMs              
0000b178  nwk_mgmtInit              
0000b190  MRFI_RandomByte           
0000b1bc  nwk_freqInit              
0000b1d2  __divu                    
0000b1d2  __remu                    
0000b1fc  memset                    
0000b210  nwk_joinContext           
0000b224  __mpyi                    
0000b224  __mpyi_sw                 
0000b238  toggleLED                 
0000b24c  BSP_InitLeds              
0000b270  memcpy                    
0000b282  nv_obj_read_lnk_id        
0000b294  nwk_getJoinToken          
0000b2a6  nwk_getLinkToken          
0000b2b8  nwk_getMyAddress          
0000b2ca  nwk_setJoinToken          
0000b2dc  nwk_setLinkToken          
0000b2ee  L_ASR                     
0000b2fe  nwk_getQ                  
0000b30e  func_epilog_7             
0000b310  func_epilog_6             
0000b312  func_epilog_5             
0000b314  func_epilog_4             
0000b316  func_epilog_3             
0000b318  func_epilog_2             
0000b31a  func_epilog_1             
0000b31e  MRFI_Receive              
0000b32c  mrfiSpiWriteTxFifo        
0000b33a  nwk_getNumObjectFromMsg   
0000b348  nwk_setJoinContext        
0000b356  nwk_setListenContext      
0000b364  MRFI_PostKillSem          
0000b37c  mrfiSpiReadRxFifo         
0000b394  BSP_InitButtons           
0000b39e  BSP_InitDrivers           
0000b3a8  _system_pre_init          
0000b3bc  nwk_pingInit              
0000b3c6  toggle_bothLEDs           
0000b3d0  ADC10_ISR                 
0000b3d8  SMPL_Send                 
0000b3e0  nv_obj_init               
0000b3e8  nwk_getChannel            
0000b3f0  nwk_resetSFMarker         
0000b3f8  MRFI_GetRadioState        
0000b3fe  Timer_A                   
0000b404  __TI_ISR_TRAP             
0000b40a  nwk_freeConnection        
0000b410  nwk_getBCastAddress       
0000b416  nwk_getFWVersion          
0000b41c  nwk_getMyRxType           
0000b422  nwk_getProtocolVersion    
0000b428  nwk_getSFInfoPtr          
0000b42e  C$$EXIT                   
0000b42e  abort                     
0000b432  nwk_join                  
0000b436  nwk_processSecurity       
0000b43a  nwk_securityInit          
0000b43c  __etext__                 
0000b43c  etext                     
0000b43c  splash                    
0000b6b0  mrfiBroadcastAddr         
0000b6bc  __cinit__                 
0000b6bc  cinit                     
0000ffe0  __TI_int00                
0000ffe2  __TI_int01                
0000ffe4  __TI_int02                
0000ffe6  __TI_int03                
0000ffe8  __TI_int04                
0000ffea  __TI_int05                
0000ffec  __TI_int06                
0000ffee  __TI_int07                
0000fff0  __TI_int08                
0000fff2  __TI_int09                
0000fff4  __TI_int10                
0000fff6  __TI_int11                
0000fff8  __TI_int12                
0000fffa  __TI_int13                
0000fffc  __TI_int14                
0000fffe  _reset_vector             
ffffffff  __binit__                 
ffffffff  __c_args__                
ffffffff  __pinit__                 
ffffffff  binit                     
ffffffff  pinit                     

[326 symbols]
