<?xml version="1.0"?>
<link_info>
   <banner>MSP430 Linker PC v4.4.7</banner>
   <copyright>Copyright (c) 2003-2015 Texas Instruments Incorporated</copyright>
   <link_time>0x58bf2676</link_time>
   <link_errors>0x0</link_errors>
   <output_file>WirelessProgrammableCap.out</output_file>
   <entry_point>
      <name>_c_int00_noargs_noexit</name>
      <address>0xb0e0</address>
   </entry_point>
   <input_file_list>
      <input_file id="fl-2">
         <path>.\Components\simpliciti\nwk_applications\</path>
         <kind>object</kind>
         <file>nwk_freq.obj</file>
         <name>nwk_freq.obj</name>
      </input_file>
      <input_file id="fl-3">
         <path>.\Components\simpliciti\nwk_applications\</path>
         <kind>object</kind>
         <file>nwk_ioctl.obj</file>
         <name>nwk_ioctl.obj</name>
      </input_file>
      <input_file id="fl-4">
         <path>.\Components\simpliciti\nwk_applications\</path>
         <kind>object</kind>
         <file>nwk_join.obj</file>
         <name>nwk_join.obj</name>
      </input_file>
      <input_file id="fl-5">
         <path>.\Components\simpliciti\nwk_applications\</path>
         <kind>object</kind>
         <file>nwk_link.obj</file>
         <name>nwk_link.obj</name>
      </input_file>
      <input_file id="fl-6">
         <path>.\Components\simpliciti\nwk_applications\</path>
         <kind>object</kind>
         <file>nwk_mgmt.obj</file>
         <name>nwk_mgmt.obj</name>
      </input_file>
      <input_file id="fl-7">
         <path>.\Components\simpliciti\nwk_applications\</path>
         <kind>object</kind>
         <file>nwk_ping.obj</file>
         <name>nwk_ping.obj</name>
      </input_file>
      <input_file id="fl-8">
         <path>.\Components\simpliciti\nwk_applications\</path>
         <kind>object</kind>
         <file>nwk_security.obj</file>
         <name>nwk_security.obj</name>
      </input_file>
      <input_file id="fl-9">
         <path>.\Components\simpliciti\nwk\</path>
         <kind>object</kind>
         <file>nwk.obj</file>
         <name>nwk.obj</name>
      </input_file>
      <input_file id="fl-a">
         <path>.\Components\simpliciti\nwk\</path>
         <kind>object</kind>
         <file>nwk_QMgmt.obj</file>
         <name>nwk_QMgmt.obj</name>
      </input_file>
      <input_file id="fl-b">
         <path>.\Components\simpliciti\nwk\</path>
         <kind>object</kind>
         <file>nwk_api.obj</file>
         <name>nwk_api.obj</name>
      </input_file>
      <input_file id="fl-c">
         <path>.\Components\simpliciti\nwk\</path>
         <kind>object</kind>
         <file>nwk_frame.obj</file>
         <name>nwk_frame.obj</name>
      </input_file>
      <input_file id="fl-d">
         <path>.\Components\simpliciti\nwk\</path>
         <kind>object</kind>
         <file>nwk_globals.obj</file>
         <name>nwk_globals.obj</name>
      </input_file>
      <input_file id="fl-e">
         <path>.\Components\mrfi\</path>
         <kind>object</kind>
         <file>mrfi.obj</file>
         <name>mrfi.obj</name>
      </input_file>
      <input_file id="fl-f">
         <path>.\Components\bsp\</path>
         <kind>object</kind>
         <file>bsp.obj</file>
         <name>bsp.obj</name>
      </input_file>
      <input_file id="fl-10">
         <path>.\Applications\</path>
         <kind>object</kind>
         <file>main_AP.obj</file>
         <name>main_AP.obj</name>
      </input_file>
      <input_file id="fl-11">
         <path>.\Applications\</path>
         <kind>object</kind>
         <file>nv_obj.obj</file>
         <name>nv_obj.obj</name>
      </input_file>
      <input_file id="fl-12">
         <path>.\Applications\</path>
         <kind>object</kind>
         <file>virtual_com_cmds.obj</file>
         <name>virtual_com_cmds.obj</name>
      </input_file>
      <input_file id="fl-13">
         <path>.\Applications\</path>
         <kind>object</kind>
         <file>vlo_rand.obj</file>
         <name>vlo_rand.obj</name>
      </input_file>
      <input_file id="fl-19">
         <path>C:\ti\ccsv6\tools\compiler\ti-cgt-msp430_4.4.7\lib\</path>
         <kind>archive</kind>
         <file>rts430.lib</file>
         <name>asr32.obj</name>
      </input_file>
      <input_file id="fl-1a">
         <path>C:\ti\ccsv6\tools\compiler\ti-cgt-msp430_4.4.7\lib\</path>
         <kind>archive</kind>
         <file>rts430.lib</file>
         <name>boot.obj</name>
      </input_file>
      <input_file id="fl-1b">
         <path>C:\ti\ccsv6\tools\compiler\ti-cgt-msp430_4.4.7\lib\</path>
         <kind>archive</kind>
         <file>rts430.lib</file>
         <name>boot_special.obj</name>
      </input_file>
      <input_file id="fl-1c">
         <path>C:\ti\ccsv6\tools\compiler\ti-cgt-msp430_4.4.7\lib\</path>
         <kind>archive</kind>
         <file>rts430.lib</file>
         <name>copy_decompress_none.obj</name>
      </input_file>
      <input_file id="fl-1d">
         <path>C:\ti\ccsv6\tools\compiler\ti-cgt-msp430_4.4.7\lib\</path>
         <kind>archive</kind>
         <file>rts430.lib</file>
         <name>copy_decompress_rle.obj</name>
      </input_file>
      <input_file id="fl-1e">
         <path>C:\ti\ccsv6\tools\compiler\ti-cgt-msp430_4.4.7\lib\</path>
         <kind>archive</kind>
         <file>rts430.lib</file>
         <name>copy_zero_init.obj</name>
      </input_file>
      <input_file id="fl-1f">
         <path>C:\ti\ccsv6\tools\compiler\ti-cgt-msp430_4.4.7\lib\</path>
         <kind>archive</kind>
         <file>rts430.lib</file>
         <name>div16s.obj</name>
      </input_file>
      <input_file id="fl-20">
         <path>C:\ti\ccsv6\tools\compiler\ti-cgt-msp430_4.4.7\lib\</path>
         <kind>archive</kind>
         <file>rts430.lib</file>
         <name>div16u.obj</name>
      </input_file>
      <input_file id="fl-21">
         <path>C:\ti\ccsv6\tools\compiler\ti-cgt-msp430_4.4.7\lib\</path>
         <kind>archive</kind>
         <file>rts430.lib</file>
         <name>div32s.obj</name>
      </input_file>
      <input_file id="fl-22">
         <path>C:\ti\ccsv6\tools\compiler\ti-cgt-msp430_4.4.7\lib\</path>
         <kind>archive</kind>
         <file>rts430.lib</file>
         <name>div32u.obj</name>
      </input_file>
      <input_file id="fl-23">
         <path>C:\ti\ccsv6\tools\compiler\ti-cgt-msp430_4.4.7\lib\</path>
         <kind>archive</kind>
         <file>rts430.lib</file>
         <name>epilog.obj</name>
      </input_file>
      <input_file id="fl-24">
         <path>C:\ti\ccsv6\tools\compiler\ti-cgt-msp430_4.4.7\lib\</path>
         <kind>archive</kind>
         <file>rts430.lib</file>
         <name>exit.obj</name>
      </input_file>
      <input_file id="fl-25">
         <path>C:\ti\ccsv6\tools\compiler\ti-cgt-msp430_4.4.7\lib\</path>
         <kind>archive</kind>
         <file>rts430.lib</file>
         <name>exit_gvars.obj</name>
      </input_file>
      <input_file id="fl-26">
         <path>C:\ti\ccsv6\tools\compiler\ti-cgt-msp430_4.4.7\lib\</path>
         <kind>archive</kind>
         <file>rts430.lib</file>
         <name>fs_add.obj</name>
      </input_file>
      <input_file id="fl-27">
         <path>C:\ti\ccsv6\tools\compiler\ti-cgt-msp430_4.4.7\lib\</path>
         <kind>archive</kind>
         <file>rts430.lib</file>
         <name>fs_itof.obj</name>
      </input_file>
      <input_file id="fl-28">
         <path>C:\ti\ccsv6\tools\compiler\ti-cgt-msp430_4.4.7\lib\</path>
         <kind>archive</kind>
         <file>rts430.lib</file>
         <name>fs_mpy.obj</name>
      </input_file>
      <input_file id="fl-29">
         <path>C:\ti\ccsv6\tools\compiler\ti-cgt-msp430_4.4.7\lib\</path>
         <kind>archive</kind>
         <file>rts430.lib</file>
         <name>fs_toi.obj</name>
      </input_file>
      <input_file id="fl-2a">
         <path>C:\ti\ccsv6\tools\compiler\ti-cgt-msp430_4.4.7\lib\</path>
         <kind>archive</kind>
         <file>rts430.lib</file>
         <name>int00.obj</name>
      </input_file>
      <input_file id="fl-2b">
         <path>C:\ti\ccsv6\tools\compiler\ti-cgt-msp430_4.4.7\lib\</path>
         <kind>archive</kind>
         <file>rts430.lib</file>
         <name>int01.obj</name>
      </input_file>
      <input_file id="fl-2c">
         <path>C:\ti\ccsv6\tools\compiler\ti-cgt-msp430_4.4.7\lib\</path>
         <kind>archive</kind>
         <file>rts430.lib</file>
         <name>int02.obj</name>
      </input_file>
      <input_file id="fl-2d">
         <path>C:\ti\ccsv6\tools\compiler\ti-cgt-msp430_4.4.7\lib\</path>
         <kind>archive</kind>
         <file>rts430.lib</file>
         <name>int04.obj</name>
      </input_file>
      <input_file id="fl-2e">
         <path>C:\ti\ccsv6\tools\compiler\ti-cgt-msp430_4.4.7\lib\</path>
         <kind>archive</kind>
         <file>rts430.lib</file>
         <name>int06.obj</name>
      </input_file>
      <input_file id="fl-2f">
         <path>C:\ti\ccsv6\tools\compiler\ti-cgt-msp430_4.4.7\lib\</path>
         <kind>archive</kind>
         <file>rts430.lib</file>
         <name>int08.obj</name>
      </input_file>
      <input_file id="fl-30">
         <path>C:\ti\ccsv6\tools\compiler\ti-cgt-msp430_4.4.7\lib\</path>
         <kind>archive</kind>
         <file>rts430.lib</file>
         <name>int10.obj</name>
      </input_file>
      <input_file id="fl-31">
         <path>C:\ti\ccsv6\tools\compiler\ti-cgt-msp430_4.4.7\lib\</path>
         <kind>archive</kind>
         <file>rts430.lib</file>
         <name>int11.obj</name>
      </input_file>
      <input_file id="fl-32">
         <path>C:\ti\ccsv6\tools\compiler\ti-cgt-msp430_4.4.7\lib\</path>
         <kind>archive</kind>
         <file>rts430.lib</file>
         <name>int12.obj</name>
      </input_file>
      <input_file id="fl-33">
         <path>C:\ti\ccsv6\tools\compiler\ti-cgt-msp430_4.4.7\lib\</path>
         <kind>archive</kind>
         <file>rts430.lib</file>
         <name>int13.obj</name>
      </input_file>
      <input_file id="fl-34">
         <path>C:\ti\ccsv6\tools\compiler\ti-cgt-msp430_4.4.7\lib\</path>
         <kind>archive</kind>
         <file>rts430.lib</file>
         <name>int14.obj</name>
      </input_file>
      <input_file id="fl-35">
         <path>C:\ti\ccsv6\tools\compiler\ti-cgt-msp430_4.4.7\lib\</path>
         <kind>archive</kind>
         <file>rts430.lib</file>
         <name>isr_trap.obj</name>
      </input_file>
      <input_file id="fl-36">
         <path>C:\ti\ccsv6\tools\compiler\ti-cgt-msp430_4.4.7\lib\</path>
         <kind>archive</kind>
         <file>rts430.lib</file>
         <name>lsr16.obj</name>
      </input_file>
      <input_file id="fl-37">
         <path>C:\ti\ccsv6\tools\compiler\ti-cgt-msp430_4.4.7\lib\</path>
         <kind>archive</kind>
         <file>rts430.lib</file>
         <name>memcmp.obj</name>
      </input_file>
      <input_file id="fl-38">
         <path>C:\ti\ccsv6\tools\compiler\ti-cgt-msp430_4.4.7\lib\</path>
         <kind>archive</kind>
         <file>rts430.lib</file>
         <name>memcpy.obj</name>
      </input_file>
      <input_file id="fl-39">
         <path>C:\ti\ccsv6\tools\compiler\ti-cgt-msp430_4.4.7\lib\</path>
         <kind>archive</kind>
         <file>rts430.lib</file>
         <name>memmov.obj</name>
      </input_file>
      <input_file id="fl-3a">
         <path>C:\ti\ccsv6\tools\compiler\ti-cgt-msp430_4.4.7\lib\</path>
         <kind>archive</kind>
         <file>rts430.lib</file>
         <name>memset.obj</name>
      </input_file>
      <input_file id="fl-3b">
         <path>C:\ti\ccsv6\tools\compiler\ti-cgt-msp430_4.4.7\lib\</path>
         <kind>archive</kind>
         <file>rts430.lib</file>
         <name>mpu_init.obj</name>
      </input_file>
      <input_file id="fl-3c">
         <path>C:\ti\ccsv6\tools\compiler\ti-cgt-msp430_4.4.7\lib\</path>
         <kind>archive</kind>
         <file>rts430.lib</file>
         <name>mult16.obj</name>
      </input_file>
      <input_file id="fl-3d">
         <path>C:\ti\ccsv6\tools\compiler\ti-cgt-msp430_4.4.7\lib\</path>
         <kind>archive</kind>
         <file>rts430.lib</file>
         <name>mult32.obj</name>
      </input_file>
      <input_file id="fl-3e">
         <path>C:\ti\ccsv6\tools\compiler\ti-cgt-msp430_4.4.7\lib\</path>
         <kind>archive</kind>
         <file>rts430.lib</file>
         <name>_lock.obj</name>
      </input_file>
      <input_file id="fl-3f">
         <path>C:\ti\ccsv6\tools\compiler\ti-cgt-msp430_4.4.7\lib\</path>
         <kind>archive</kind>
         <file>rts430.lib</file>
         <name>args_main.obj</name>
      </input_file>
      <input_file id="fl-40">
         <path>C:\ti\ccsv6\tools\compiler\ti-cgt-msp430_4.4.7\lib\</path>
         <kind>archive</kind>
         <file>rts430.lib</file>
         <name>autoinit.obj</name>
      </input_file>
   </input_file_list>
   <object_component_list>
      <object_component id="oc-3b">
         <name>.bss</name>
         <uninitialized>true</uninitialized>
         <run_address>0x563</run_address>
         <size>0x2</size>
         <input_file_ref idref="fl-2"/>
      </object_component>
      <object_component id="oc-47">
         <name>.bss</name>
         <uninitialized>true</uninitialized>
         <run_address>0x542</run_address>
         <size>0xb</size>
         <input_file_ref idref="fl-4"/>
      </object_component>
      <object_component id="oc-4e">
         <name>.bss</name>
         <uninitialized>true</uninitialized>
         <run_address>0x532</run_address>
         <size>0x10</size>
         <input_file_ref idref="fl-5"/>
      </object_component>
      <object_component id="oc-55">
         <name>.bss</name>
         <uninitialized>true</uninitialized>
         <run_address>0x55e</run_address>
         <size>0x5</size>
         <input_file_ref idref="fl-6"/>
      </object_component>
      <object_component id="oc-5c">
         <name>.bss</name>
         <uninitialized>true</uninitialized>
         <run_address>0x566</run_address>
         <size>0x1</size>
         <input_file_ref idref="fl-7"/>
      </object_component>
      <object_component id="oc-68">
         <name>.bss</name>
         <uninitialized>true</uninitialized>
         <run_address>0x446</run_address>
         <size>0x81</size>
         <input_file_ref idref="fl-9"/>
      </object_component>
      <object_component id="oc-6f">
         <name>.bss</name>
         <uninitialized>true</uninitialized>
         <run_address>0x326</run_address>
         <size>0x120</size>
         <input_file_ref idref="fl-a"/>
      </object_component>
      <object_component id="oc-75">
         <name>.bss</name>
         <uninitialized>true</uninitialized>
         <run_address>0x565</run_address>
         <size>0x1</size>
         <input_file_ref idref="fl-b"/>
      </object_component>
      <object_component id="oc-7c">
         <name>.bss</name>
         <uninitialized>true</uninitialized>
         <run_address>0x556</run_address>
         <size>0x8</size>
         <input_file_ref idref="fl-c"/>
      </object_component>
      <object_component id="oc-83">
         <name>.bss</name>
         <uninitialized>true</uninitialized>
         <run_address>0x54d</run_address>
         <size>0x9</size>
         <input_file_ref idref="fl-d"/>
      </object_component>
      <object_component id="oc-8b">
         <name>.bss</name>
         <uninitialized>true</uninitialized>
         <run_address>0x502</run_address>
         <size>0x30</size>
         <input_file_ref idref="fl-e"/>
      </object_component>
      <object_component id="oc-92">
         <name>.bss</name>
         <uninitialized>true</uninitialized>
         <run_address>0x4c7</run_address>
         <size>0x1</size>
         <input_file_ref idref="fl-f"/>
      </object_component>
      <object_component id="oc-99">
         <name>.bss</name>
         <uninitialized>true</uninitialized>
         <run_address>0x200</run_address>
         <size>0x126</size>
         <input_file_ref idref="fl-10"/>
      </object_component>
      <object_component id="oc-a6">
         <name>.bss</name>
         <uninitialized>true</uninitialized>
         <run_address>0x4c8</run_address>
         <size>0x3a</size>
         <input_file_ref idref="fl-12"/>
      </object_component>
      <object_component id="oc-b8">
         <name>.stack</name>
         <uninitialized>true</uninitialized>
         <run_address>0x5b0</run_address>
         <size>0x2</size>
         <input_file_ref idref="fl-1a"/>
      </object_component>
      <object_component id="oc-223">
         <name>.stack</name>
         <uninitialized>true</uninitialized>
         <run_address>0x5b0</run_address>
         <size>0x0</size>
      </object_component>
      <object_component id="oc-14a">
         <name>.text:main</name>
         <load_address>0x8000</load_address>
         <run_address>0x8000</run_address>
         <size>0x23e</size>
         <input_file_ref idref="fl-10"/>
      </object_component>
      <object_component id="oc-190">
         <name>.text:transmitDataString</name>
         <load_address>0x823e</load_address>
         <run_address>0x823e</run_address>
         <size>0x220</size>
         <input_file_ref idref="fl-12"/>
      </object_component>
      <object_component id="oc-170">
         <name>.text:MRFI_Init</name>
         <load_address>0x845e</load_address>
         <run_address>0x845e</run_address>
         <size>0x1c6</size>
         <input_file_ref idref="fl-e"/>
      </object_component>
      <object_component id="oc-1e7">
         <name>.text:smpl_send_link_reply</name>
         <load_address>0x8624</load_address>
         <run_address>0x8624</run_address>
         <size>0x1a6</size>
         <input_file_ref idref="fl-5"/>
      </object_component>
      <object_component id="oc-1cc">
         <name>.text:nwk_QfindOldest</name>
         <load_address>0x87ca</load_address>
         <run_address>0x87ca</run_address>
         <size>0x16c</size>
         <input_file_ref idref="fl-a"/>
      </object_component>
      <object_component id="oc-1c4">
         <name>.text:dispatchFrame</name>
         <load_address>0x8936</load_address>
         <run_address>0x8936</run_address>
         <size>0x154</size>
         <input_file_ref idref="fl-c"/>
      </object_component>
      <object_component id="oc-162">
         <name>.text:SMPL_Ioctl</name>
         <load_address>0x8a8a</load_address>
         <run_address>0x8a8a</run_address>
         <size>0x144</size>
         <input_file_ref idref="fl-b"/>
      </object_component>
      <object_component id="oc-f1">
         <name>.text</name>
         <load_address>0x8bce</load_address>
         <run_address>0x8bce</run_address>
         <size>0x130</size>
         <input_file_ref idref="fl-26"/>
      </object_component>
      <object_component id="oc-191">
         <name>.text:SMPL_SendOpt</name>
         <load_address>0x8cfe</load_address>
         <run_address>0x8cfe</run_address>
         <size>0x128</size>
         <input_file_ref idref="fl-b"/>
      </object_component>
      <object_component id="oc-16a">
         <name>.text:perform_self_Measurement</name>
         <load_address>0x8e26</load_address>
         <run_address>0x8e26</run_address>
         <size>0x11a</size>
         <input_file_ref idref="fl-10"/>
      </object_component>
      <object_component id="oc-1b5">
         <name>.text:nwk_scanForChannels</name>
         <load_address>0x8f40</load_address>
         <run_address>0x8f40</run_address>
         <size>0x112</size>
         <input_file_ref idref="fl-2"/>
      </object_component>
      <object_component id="oc-1e9">
         <name>.text:smpl_send_join_reply</name>
         <load_address>0x9052</load_address>
         <run_address>0x9052</run_address>
         <size>0x10c</size>
         <input_file_ref idref="fl-4"/>
      </object_component>
      <object_component id="oc-1cb">
         <name>.text:MRFI_Transmit</name>
         <load_address>0x915e</load_address>
         <run_address>0x915e</run_address>
         <size>0x102</size>
         <input_file_ref idref="fl-e"/>
      </object_component>
      <object_component id="oc-143">
         <name>.text:USCI0RX_ISR</name>
         <load_address>0x9260</load_address>
         <run_address>0x9260</run_address>
         <size>0xfc</size>
         <input_file_ref idref="fl-12"/>
      </object_component>
      <object_component id="oc-1f0">
         <name>.text:nwk_allocateLocalRxPort</name>
         <load_address>0x935c</load_address>
         <run_address>0x935c</run_address>
         <size>0xdc</size>
         <input_file_ref idref="fl-9"/>
      </object_component>
      <object_component id="oc-16c">
         <name>.text:Mrfi_SyncPinRxIsr</name>
         <load_address>0x9438</load_address>
         <run_address>0x9438</run_address>
         <size>0xd8</size>
         <input_file_ref idref="fl-e"/>
      </object_component>
      <object_component id="oc-fb">
         <name>.text</name>
         <load_address>0x9510</load_address>
         <run_address>0x9510</run_address>
         <size>0xc2</size>
         <input_file_ref idref="fl-28"/>
      </object_component>
      <object_component id="oc-ae">
         <name>.text</name>
         <load_address>0x95d2</load_address>
         <run_address>0x95d2</run_address>
         <size>0xba</size>
         <input_file_ref idref="fl-13"/>
      </object_component>
      <object_component id="oc-1b4">
         <name>.text:nwk_retrieveFrame</name>
         <load_address>0x968c</load_address>
         <run_address>0x968c</run_address>
         <size>0xb2</size>
         <input_file_ref idref="fl-c"/>
      </object_component>
      <object_component id="oc-1f8">
         <name>.text:nwk_SendEmptyPollRspFrame</name>
         <load_address>0x973e</load_address>
         <run_address>0x973e</run_address>
         <size>0xac</size>
         <input_file_ref idref="fl-c"/>
      </object_component>
      <object_component id="oc-1d3">
         <name>.text:isDupSandFFrame</name>
         <load_address>0x97ea</load_address>
         <run_address>0x97ea</run_address>
         <size>0xa0</size>
         <input_file_ref idref="fl-c"/>
      </object_component>
      <object_component id="oc-1b2">
         <name>.text:nwk_buildFrame</name>
         <load_address>0x988a</load_address>
         <run_address>0x988a</run_address>
         <size>0x9e</size>
         <input_file_ref idref="fl-c"/>
      </object_component>
      <object_component id="oc-181">
         <name>.text:nwk_radioControl</name>
         <load_address>0x9928</load_address>
         <run_address>0x9928</run_address>
         <size>0x9c</size>
         <input_file_ref idref="fl-3"/>
      </object_component>
      <object_component id="oc-1de">
         <name>.text:nwk_sendAckReply</name>
         <load_address>0x99c4</load_address>
         <run_address>0x99c4</run_address>
         <size>0x9c</size>
         <input_file_ref idref="fl-c"/>
      </object_component>
      <object_component id="oc-1d4">
         <name>.text:nwk_isConnectionValid</name>
         <load_address>0x9a60</load_address>
         <run_address>0x9a60</run_address>
         <size>0x9a</size>
         <input_file_ref idref="fl-9"/>
      </object_component>
      <object_component id="oc-188">
         <name>.text:nv_obj_write_nwk_cfg</name>
         <load_address>0x9afa</load_address>
         <run_address>0x9afa</run_address>
         <size>0x94</size>
         <input_file_ref idref="fl-11"/>
      </object_component>
      <object_component id="oc-1eb">
         <name>.text:send_poll_reply</name>
         <load_address>0x9b8e</load_address>
         <run_address>0x9b8e</run_address>
         <size>0x92</size>
         <input_file_ref idref="fl-6"/>
      </object_component>
      <object_component id="oc-1c2">
         <name>.text:nwk_QfindSlot</name>
         <load_address>0x9c20</load_address>
         <run_address>0x9c20</run_address>
         <size>0x86</size>
         <input_file_ref idref="fl-a"/>
      </object_component>
      <object_component id="oc-171">
         <name>.text:nwk_nwkInit</name>
         <load_address>0x9ca6</load_address>
         <run_address>0x9ca6</run_address>
         <size>0x86</size>
         <input_file_ref idref="fl-9"/>
      </object_component>
      <object_component id="oc-1c0">
         <name>.text:spiBurstFifoAccess</name>
         <load_address>0x9d2c</load_address>
         <run_address>0x9d2c</run_address>
         <size>0x82</size>
         <input_file_ref idref="fl-e"/>
      </object_component>
      <object_component id="oc-1f7">
         <name>.text:nwk_getSandFFrame</name>
         <load_address>0x9dae</load_address>
         <run_address>0x9dae</run_address>
         <size>0x7c</size>
         <input_file_ref idref="fl-c"/>
      </object_component>
      <object_component id="oc-169">
         <name>.text:SMPL_LinkListen</name>
         <load_address>0x9e2a</load_address>
         <run_address>0x9e2a</run_address>
         <size>0x76</size>
         <input_file_ref idref="fl-b"/>
      </object_component>
      <object_component id="oc-166">
         <name>.text:read_Values_from_Flash</name>
         <load_address>0x9ea0</load_address>
         <run_address>0x9ea0</run_address>
         <size>0x76</size>
         <input_file_ref idref="fl-10"/>
      </object_component>
      <object_component id="oc-1f4">
         <name>.text:nwk_saveJoinedDevice</name>
         <load_address>0x9f16</load_address>
         <run_address>0x9f16</run_address>
         <size>0x6e</size>
         <input_file_ref idref="fl-9"/>
      </object_component>
      <object_component id="oc-168">
         <name>.text:write_Values_to_Flash</name>
         <load_address>0x9f84</load_address>
         <run_address>0x9f84</run_address>
         <size>0x6c</size>
         <input_file_ref idref="fl-10"/>
      </object_component>
      <object_component id="oc-100">
         <name>.text</name>
         <load_address>0x9ff0</load_address>
         <run_address>0x9ff0</run_address>
         <size>0x68</size>
         <input_file_ref idref="fl-29"/>
      </object_component>
      <object_component id="oc-1e8">
         <name>.text:smpl_send_unlink_reply</name>
         <load_address>0xa058</load_address>
         <run_address>0xa058</run_address>
         <size>0x68</size>
         <input_file_ref idref="fl-5"/>
      </object_component>
      <object_component id="oc-1b7">
         <name>.text:broadcast_channel_change</name>
         <load_address>0xa0c0</load_address>
         <run_address>0xa0c0</run_address>
         <size>0x5e</size>
         <input_file_ref idref="fl-2"/>
      </object_component>
      <object_component id="oc-e1">
         <name>.text</name>
         <load_address>0xa11e</load_address>
         <run_address>0xa11e</run_address>
         <size>0x58</size>
         <input_file_ref idref="fl-22"/>
      </object_component>
      <object_component id="oc-1ea">
         <name>.text:send_ping_reply</name>
         <load_address>0xa176</load_address>
         <run_address>0xa176</run_address>
         <size>0x56</size>
         <input_file_ref idref="fl-2"/>
      </object_component>
      <object_component id="oc-172">
         <name>.text:MRFI_WakeUp</name>
         <load_address>0xa1cc</load_address>
         <run_address>0xa1cc</run_address>
         <size>0x54</size>
         <input_file_ref idref="fl-e"/>
      </object_component>
      <object_component id="oc-182">
         <name>.text:nwk_rawSend</name>
         <load_address>0xa220</load_address>
         <run_address>0xa220</run_address>
         <size>0x54</size>
         <input_file_ref idref="fl-3"/>
      </object_component>
      <object_component id="oc-1ef">
         <name>.text:nwk_getNextConnection</name>
         <load_address>0xa274</load_address>
         <run_address>0xa274</run_address>
         <size>0x50</size>
         <input_file_ref idref="fl-9"/>
      </object_component>
      <object_component id="oc-1f2">
         <name>.text:nwk_findPeer</name>
         <load_address>0xa2c4</load_address>
         <run_address>0xa2c4</run_address>
         <size>0x4c</size>
         <input_file_ref idref="fl-9"/>
      </object_component>
      <object_component id="oc-10a">
         <name>.text</name>
         <load_address>0xa310</load_address>
         <run_address>0xa310</run_address>
         <size>0x4c</size>
         <input_file_ref idref="fl-36"/>
      </object_component>
      <object_component id="oc-146">
         <name>.text:_auto_init</name>
         <load_address>0xa35c</load_address>
         <run_address>0xa35c</run_address>
         <size>0x48</size>
         <input_file_ref idref="fl-40"/>
      </object_component>
      <object_component id="oc-197">
         <name>.text:mrfiSpiCmdStrobe</name>
         <load_address>0xa3a4</load_address>
         <run_address>0xa3a4</run_address>
         <size>0x48</size>
         <input_file_ref idref="fl-e"/>
      </object_component>
      <object_component id="oc-1ee">
         <name>.text:nwk_findAlreadyJoined</name>
         <load_address>0xa3ec</load_address>
         <run_address>0xa3ec</run_address>
         <size>0x48</size>
         <input_file_ref idref="fl-9"/>
      </object_component>
      <object_component id="oc-1ed">
         <name>.text:nwk_isLinkDuplicate</name>
         <load_address>0xa434</load_address>
         <run_address>0xa434</run_address>
         <size>0x48</size>
         <input_file_ref idref="fl-9"/>
      </object_component>
      <object_component id="oc-1dc">
         <name>.text:nwk_processMgmt</name>
         <load_address>0xa47c</load_address>
         <run_address>0xa47c</run_address>
         <size>0x48</size>
         <input_file_ref idref="fl-6"/>
      </object_component>
      <object_component id="oc-194">
         <name>.text:MRFI_RxAddrIsFiltered</name>
         <load_address>0xa4c4</load_address>
         <run_address>0xa4c4</run_address>
         <size>0x46</size>
         <input_file_ref idref="fl-e"/>
      </object_component>
      <object_component id="oc-1e6">
         <name>.text:smpl_send_ping_reply</name>
         <load_address>0xa50a</load_address>
         <run_address>0xa50a</run_address>
         <size>0x46</size>
         <input_file_ref idref="fl-7"/>
      </object_component>
      <object_component id="oc-1b1">
         <name>.text:MRFI_Rssi</name>
         <load_address>0xa550</load_address>
         <run_address>0xa550</run_address>
         <size>0x44</size>
         <input_file_ref idref="fl-e"/>
      </object_component>
      <object_component id="oc-1bf">
         <name>.text:spiRegAccess</name>
         <load_address>0xa594</load_address>
         <run_address>0xa594</run_address>
         <size>0x42</size>
         <input_file_ref idref="fl-e"/>
      </object_component>
      <object_component id="oc-184">
         <name>.text:nwk_freqControl</name>
         <load_address>0xa5d6</load_address>
         <run_address>0xa5d6</run_address>
         <size>0x40</size>
         <input_file_ref idref="fl-2"/>
      </object_component>
      <object_component id="oc-1bd">
         <name>.text:nwk_isSandFClient</name>
         <load_address>0xa616</load_address>
         <run_address>0xa616</run_address>
         <size>0x40</size>
         <input_file_ref idref="fl-4"/>
      </object_component>
      <object_component id="oc-dc">
         <name>.text</name>
         <load_address>0xa656</load_address>
         <run_address>0xa656</run_address>
         <size>0x40</size>
         <input_file_ref idref="fl-21"/>
      </object_component>
      <object_component id="oc-1fa">
         <name>.text:initializeConnection</name>
         <load_address>0xa696</load_address>
         <run_address>0xa696</run_address>
         <size>0x3e</size>
         <input_file_ref idref="fl-9"/>
      </object_component>
      <object_component id="oc-1d9">
         <name>.text:nwk_processJoin</name>
         <load_address>0xa6d4</load_address>
         <run_address>0xa6d4</run_address>
         <size>0x3e</size>
         <input_file_ref idref="fl-4"/>
      </object_component>
      <object_component id="oc-1be">
         <name>.text:MRFI_ReplyDelay</name>
         <load_address>0xa712</load_address>
         <run_address>0xa712</run_address>
         <size>0x3c</size>
         <input_file_ref idref="fl-e"/>
      </object_component>
      <object_component id="oc-1f3">
         <name>.text:nwk_putNumObjectIntoMsg</name>
         <load_address>0xa74e</load_address>
         <run_address>0xa74e</run_address>
         <size>0x3c</size>
         <input_file_ref idref="fl-9"/>
      </object_component>
      <object_component id="oc-161">
         <name>.text:SMPL_Init</name>
         <load_address>0xa78a</load_address>
         <run_address>0xa78a</run_address>
         <size>0x3a</size>
         <input_file_ref idref="fl-b"/>
      </object_component>
      <object_component id="oc-1e2">
         <name>.text:handleLinkRequest</name>
         <load_address>0xa7c4</load_address>
         <run_address>0xa7c4</run_address>
         <size>0x3a</size>
         <input_file_ref idref="fl-5"/>
      </object_component>
      <object_component id="oc-18c">
         <name>.text:nwk_getLocalLinkID</name>
         <load_address>0xa7fe</load_address>
         <run_address>0xa7fe</run_address>
         <size>0x3a</size>
         <input_file_ref idref="fl-5"/>
      </object_component>
      <object_component id="oc-1e0">
         <name>.text:nwk_isValidReply</name>
         <load_address>0xa838</load_address>
         <run_address>0xa838</run_address>
         <size>0x3a</size>
         <input_file_ref idref="fl-9"/>
      </object_component>
      <object_component id="oc-1a6">
         <name>.text:nwk_joinInit</name>
         <load_address>0xa872</load_address>
         <run_address>0xa872</run_address>
         <size>0x3a</size>
         <input_file_ref idref="fl-4"/>
      </object_component>
      <object_component id="oc-1db">
         <name>.text:nwk_processFreq</name>
         <load_address>0xa8ac</load_address>
         <run_address>0xa8ac</run_address>
         <size>0x3a</size>
         <input_file_ref idref="fl-2"/>
      </object_component>
      <object_component id="oc-1d2">
         <name>.text:nwk_replayFrame</name>
         <load_address>0xa8e6</load_address>
         <run_address>0xa8e6</run_address>
         <size>0x3a</size>
         <input_file_ref idref="fl-c"/>
      </object_component>
      <object_component id="oc-15b">
         <name>.text:nv_obj_erase_flash</name>
         <load_address>0xa920</load_address>
         <run_address>0xa920</run_address>
         <size>0x36</size>
         <input_file_ref idref="fl-11"/>
      </object_component>
      <object_component id="oc-f6">
         <name>.text</name>
         <load_address>0xa956</load_address>
         <run_address>0xa956</run_address>
         <size>0x36</size>
         <input_file_ref idref="fl-27"/>
      </object_component>
      <object_component id="oc-19e">
         <name>.text:MRFI_SetRFPwr</name>
         <load_address>0xa98c</load_address>
         <run_address>0xa98c</run_address>
         <size>0x34</size>
         <input_file_ref idref="fl-e"/>
      </object_component>
      <object_component id="oc-19a">
         <name>.text:mrfiSpiInit</name>
         <load_address>0xa9c0</load_address>
         <run_address>0xa9c0</run_address>
         <size>0x34</size>
         <input_file_ref idref="fl-e"/>
      </object_component>
      <object_component id="oc-1cd">
         <name>.text:nwk_QadjustOrder</name>
         <load_address>0xa9f4</load_address>
         <run_address>0xa9f4</run_address>
         <size>0x34</size>
         <input_file_ref idref="fl-a"/>
      </object_component>
      <object_component id="oc-17f">
         <name>.text:nwk_deviceAddress</name>
         <load_address>0xaa28</load_address>
         <run_address>0xaa28</run_address>
         <size>0x34</size>
         <input_file_ref idref="fl-3"/>
      </object_component>
      <object_component id="oc-19d">
         <name>.text:MRFI_SetLogicalChannel</name>
         <load_address>0xaa5c</load_address>
         <run_address>0xaa5c</run_address>
         <size>0x32</size>
         <input_file_ref idref="fl-e"/>
      </object_component>
      <object_component id="oc-189">
         <name>.text:nv_obj_write_lnk_id</name>
         <load_address>0xaa8e</load_address>
         <run_address>0xaa8e</run_address>
         <size>0x32</size>
         <input_file_ref idref="fl-11"/>
      </object_component>
      <object_component id="oc-1ac">
         <name>.text:nwk_getConnInfo</name>
         <load_address>0xaac0</load_address>
         <run_address>0xaac0</run_address>
         <size>0x32</size>
         <input_file_ref idref="fl-9"/>
      </object_component>
      <object_component id="oc-1a8">
         <name>.text:nwk_linkInit</name>
         <load_address>0xaaf2</load_address>
         <run_address>0xaaf2</run_address>
         <size>0x32</size>
         <input_file_ref idref="fl-5"/>
      </object_component>
      <object_component id="oc-1d0">
         <name>.text:Mrfi_DelayUsecSem</name>
         <load_address>0xab24</load_address>
         <run_address>0xab24</run_address>
         <size>0x30</size>
         <input_file_ref idref="fl-e"/>
      </object_component>
      <object_component id="oc-1ca">
         <name>.text:map_lid2idx</name>
         <load_address>0xab54</load_address>
         <run_address>0xab54</run_address>
         <size>0x30</size>
         <input_file_ref idref="fl-9"/>
      </object_component>
      <object_component id="oc-1d7">
         <name>.text:nwk_processPing</name>
         <load_address>0xab84</load_address>
         <run_address>0xab84</run_address>
         <size>0x30</size>
         <input_file_ref idref="fl-7"/>
      </object_component>
      <object_component id="oc-183">
         <name>.text:nwk_rawReceive</name>
         <load_address>0xabb4</load_address>
         <run_address>0xabb4</run_address>
         <size>0x30</size>
         <input_file_ref idref="fl-3"/>
      </object_component>
      <object_component id="oc-1b3">
         <name>.text:nwk_sendFrame</name>
         <load_address>0xabe4</load_address>
         <run_address>0xabe4</run_address>
         <size>0x30</size>
         <input_file_ref idref="fl-c"/>
      </object_component>
      <object_component id="oc-195">
         <name>.text:Mrfi_CalculateRssi</name>
         <load_address>0xac14</load_address>
         <run_address>0xac14</run_address>
         <size>0x2e</size>
         <input_file_ref idref="fl-e"/>
      </object_component>
      <object_component id="oc-1d8">
         <name>.text:nwk_processLink</name>
         <load_address>0xac42</load_address>
         <run_address>0xac42</run_address>
         <size>0x2e</size>
         <input_file_ref idref="fl-5"/>
      </object_component>
      <object_component id="oc-19f">
         <name>.text:Mrfi_RxModeOff</name>
         <load_address>0xac70</load_address>
         <run_address>0xac70</run_address>
         <size>0x2c</size>
         <input_file_ref idref="fl-e"/>
      </object_component>
      <object_component id="oc-163">
         <name>.text:nv_obj_read_nwk_cfg</name>
         <load_address>0xac9c</load_address>
         <run_address>0xac9c</run_address>
         <size>0x2c</size>
         <input_file_ref idref="fl-11"/>
      </object_component>
      <object_component id="oc-1bc">
         <name>.text:nwk_buildAckReqFrame</name>
         <load_address>0xacc8</load_address>
         <run_address>0xacc8</run_address>
         <size>0x2c</size>
         <input_file_ref idref="fl-c"/>
      </object_component>
      <object_component id="oc-1f6">
         <name>.text:nwk_checkAppMsgTID</name>
         <load_address>0xacf4</load_address>
         <run_address>0xacf4</run_address>
         <size>0x2c</size>
         <input_file_ref idref="fl-9"/>
      </object_component>
      <object_component id="oc-d2">
         <name>.text</name>
         <load_address>0xad20</load_address>
         <run_address>0xad20</run_address>
         <size>0x2c</size>
         <input_file_ref idref="fl-1f"/>
      </object_component>
      <object_component id="oc-185">
         <name>.text:Mrfi_DelayUsec</name>
         <load_address>0xad4c</load_address>
         <run_address>0xad4c</run_address>
         <size>0x2a</size>
         <input_file_ref idref="fl-e"/>
      </object_component>
      <object_component id="oc-17d">
         <name>.text:nwk_NVObj</name>
         <load_address>0xad76</load_address>
         <run_address>0xad76</run_address>
         <size>0x2a</size>
         <input_file_ref idref="fl-9"/>
      </object_component>
      <object_component id="oc-1bb">
         <name>.text:nwk_checkConnInfo</name>
         <load_address>0xada0</load_address>
         <run_address>0xada0</run_address>
         <size>0x2a</size>
         <input_file_ref idref="fl-9"/>
      </object_component>
      <object_component id="oc-15c">
         <name>.text:COM_Init</name>
         <load_address>0xadca</load_address>
         <run_address>0xadca</run_address>
         <size>0x28</size>
         <input_file_ref idref="fl-12"/>
      </object_component>
      <object_component id="oc-1ce">
         <name>.text:nwk_getAPAddress</name>
         <load_address>0xadf2</load_address>
         <run_address>0xadf2</run_address>
         <size>0x28</size>
         <input_file_ref idref="fl-d"/>
      </object_component>
      <object_component id="oc-1d6">
         <name>.text:Mrfi_RandomBackoffDelay</name>
         <load_address>0xae1a</load_address>
         <run_address>0xae1a</run_address>
         <size>0x26</size>
         <input_file_ref idref="fl-e"/>
      </object_component>
      <object_component id="oc-17e">
         <name>.text:nwk_connectionControl</name>
         <load_address>0xae40</load_address>
         <run_address>0xae40</run_address>
         <size>0x26</size>
         <input_file_ref idref="fl-3"/>
      </object_component>
      <object_component id="oc-1a2">
         <name>.text:nwk_frameInit</name>
         <load_address>0xae66</load_address>
         <run_address>0xae66</run_address>
         <size>0x26</size>
         <input_file_ref idref="fl-c"/>
      </object_component>
      <object_component id="oc-1a1">
         <name>.text:nwk_globalsInit</name>
         <load_address>0xae8c</load_address>
         <run_address>0xae8c</run_address>
         <size>0x26</size>
         <input_file_ref idref="fl-d"/>
      </object_component>
      <object_component id="oc-18f">
         <name>.text</name>
         <load_address>0xaeb2</load_address>
         <run_address>0xaeb2</run_address>
         <size>0x26</size>
         <input_file_ref idref="fl-3d"/>
      </object_component>
      <object_component id="oc-18e">
         <name>.text:MRFI_Sleep</name>
         <load_address>0xaed8</load_address>
         <run_address>0xaed8</run_address>
         <size>0x24</size>
         <input_file_ref idref="fl-e"/>
      </object_component>
      <object_component id="oc-174">
         <name>.text:MRFI_RxOn</name>
         <load_address>0xaefc</load_address>
         <run_address>0xaefc</run_address>
         <size>0x22</size>
         <input_file_ref idref="fl-e"/>
      </object_component>
      <object_component id="oc-1cf">
         <name>.text:memcmp</name>
         <load_address>0xaf1e</load_address>
         <run_address>0xaf1e</run_address>
         <size>0x22</size>
         <input_file_ref idref="fl-37"/>
      </object_component>
      <object_component id="oc-157">
         <name>.text:BSP_Init</name>
         <load_address>0xaf40</load_address>
         <run_address>0xaf40</run_address>
         <size>0x20</size>
         <input_file_ref idref="fl-f"/>
      </object_component>
      <object_component id="oc-16e">
         <name>.text:BSP_InitBoard</name>
         <load_address>0xaf60</load_address>
         <run_address>0xaf60</run_address>
         <size>0x20</size>
         <input_file_ref idref="fl-f"/>
      </object_component>
      <object_component id="oc-196">
         <name>.text:MRFI_RxCompleteISR</name>
         <load_address>0xaf80</load_address>
         <run_address>0xaf80</run_address>
         <size>0x20</size>
         <input_file_ref idref="fl-c"/>
      </object_component>
      <object_component id="oc-18d">
         <name>.text:MRFI_RxIdle</name>
         <load_address>0xafa0</load_address>
         <run_address>0xafa0</run_address>
         <size>0x20</size>
         <input_file_ref idref="fl-e"/>
      </object_component>
      <object_component id="oc-1f9">
         <name>.text:memmove</name>
         <load_address>0xafc0</load_address>
         <run_address>0xafc0</run_address>
         <size>0x20</size>
         <input_file_ref idref="fl-39"/>
      </object_component>
      <object_component id="oc-167">
         <name>.text:BSP_Delay</name>
         <load_address>0xafe0</load_address>
         <run_address>0xafe0</run_address>
         <size>0x1e</size>
         <input_file_ref idref="fl-f"/>
      </object_component>
      <object_component id="oc-192">
         <name>.text:mrfiSpiReadReg</name>
         <load_address>0xaffe</load_address>
         <run_address>0xaffe</run_address>
         <size>0x1e</size>
         <input_file_ref idref="fl-e"/>
      </object_component>
      <object_component id="oc-1a3">
         <name>.text:nwk_QInit</name>
         <load_address>0xb01c</load_address>
         <run_address>0xb01c</run_address>
         <size>0x1e</size>
         <input_file_ref idref="fl-a"/>
      </object_component>
      <object_component id="oc-14d">
         <name>.text:MRFI_GpioIsr</name>
         <load_address>0xb03a</load_address>
         <run_address>0xb03a</run_address>
         <size>0x1c</size>
         <input_file_ref idref="fl-e"/>
      </object_component>
      <object_component id="oc-15e">
         <name>.text:TXString</name>
         <load_address>0xb056</load_address>
         <run_address>0xb056</run_address>
         <size>0x1c</size>
         <input_file_ref idref="fl-12"/>
      </object_component>
      <object_component id="oc-173">
         <name>.text:nwk_setChannel</name>
         <load_address>0xb072</load_address>
         <run_address>0xb072</run_address>
         <size>0x1c</size>
         <input_file_ref idref="fl-2"/>
      </object_component>
      <object_component id="oc-1ae">
         <name>.text:nwk_setMyAddress</name>
         <load_address>0xb08e</load_address>
         <run_address>0xb08e</run_address>
         <size>0x1c</size>
         <input_file_ref idref="fl-d"/>
      </object_component>
      <object_component id="oc-160">
         <name>.text:sCB</name>
         <load_address>0xb0aa</load_address>
         <run_address>0xb0aa</run_address>
         <size>0x1c</size>
         <input_file_ref idref="fl-10"/>
      </object_component>
      <object_component id="oc-141">
         <name>.text:BSP_GpioPort1Isr</name>
         <load_address>0xb0c6</load_address>
         <run_address>0xb0c6</run_address>
         <size>0x1a</size>
         <input_file_ref idref="fl-e"/>
      </object_component>
      <object_component id="oc-35">
         <name>.text:_c_int00_noargs_noexit</name>
         <load_address>0xb0e0</load_address>
         <run_address>0xb0e0</run_address>
         <size>0x1a</size>
         <input_file_ref idref="fl-1b"/>
      </object_component>
      <object_component id="oc-15f">
         <name>.text:bothLEDs_off</name>
         <load_address>0xb0fa</load_address>
         <run_address>0xb0fa</run_address>
         <size>0x1a</size>
         <input_file_ref idref="fl-10"/>
      </object_component>
      <object_component id="oc-159">
         <name>.text:bothLEDs_on</name>
         <load_address>0xb114</load_address>
         <run_address>0xb114</run_address>
         <size>0x1a</size>
         <input_file_ref idref="fl-10"/>
      </object_component>
      <object_component id="oc-19b">
         <name>.text:mrfiSpiWriteReg</name>
         <load_address>0xb12e</load_address>
         <run_address>0xb12e</run_address>
         <size>0x1a</size>
         <input_file_ref idref="fl-e"/>
      </object_component>
      <object_component id="oc-165">
         <name>.text:MRFI_DelayMs</name>
         <load_address>0xb148</load_address>
         <run_address>0xb148</run_address>
         <size>0x18</size>
         <input_file_ref idref="fl-e"/>
      </object_component>
      <object_component id="oc-1e3">
         <name>.text:handleJoinRequest</name>
         <load_address>0xb160</load_address>
         <run_address>0xb160</run_address>
         <size>0x18</size>
         <input_file_ref idref="fl-4"/>
      </object_component>
      <object_component id="oc-1a7">
         <name>.text:nwk_mgmtInit</name>
         <load_address>0xb178</load_address>
         <run_address>0xb178</run_address>
         <size>0x18</size>
         <input_file_ref idref="fl-6"/>
      </object_component>
      <object_component id="oc-1c7">
         <name>.text:MRFI_RandomByte</name>
         <load_address>0xb190</load_address>
         <run_address>0xb190</run_address>
         <size>0x16</size>
         <input_file_ref idref="fl-e"/>
      </object_component>
      <object_component id="oc-1ab">
         <name>.text:Mrfi_RxModeOn</name>
         <load_address>0xb1a6</load_address>
         <run_address>0xb1a6</run_address>
         <size>0x16</size>
         <input_file_ref idref="fl-e"/>
      </object_component>
      <object_component id="oc-1a4">
         <name>.text:nwk_freqInit</name>
         <load_address>0xb1bc</load_address>
         <run_address>0xb1bc</run_address>
         <size>0x16</size>
         <input_file_ref idref="fl-2"/>
      </object_component>
      <object_component id="oc-d7">
         <name>.text</name>
         <load_address>0xb1d2</load_address>
         <run_address>0xb1d2</run_address>
         <size>0x16</size>
         <input_file_ref idref="fl-20"/>
      </object_component>
      <object_component id="oc-176">
         <name>.text:ioctlPreInitAccessIsOK</name>
         <load_address>0xb1e8</load_address>
         <run_address>0xb1e8</run_address>
         <size>0x14</size>
         <input_file_ref idref="fl-b"/>
      </object_component>
      <object_component id="oc-156">
         <name>.text:memset</name>
         <load_address>0xb1fc</load_address>
         <run_address>0xb1fc</run_address>
         <size>0x14</size>
         <input_file_ref idref="fl-3a"/>
      </object_component>
      <object_component id="oc-180">
         <name>.text:nwk_joinContext</name>
         <load_address>0xb210</load_address>
         <run_address>0xb210</run_address>
         <size>0x14</size>
         <input_file_ref idref="fl-3"/>
      </object_component>
      <object_component id="oc-187">
         <name>.text</name>
         <load_address>0xb224</load_address>
         <run_address>0xb224</run_address>
         <size>0x14</size>
         <input_file_ref idref="fl-3c"/>
      </object_component>
      <object_component id="oc-15a">
         <name>.text:toggleLED</name>
         <load_address>0xb238</load_address>
         <run_address>0xb238</run_address>
         <size>0x14</size>
         <input_file_ref idref="fl-10"/>
      </object_component>
      <object_component id="oc-198">
         <name>.text:BSP_InitLeds</name>
         <load_address>0xb24c</load_address>
         <run_address>0xb24c</run_address>
         <size>0x12</size>
         <input_file_ref idref="fl-f"/>
      </object_component>
      <object_component id="oc-1e4">
         <name>.text:handle_freq_cmd</name>
         <load_address>0xb25e</load_address>
         <run_address>0xb25e</run_address>
         <size>0x12</size>
         <input_file_ref idref="fl-2"/>
      </object_component>
      <object_component id="oc-13f">
         <name>.text:memcpy</name>
         <load_address>0xb270</load_address>
         <run_address>0xb270</run_address>
         <size>0x12</size>
         <input_file_ref idref="fl-38"/>
      </object_component>
      <object_component id="oc-186">
         <name>.text:nv_obj_read_lnk_id</name>
         <load_address>0xb282</load_address>
         <run_address>0xb282</run_address>
         <size>0x12</size>
         <input_file_ref idref="fl-11"/>
      </object_component>
      <object_component id="oc-179">
         <name>.text:nwk_getJoinToken</name>
         <load_address>0xb294</load_address>
         <run_address>0xb294</run_address>
         <size>0x12</size>
         <input_file_ref idref="fl-4"/>
      </object_component>
      <object_component id="oc-177">
         <name>.text:nwk_getLinkToken</name>
         <load_address>0xb2a6</load_address>
         <run_address>0xb2a6</run_address>
         <size>0x12</size>
         <input_file_ref idref="fl-5"/>
      </object_component>
      <object_component id="oc-1af">
         <name>.text:nwk_getMyAddress</name>
         <load_address>0xb2b8</load_address>
         <run_address>0xb2b8</run_address>
         <size>0x12</size>
         <input_file_ref idref="fl-d"/>
      </object_component>
      <object_component id="oc-17a">
         <name>.text:nwk_setJoinToken</name>
         <load_address>0xb2ca</load_address>
         <run_address>0xb2ca</run_address>
         <size>0x12</size>
         <input_file_ref idref="fl-4"/>
      </object_component>
      <object_component id="oc-178">
         <name>.text:nwk_setLinkToken</name>
         <load_address>0xb2dc</load_address>
         <run_address>0xb2dc</run_address>
         <size>0x12</size>
         <input_file_ref idref="fl-5"/>
      </object_component>
      <object_component id="oc-1a0">
         <name>.text:l_asr</name>
         <load_address>0xb2ee</load_address>
         <run_address>0xb2ee</run_address>
         <size>0x10</size>
         <input_file_ref idref="fl-19"/>
      </object_component>
      <object_component id="oc-1dd">
         <name>.text:nwk_getQ</name>
         <load_address>0xb2fe</load_address>
         <run_address>0xb2fe</run_address>
         <size>0x10</size>
         <input_file_ref idref="fl-a"/>
      </object_component>
      <object_component id="oc-14c">
         <name>.text</name>
         <load_address>0xb30e</load_address>
         <run_address>0xb30e</run_address>
         <size>0x10</size>
         <input_file_ref idref="fl-23"/>
      </object_component>
      <object_component id="oc-1c3">
         <name>.text:MRFI_Receive</name>
         <load_address>0xb31e</load_address>
         <run_address>0xb31e</run_address>
         <size>0xe</size>
         <input_file_ref idref="fl-e"/>
      </object_component>
      <object_component id="oc-1d5">
         <name>.text:mrfiSpiWriteTxFifo</name>
         <load_address>0xb32c</load_address>
         <run_address>0xb32c</run_address>
         <size>0xe</size>
         <input_file_ref idref="fl-e"/>
      </object_component>
      <object_component id="oc-1ec">
         <name>.text:nwk_getNumObjectFromMsg</name>
         <load_address>0xb33a</load_address>
         <run_address>0xb33a</run_address>
         <size>0xe</size>
         <input_file_ref idref="fl-9"/>
      </object_component>
      <object_component id="oc-1b0">
         <name>.text:nwk_setJoinContext</name>
         <load_address>0xb348</load_address>
         <run_address>0xb348</run_address>
         <size>0xe</size>
         <input_file_ref idref="fl-4"/>
      </object_component>
      <object_component id="oc-18b">
         <name>.text:nwk_setListenContext</name>
         <load_address>0xb356</load_address>
         <run_address>0xb356</run_address>
         <size>0xe</size>
         <input_file_ref idref="fl-5"/>
      </object_component>
      <object_component id="oc-1df">
         <name>.text:MRFI_PostKillSem</name>
         <load_address>0xb364</load_address>
         <run_address>0xb364</run_address>
         <size>0xc</size>
         <input_file_ref idref="fl-e"/>
      </object_component>
      <object_component id="oc-1e1">
         <name>.text:handlePingRequest</name>
         <load_address>0xb370</load_address>
         <run_address>0xb370</run_address>
         <size>0xc</size>
         <input_file_ref idref="fl-7"/>
      </object_component>
      <object_component id="oc-193">
         <name>.text:mrfiSpiReadRxFifo</name>
         <load_address>0xb37c</load_address>
         <run_address>0xb37c</run_address>
         <size>0xc</size>
         <input_file_ref idref="fl-e"/>
      </object_component>
      <object_component id="oc-1e5">
         <name>.text:smpl_send_mgmt_reply</name>
         <load_address>0xb388</load_address>
         <run_address>0xb388</run_address>
         <size>0xc</size>
         <input_file_ref idref="fl-6"/>
      </object_component>
      <object_component id="oc-199">
         <name>.text:BSP_InitButtons</name>
         <load_address>0xb394</load_address>
         <run_address>0xb394</run_address>
         <size>0xa</size>
         <input_file_ref idref="fl-f"/>
      </object_component>
      <object_component id="oc-16f">
         <name>.text:BSP_InitDrivers</name>
         <load_address>0xb39e</load_address>
         <run_address>0xb39e</run_address>
         <size>0xa</size>
         <input_file_ref idref="fl-f"/>
      </object_component>
      <object_component id="oc-145">
         <name>.text:_system_pre_init</name>
         <load_address>0xb3a8</load_address>
         <run_address>0xb3a8</run_address>
         <size>0xa</size>
         <input_file_ref idref="fl-f"/>
      </object_component>
      <object_component id="oc-1c8">
         <name>.text:generateLinkToken</name>
         <load_address>0xb3b2</load_address>
         <run_address>0xb3b2</run_address>
         <size>0xa</size>
         <input_file_ref idref="fl-4"/>
      </object_component>
      <object_component id="oc-1a5">
         <name>.text:nwk_pingInit</name>
         <load_address>0xb3bc</load_address>
         <run_address>0xb3bc</run_address>
         <size>0xa</size>
         <input_file_ref idref="fl-7"/>
      </object_component>
      <object_component id="oc-164">
         <name>.text:toggle_bothLEDs</name>
         <load_address>0xb3c6</load_address>
         <run_address>0xb3c6</run_address>
         <size>0xa</size>
         <input_file_ref idref="fl-10"/>
      </object_component>
      <object_component id="oc-142">
         <name>.text:ADC10_ISR</name>
         <load_address>0xb3d0</load_address>
         <run_address>0xb3d0</run_address>
         <size>0x8</size>
         <input_file_ref idref="fl-10"/>
      </object_component>
      <object_component id="oc-16b">
         <name>.text:SMPL_Send</name>
         <load_address>0xb3d8</load_address>
         <run_address>0xb3d8</run_address>
         <size>0x8</size>
         <input_file_ref idref="fl-b"/>
      </object_component>
      <object_component id="oc-158">
         <name>.text:nv_obj_init</name>
         <load_address>0xb3e0</load_address>
         <run_address>0xb3e0</run_address>
         <size>0x8</size>
         <input_file_ref idref="fl-11"/>
      </object_component>
      <object_component id="oc-1b6">
         <name>.text:nwk_getChannel</name>
         <load_address>0xb3e8</load_address>
         <run_address>0xb3e8</run_address>
         <size>0x8</size>
         <input_file_ref idref="fl-2"/>
      </object_component>
      <object_component id="oc-1f5">
         <name>.text:nwk_resetSFMarker</name>
         <load_address>0xb3f0</load_address>
         <run_address>0xb3f0</run_address>
         <size>0x8</size>
         <input_file_ref idref="fl-6"/>
      </object_component>
      <object_component id="oc-18a">
         <name>.text:MRFI_GetRadioState</name>
         <load_address>0xb3f8</load_address>
         <run_address>0xb3f8</run_address>
         <size>0x6</size>
         <input_file_ref idref="fl-e"/>
      </object_component>
      <object_component id="oc-144">
         <name>.text:Timer_A</name>
         <load_address>0xb3fe</load_address>
         <run_address>0xb3fe</run_address>
         <size>0x6</size>
         <input_file_ref idref="fl-10"/>
      </object_component>
      <object_component id="oc-105">
         <name>.text:_isr:__TI_ISR_TRAP</name>
         <load_address>0xb404</load_address>
         <run_address>0xb404</run_address>
         <size>0x6</size>
         <input_file_ref idref="fl-35"/>
      </object_component>
      <object_component id="oc-1ad">
         <name>.text:nwk_freeConnection</name>
         <load_address>0xb40a</load_address>
         <run_address>0xb40a</run_address>
         <size>0x6</size>
         <input_file_ref idref="fl-9"/>
      </object_component>
      <object_component id="oc-1aa">
         <name>.text:nwk_getBCastAddress</name>
         <load_address>0xb410</load_address>
         <run_address>0xb410</run_address>
         <size>0x6</size>
         <input_file_ref idref="fl-d"/>
      </object_component>
      <object_component id="oc-17c">
         <name>.text:nwk_getFWVersion</name>
         <load_address>0xb416</load_address>
         <run_address>0xb416</run_address>
         <size>0x6</size>
         <input_file_ref idref="fl-d"/>
      </object_component>
      <object_component id="oc-1f1">
         <name>.text:nwk_getMyRxType</name>
         <load_address>0xb41c</load_address>
         <run_address>0xb41c</run_address>
         <size>0x6</size>
         <input_file_ref idref="fl-c"/>
      </object_component>
      <object_component id="oc-17b">
         <name>.text:nwk_getProtocolVersion</name>
         <load_address>0xb422</load_address>
         <run_address>0xb422</run_address>
         <size>0x6</size>
         <input_file_ref idref="fl-d"/>
      </object_component>
      <object_component id="oc-1c9">
         <name>.text:nwk_getSFInfoPtr</name>
         <load_address>0xb428</load_address>
         <run_address>0xb428</run_address>
         <size>0x6</size>
         <input_file_ref idref="fl-9"/>
      </object_component>
      <object_component id="oc-14b">
         <name>.text:abort</name>
         <load_address>0xb42e</load_address>
         <run_address>0xb42e</run_address>
         <size>0x4</size>
         <input_file_ref idref="fl-24"/>
      </object_component>
      <object_component id="oc-175">
         <name>.text:nwk_join</name>
         <load_address>0xb432</load_address>
         <run_address>0xb432</run_address>
         <size>0x4</size>
         <input_file_ref idref="fl-4"/>
      </object_component>
      <object_component id="oc-1da">
         <name>.text:nwk_processSecurity</name>
         <load_address>0xb436</load_address>
         <run_address>0xb436</run_address>
         <size>0x4</size>
         <input_file_ref idref="fl-8"/>
      </object_component>
      <object_component id="oc-1a9">
         <name>.text:nwk_securityInit</name>
         <load_address>0xb43a</load_address>
         <run_address>0xb43a</run_address>
         <size>0x2</size>
         <input_file_ref idref="fl-8"/>
      </object_component>
      <object_component id="oc-9b">
         <name>.cinit</name>
         <load_address>0xb6bc</load_address>
         <run_address>0xb6bc</run_address>
         <size>0x7a</size>
         <input_file_ref idref="fl-10"/>
      </object_component>
      <object_component id="oc-a8">
         <name>.cinit</name>
         <load_address>0xb736</load_address>
         <run_address>0xb736</run_address>
         <size>0x6b</size>
         <input_file_ref idref="fl-12"/>
      </object_component>
      <object_component id="oc-8d">
         <name>.cinit</name>
         <load_address>0xb7a2</load_address>
         <run_address>0xb7a2</run_address>
         <size>0x2f</size>
         <input_file_ref idref="fl-e"/>
      </object_component>
      <object_component id="oc-49">
         <name>.cinit</name>
         <load_address>0xb7d2</load_address>
         <run_address>0xb7d2</run_address>
         <size>0x1f</size>
         <input_file_ref idref="fl-4"/>
      </object_component>
      <object_component id="oc-7e">
         <name>.cinit</name>
         <load_address>0xb7f2</load_address>
         <run_address>0xb7f2</run_address>
         <size>0x1e</size>
         <input_file_ref idref="fl-c"/>
      </object_component>
      <object_component id="oc-50">
         <name>.cinit</name>
         <load_address>0xb810</load_address>
         <run_address>0xb810</run_address>
         <size>0x19</size>
         <input_file_ref idref="fl-5"/>
      </object_component>
      <object_component id="oc-57">
         <name>.cinit</name>
         <load_address>0xb82a</load_address>
         <run_address>0xb82a</run_address>
         <size>0xb</size>
         <input_file_ref idref="fl-6"/>
      </object_component>
      <object_component id="oc-94">
         <name>.cinit</name>
         <load_address>0xb836</load_address>
         <run_address>0xb836</run_address>
         <size>0x5</size>
         <input_file_ref idref="fl-f"/>
      </object_component>
      <object_component id="oc-6a">
         <name>.cinit</name>
         <load_address>0xb83c</load_address>
         <run_address>0xb83c</run_address>
         <size>0x5</size>
         <input_file_ref idref="fl-9"/>
      </object_component>
      <object_component id="oc-77">
         <name>.cinit</name>
         <load_address>0xb842</load_address>
         <run_address>0xb842</run_address>
         <size>0x5</size>
         <input_file_ref idref="fl-b"/>
      </object_component>
      <object_component id="oc-3d">
         <name>.cinit</name>
         <load_address>0xb848</load_address>
         <run_address>0xb848</run_address>
         <size>0x5</size>
         <input_file_ref idref="fl-2"/>
      </object_component>
      <object_component id="oc-85">
         <name>.cinit</name>
         <load_address>0xb84e</load_address>
         <run_address>0xb84e</run_address>
         <size>0x5</size>
         <input_file_ref idref="fl-d"/>
      </object_component>
      <object_component id="oc-5e">
         <name>.cinit</name>
         <load_address>0xb854</load_address>
         <run_address>0xb854</run_address>
         <size>0x5</size>
         <input_file_ref idref="fl-7"/>
      </object_component>
      <object_component id="oc-15d">
         <name>.const:.string:splash</name>
         <load_address>0xb43c</load_address>
         <run_address>0xb43c</run_address>
         <size>0x18a</size>
         <input_file_ref idref="fl-10"/>
      </object_component>
      <object_component id="oc-19c">
         <name>.const:mrfiRadioCfg</name>
         <load_address>0xb5c6</load_address>
         <run_address>0xb5c6</run_address>
         <size>0x3c</size>
         <input_file_ref idref="fl-e"/>
      </object_component>
      <object_component id="oc-1ba">
         <name>.const:.string:$P$T1$2</name>
         <load_address>0xb602</load_address>
         <run_address>0xb602</run_address>
         <size>0x3a</size>
         <input_file_ref idref="fl-12"/>
      </object_component>
      <object_component id="oc-9c">
         <name>.const:.string</name>
         <load_address>0xb63c</load_address>
         <run_address>0xb63c</run_address>
         <size>0x24</size>
         <input_file_ref idref="fl-10"/>
      </object_component>
      <object_component id="oc-1b9">
         <name>.const:.string:$P$T2$3</name>
         <load_address>0xb660</load_address>
         <run_address>0xb660</run_address>
         <size>0x1a</size>
         <input_file_ref idref="fl-12"/>
      </object_component>
      <object_component id="oc-a9">
         <name>.const:.string</name>
         <load_address>0xb67a</load_address>
         <run_address>0xb67a</run_address>
         <size>0x18</size>
         <input_file_ref idref="fl-12"/>
      </object_component>
      <object_component id="oc-1d1">
         <name>.const:func</name>
         <load_address>0xb692</load_address>
         <run_address>0xb692</run_address>
         <size>0xc</size>
         <input_file_ref idref="fl-c"/>
      </object_component>
      <object_component id="oc-86">
         <name>.const</name>
         <load_address>0xb69e</load_address>
         <run_address>0xb69e</run_address>
         <size>0x9</size>
         <input_file_ref idref="fl-d"/>
      </object_component>
      <object_component id="oc-1b8">
         <name>.const:.string:$P$T0$1</name>
         <load_address>0xb6a8</load_address>
         <run_address>0xb6a8</run_address>
         <size>0x7</size>
         <input_file_ref idref="fl-12"/>
      </object_component>
      <object_component id="oc-1c1">
         <name>.const:.string:mrfiBroadcastAddr</name>
         <load_address>0xb6b0</load_address>
         <run_address>0xb6b0</run_address>
         <size>0x4</size>
         <input_file_ref idref="fl-e"/>
      </object_component>
      <object_component id="oc-1c5">
         <name>.const:.string:mrfiLogicalChanTable</name>
         <load_address>0xb6b4</load_address>
         <run_address>0xb6b4</run_address>
         <size>0x4</size>
         <input_file_ref idref="fl-e"/>
      </object_component>
      <object_component id="oc-1c6">
         <name>.const:.string:mrfiRFPowerTable</name>
         <load_address>0xb6b8</load_address>
         <run_address>0xb6b8</run_address>
         <size>0x3</size>
         <input_file_ref idref="fl-e"/>
      </object_component>
      <object_component id="oc-21">
         <name>.int00</name>
         <load_address>0xffe0</load_address>
         <run_address>0xffe0</run_address>
         <size>0x2</size>
         <input_file_ref idref="fl-2a"/>
      </object_component>
      <object_component id="oc-22">
         <name>.int01</name>
         <load_address>0xffe2</load_address>
         <run_address>0xffe2</run_address>
         <size>0x2</size>
         <input_file_ref idref="fl-2b"/>
      </object_component>
      <object_component id="oc-23">
         <name>.int02</name>
         <load_address>0xffe4</load_address>
         <run_address>0xffe4</run_address>
         <size>0x2</size>
         <input_file_ref idref="fl-2c"/>
      </object_component>
      <object_component id="oc-24">
         <name>.int03</name>
         <load_address>0xffe6</load_address>
         <run_address>0xffe6</run_address>
         <size>0x2</size>
         <input_file_ref idref="fl-e"/>
      </object_component>
      <object_component id="oc-25">
         <name>.int04</name>
         <load_address>0xffe8</load_address>
         <run_address>0xffe8</run_address>
         <size>0x2</size>
         <input_file_ref idref="fl-2d"/>
      </object_component>
      <object_component id="oc-26">
         <name>.int05</name>
         <load_address>0xffea</load_address>
         <run_address>0xffea</run_address>
         <size>0x2</size>
         <input_file_ref idref="fl-10"/>
      </object_component>
      <object_component id="oc-27">
         <name>.int06</name>
         <load_address>0xffec</load_address>
         <run_address>0xffec</run_address>
         <size>0x2</size>
         <input_file_ref idref="fl-2e"/>
      </object_component>
      <object_component id="oc-28">
         <name>.int07</name>
         <load_address>0xffee</load_address>
         <run_address>0xffee</run_address>
         <size>0x2</size>
         <input_file_ref idref="fl-12"/>
      </object_component>
      <object_component id="oc-29">
         <name>.int08</name>
         <load_address>0xfff0</load_address>
         <run_address>0xfff0</run_address>
         <size>0x2</size>
         <input_file_ref idref="fl-2f"/>
      </object_component>
      <object_component id="oc-2a">
         <name>.int09</name>
         <load_address>0xfff2</load_address>
         <run_address>0xfff2</run_address>
         <size>0x2</size>
         <input_file_ref idref="fl-10"/>
      </object_component>
      <object_component id="oc-2b">
         <name>.int10</name>
         <load_address>0xfff4</load_address>
         <run_address>0xfff4</run_address>
         <size>0x2</size>
         <input_file_ref idref="fl-30"/>
      </object_component>
      <object_component id="oc-2c">
         <name>.int11</name>
         <load_address>0xfff6</load_address>
         <run_address>0xfff6</run_address>
         <size>0x2</size>
         <input_file_ref idref="fl-31"/>
      </object_component>
      <object_component id="oc-2d">
         <name>.int12</name>
         <load_address>0xfff8</load_address>
         <run_address>0xfff8</run_address>
         <size>0x2</size>
         <input_file_ref idref="fl-32"/>
      </object_component>
      <object_component id="oc-2e">
         <name>.int13</name>
         <load_address>0xfffa</load_address>
         <run_address>0xfffa</run_address>
         <size>0x2</size>
         <input_file_ref idref="fl-33"/>
      </object_component>
      <object_component id="oc-2f">
         <name>.int14</name>
         <load_address>0xfffc</load_address>
         <run_address>0xfffc</run_address>
         <size>0x2</size>
         <input_file_ref idref="fl-34"/>
      </object_component>
      <object_component id="oc-b9">
         <name>.reset</name>
         <load_address>0xfffe</load_address>
         <run_address>0xfffe</run_address>
         <size>0x2</size>
         <input_file_ref idref="fl-1a"/>
      </object_component>
      <object_component id="oc-3c">
         <name>.debug_info</name>
         <load_address>0x0</load_address>
         <run_address>0x0</run_address>
         <size>0x1771</size>
         <input_file_ref idref="fl-2"/>
      </object_component>
      <object_component id="oc-42">
         <name>.debug_info</name>
         <load_address>0x1771</load_address>
         <run_address>0x1771</run_address>
         <size>0x139e</size>
         <input_file_ref idref="fl-3"/>
      </object_component>
      <object_component id="oc-48">
         <name>.debug_info</name>
         <load_address>0x2b0f</load_address>
         <run_address>0x2b0f</run_address>
         <size>0x13ea</size>
         <input_file_ref idref="fl-4"/>
      </object_component>
      <object_component id="oc-4f">
         <name>.debug_info</name>
         <load_address>0x3ef9</load_address>
         <run_address>0x3ef9</run_address>
         <size>0x1b54</size>
         <input_file_ref idref="fl-5"/>
      </object_component>
      <object_component id="oc-56">
         <name>.debug_info</name>
         <load_address>0x5a4d</load_address>
         <run_address>0x5a4d</run_address>
         <size>0xd5d</size>
         <input_file_ref idref="fl-6"/>
      </object_component>
      <object_component id="oc-5d">
         <name>.debug_info</name>
         <load_address>0x67aa</load_address>
         <run_address>0x67aa</run_address>
         <size>0xfc7</size>
         <input_file_ref idref="fl-7"/>
      </object_component>
      <object_component id="oc-63">
         <name>.debug_info</name>
         <load_address>0x7771</load_address>
         <run_address>0x7771</run_address>
         <size>0x462</size>
         <input_file_ref idref="fl-8"/>
      </object_component>
      <object_component id="oc-69">
         <name>.debug_info</name>
         <load_address>0x7bd3</load_address>
         <run_address>0x7bd3</run_address>
         <size>0x1f36</size>
         <input_file_ref idref="fl-9"/>
      </object_component>
      <object_component id="oc-70">
         <name>.debug_info</name>
         <load_address>0x9b09</load_address>
         <run_address>0x9b09</run_address>
         <size>0xcd1</size>
         <input_file_ref idref="fl-a"/>
      </object_component>
      <object_component id="oc-76">
         <name>.debug_info</name>
         <load_address>0xa7da</load_address>
         <run_address>0xa7da</run_address>
         <size>0x1d89</size>
         <input_file_ref idref="fl-b"/>
      </object_component>
      <object_component id="oc-7d">
         <name>.debug_info</name>
         <load_address>0xc563</load_address>
         <run_address>0xc563</run_address>
         <size>0x1bae</size>
         <input_file_ref idref="fl-c"/>
      </object_component>
      <object_component id="oc-84">
         <name>.debug_info</name>
         <load_address>0xe111</load_address>
         <run_address>0xe111</run_address>
         <size>0x91f</size>
         <input_file_ref idref="fl-d"/>
      </object_component>
      <object_component id="oc-8c">
         <name>.debug_info</name>
         <load_address>0xea30</load_address>
         <run_address>0xea30</run_address>
         <size>0x33b0</size>
         <input_file_ref idref="fl-e"/>
      </object_component>
      <object_component id="oc-93">
         <name>.debug_info</name>
         <load_address>0x11de0</load_address>
         <run_address>0x11de0</run_address>
         <size>0x9a2</size>
         <input_file_ref idref="fl-f"/>
      </object_component>
      <object_component id="oc-9a">
         <name>.debug_info</name>
         <load_address>0x12782</load_address>
         <run_address>0x12782</run_address>
         <size>0x1d39</size>
         <input_file_ref idref="fl-10"/>
      </object_component>
      <object_component id="oc-a1">
         <name>.debug_info</name>
         <load_address>0x144bb</load_address>
         <run_address>0x144bb</run_address>
         <size>0x709</size>
         <input_file_ref idref="fl-11"/>
      </object_component>
      <object_component id="oc-a7">
         <name>.debug_info</name>
         <load_address>0x14bc4</load_address>
         <run_address>0x14bc4</run_address>
         <size>0xa44</size>
         <input_file_ref idref="fl-12"/>
      </object_component>
      <object_component id="oc-af">
         <name>.debug_info</name>
[...]
         <object_component_ref idref="oc-174"/>
      </symbol>
      <symbol id="sm-4b0">
         <name>MRFI_GpioIsr</name>
         <value>0xb03a</value>
         <object_component_ref idref="oc-14d"/>
      </symbol>
      <symbol id="sm-4b1">
         <name>mrfiBroadcastAddr</name>
         <value>0xb6b0</value>
         <object_component_ref idref="oc-1c1"/>
      </symbol>
      <symbol id="sm-4b2">
         <name>mrfiSpiReadReg</name>
         <value>0xaffe</value>
         <object_component_ref idref="oc-192"/>
      </symbol>
      <symbol id="sm-4b3">
         <name>mrfiSpiReadRxFifo</name>
         <value>0xb37c</value>
         <object_component_ref idref="oc-193"/>
      </symbol>
      <symbol id="sm-4b4">
         <name>MRFI_ReplyDelay</name>
         <value>0xa712</value>
         <object_component_ref idref="oc-1be"/>
      </symbol>
      <symbol id="sm-4b5">
         <name>MRFI_WakeUp</name>
         <value>0xa1cc</value>
         <object_component_ref idref="oc-172"/>
      </symbol>
      <symbol id="sm-4b6">
         <name>MRFI_Transmit</name>
         <value>0x915e</value>
         <object_component_ref idref="oc-1cb"/>
      </symbol>
      <symbol id="sm-4b7">
         <name>mrfiSpiWriteReg</name>
         <value>0xb12e</value>
         <object_component_ref idref="oc-19b"/>
      </symbol>
      <symbol id="sm-4b8">
         <name>mrfiSpiWriteTxFifo</name>
         <value>0xb32c</value>
         <object_component_ref idref="oc-1d5"/>
      </symbol>
      <symbol id="sm-4b9">
         <name>MRFI_RxIdle</name>
         <value>0xafa0</value>
         <object_component_ref idref="oc-18d"/>
      </symbol>
      <symbol id="sm-4ba">
         <name>MRFI_GetRadioState</name>
         <value>0xb3f8</value>
         <object_component_ref idref="oc-18a"/>
      </symbol>
      <symbol id="sm-4bb">
         <name>MRFI_DelayMs</name>
         <value>0xb148</value>
         <object_component_ref idref="oc-165"/>
      </symbol>
      <symbol id="sm-4bc">
         <name>MRFI_SetRFPwr</name>
         <value>0xa98c</value>
         <object_component_ref idref="oc-19e"/>
      </symbol>
      <symbol id="sm-4bd">
         <name>mrfiSpiInit</name>
         <value>0xa9c0</value>
         <object_component_ref idref="oc-19a"/>
      </symbol>
      <symbol id="sm-4be">
         <name>MRFI_Receive</name>
         <value>0xb31e</value>
         <object_component_ref idref="oc-1c3"/>
      </symbol>
      <symbol id="sm-4bf">
         <name>BSP_GpioPort1Isr</name>
         <value>0xb0c6</value>
         <object_component_ref idref="oc-141"/>
      </symbol>
      <symbol id="sm-4df">
         <name>BSP_Init</name>
         <value>0xaf40</value>
         <object_component_ref idref="oc-157"/>
      </symbol>
      <symbol id="sm-4e0">
         <name>BSP_InitButtons</name>
         <value>0xb394</value>
         <object_component_ref idref="oc-199"/>
      </symbol>
      <symbol id="sm-4e1">
         <name>BSP_InitBoard</name>
         <value>0xaf60</value>
         <object_component_ref idref="oc-16e"/>
      </symbol>
      <symbol id="sm-4e2">
         <name>BSP_InitLeds</name>
         <value>0xb24c</value>
         <object_component_ref idref="oc-198"/>
      </symbol>
      <symbol id="sm-4e3">
         <name>BSP_Delay</name>
         <value>0xafe0</value>
         <object_component_ref idref="oc-167"/>
      </symbol>
      <symbol id="sm-4e4">
         <name>BSP_InitDrivers</name>
         <value>0xb39e</value>
         <object_component_ref idref="oc-16f"/>
      </symbol>
      <symbol id="sm-4e5">
         <name>_system_pre_init</name>
         <value>0xb3a8</value>
         <object_component_ref idref="oc-145"/>
      </symbol>
      <symbol id="sm-556">
         <name>ADC10_ISR</name>
         <value>0xb3d0</value>
         <object_component_ref idref="oc-142"/>
      </symbol>
      <symbol id="sm-557">
         <name>toggle_bothLEDs</name>
         <value>0xb3c6</value>
         <object_component_ref idref="oc-164"/>
      </symbol>
      <symbol id="sm-558">
         <name>__TI_int09</name>
         <value>0xfff2</value>
         <object_component_ref idref="oc-2a"/>
      </symbol>
      <symbol id="sm-559">
         <name>__TI_int05</name>
         <value>0xffea</value>
         <object_component_ref idref="oc-26"/>
      </symbol>
      <symbol id="sm-55a">
         <name>write_Values_to_Flash</name>
         <value>0x9f84</value>
         <object_component_ref idref="oc-168"/>
      </symbol>
      <symbol id="sm-55b">
         <name>Device</name>
         <value>0x2ad</value>
         <object_component_ref idref="oc-99"/>
      </symbol>
      <symbol id="sm-55c">
         <name>LED_RED</name>
         <value>0x2ac</value>
         <object_component_ref idref="oc-99"/>
      </symbol>
      <symbol id="sm-55d">
         <name>num_con</name>
         <value>0x2cf</value>
         <object_component_ref idref="oc-99"/>
      </symbol>
      <symbol id="sm-55e">
         <name>a</name>
         <value>0x2ae</value>
         <object_component_ref idref="oc-99"/>
      </symbol>
      <symbol id="sm-55f">
         <name>bothLEDs_on</name>
         <value>0xb114</value>
         <object_component_ref idref="oc-159"/>
      </symbol>
      <symbol id="sm-560">
         <name>splash</name>
         <value>0xb43c</value>
         <object_component_ref idref="oc-15d"/>
      </symbol>
      <symbol id="sm-561">
         <name>main</name>
         <value>0x8000</value>
         <object_component_ref idref="oc-14a"/>
      </symbol>
      <symbol id="sm-562">
         <name>index</name>
         <value>0x2ce</value>
         <object_component_ref idref="oc-99"/>
      </symbol>
      <symbol id="sm-563">
         <name>toggleLED</name>
         <value>0xb238</value>
         <object_component_ref idref="oc-15a"/>
      </symbol>
      <symbol id="sm-564">
         <name>nwk_cfg_flash</name>
         <value>0x200</value>
         <object_component_ref idref="oc-99"/>
      </symbol>
      <symbol id="sm-565">
         <name>perform_self_Measurement</name>
         <value>0x8e26</value>
         <object_component_ref idref="oc-16a"/>
      </symbol>
      <symbol id="sm-566">
         <name>nwk_cfg_ram</name>
         <value>0x202</value>
         <object_component_ref idref="oc-99"/>
      </symbol>
      <symbol id="sm-567">
         <name>Timer_A</name>
         <value>0xb3fe</value>
         <object_component_ref idref="oc-144"/>
      </symbol>
      <symbol id="sm-568">
         <name>read_Values_from_Flash</name>
         <value>0x9ea0</value>
         <object_component_ref idref="oc-166"/>
      </symbol>
      <symbol id="sm-569">
         <name>bothLEDs_off</name>
         <value>0xb0fa</value>
         <object_component_ref idref="oc-15f"/>
      </symbol>
      <symbol id="sm-589">
         <name>nv_obj_init</name>
         <value>0xb3e0</value>
         <object_component_ref idref="oc-158"/>
      </symbol>
      <symbol id="sm-58a">
         <name>nv_obj_erase_flash</name>
         <value>0xa920</value>
         <object_component_ref idref="oc-15b"/>
      </symbol>
      <symbol id="sm-58b">
         <name>nv_obj_write_lnk_id</name>
         <value>0xaa8e</value>
         <object_component_ref idref="oc-189"/>
      </symbol>
      <symbol id="sm-58c">
         <name>nv_obj_read_nwk_cfg</name>
         <value>0xac9c</value>
         <object_component_ref idref="oc-163"/>
      </symbol>
      <symbol id="sm-58d">
         <name>nv_obj_write_nwk_cfg</name>
         <value>0x9afa</value>
         <object_component_ref idref="oc-188"/>
      </symbol>
      <symbol id="sm-58e">
         <name>nv_obj_read_lnk_id</name>
         <value>0xb282</value>
         <object_component_ref idref="oc-186"/>
      </symbol>
      <symbol id="sm-5d3">
         <name>USCI0RX_ISR</name>
         <value>0x9260</value>
         <object_component_ref idref="oc-143"/>
      </symbol>
      <symbol id="sm-5d4">
         <name>__TI_int07</name>
         <value>0xffee</value>
         <object_component_ref idref="oc-28"/>
      </symbol>
      <symbol id="sm-5d5">
         <name>target</name>
         <value>0x4d4</value>
         <object_component_ref idref="oc-a6"/>
      </symbol>
      <symbol id="sm-5d6">
         <name>COM_Init</name>
         <value>0xadca</value>
         <object_component_ref idref="oc-15c"/>
      </symbol>
      <symbol id="sm-5d7">
         <name>cmd</name>
         <value>0x4ce</value>
         <object_component_ref idref="oc-a6"/>
      </symbol>
      <symbol id="sm-5d8">
         <name>io_command</name>
         <value>0x4ec</value>
         <object_component_ref idref="oc-a6"/>
      </symbol>
      <symbol id="sm-5d9">
         <name>TXString</name>
         <value>0xb056</value>
         <object_component_ref idref="oc-15e"/>
      </symbol>
      <symbol id="sm-5da">
         <name>cmd_table</name>
         <value>0x4e4</value>
         <object_component_ref idref="oc-a6"/>
      </symbol>
      <symbol id="sm-5db">
         <name>transmitDataString</name>
         <value>0x823e</value>
         <object_component_ref idref="oc-190"/>
      </symbol>
      <symbol id="sm-5dc">
         <name>value</name>
         <value>0x4da</value>
         <object_component_ref idref="oc-a6"/>
      </symbol>
      <symbol id="sm-5f2">
         <name>TI_getRandomIntegerFromVLO</name>
         <value>0x95fa</value>
         <object_component_ref idref="oc-ae"/>
      </symbol>
      <symbol id="sm-5f3">
         <name>TI_getRandomIntegerFromADC</name>
         <value>0x95d2</value>
         <object_component_ref idref="oc-ae"/>
      </symbol>
      <symbol id="sm-601">
         <name>L_ASR</name>
         <value>0xb2ee</value>
         <object_component_ref idref="oc-1a0"/>
      </symbol>
      <symbol id="sm-610">
         <name>_stack</name>
         <value>0x5b0</value>
         <object_component_ref idref="oc-b8"/>
      </symbol>
      <symbol id="sm-611">
         <name>_reset_vector</name>
         <value>0xfffe</value>
         <object_component_ref idref="oc-b9"/>
      </symbol>
      <symbol id="sm-61f">
         <name>_c_int00_noargs_noexit</name>
         <value>0xb0e0</value>
         <object_component_ref idref="oc-35"/>
      </symbol>
      <symbol id="sm-64a">
         <name>__remi</name>
         <value>0xad20</value>
         <object_component_ref idref="oc-d2"/>
      </symbol>
      <symbol id="sm-64b">
         <name>__divi</name>
         <value>0xad20</value>
         <object_component_ref idref="oc-d2"/>
      </symbol>
      <symbol id="sm-659">
         <name>__remu</name>
         <value>0xb1d2</value>
         <object_component_ref idref="oc-d7"/>
      </symbol>
      <symbol id="sm-65a">
         <name>__divu</name>
         <value>0xb1d2</value>
         <object_component_ref idref="oc-d7"/>
      </symbol>
      <symbol id="sm-66b">
         <name>__remli</name>
         <value>0xa656</value>
         <object_component_ref idref="oc-dc"/>
      </symbol>
      <symbol id="sm-66c">
         <name>__divli</name>
         <value>0xa656</value>
         <object_component_ref idref="oc-dc"/>
      </symbol>
      <symbol id="sm-67f">
         <name>__divul</name>
         <value>0xa11e</value>
         <object_component_ref idref="oc-e1"/>
      </symbol>
      <symbol id="sm-680">
         <name>__remul</name>
         <value>0xa11e</value>
         <object_component_ref idref="oc-e1"/>
      </symbol>
      <symbol id="sm-68d">
         <name>func_epilog_1</name>
         <value>0xb31a</value>
         <object_component_ref idref="oc-14c"/>
      </symbol>
      <symbol id="sm-68e">
         <name>func_epilog_2</name>
         <value>0xb318</value>
         <object_component_ref idref="oc-14c"/>
      </symbol>
      <symbol id="sm-68f">
         <name>func_epilog_3</name>
         <value>0xb316</value>
         <object_component_ref idref="oc-14c"/>
      </symbol>
      <symbol id="sm-690">
         <name>func_epilog_4</name>
         <value>0xb314</value>
         <object_component_ref idref="oc-14c"/>
      </symbol>
      <symbol id="sm-691">
         <name>func_epilog_5</name>
         <value>0xb312</value>
         <object_component_ref idref="oc-14c"/>
      </symbol>
      <symbol id="sm-692">
         <name>func_epilog_6</name>
         <value>0xb310</value>
         <object_component_ref idref="oc-14c"/>
      </symbol>
      <symbol id="sm-693">
         <name>func_epilog_7</name>
         <value>0xb30e</value>
         <object_component_ref idref="oc-14c"/>
      </symbol>
      <symbol id="sm-6a1">
         <name>C$$EXIT</name>
         <value>0xb42e</value>
         <object_component_ref idref="oc-14b"/>
      </symbol>
      <symbol id="sm-6a2">
         <name>abort</name>
         <value>0xb42e</value>
         <object_component_ref idref="oc-14b"/>
      </symbol>
      <symbol id="sm-6d0">
         <name>__fs_add</name>
         <value>0x8bd4</value>
         <object_component_ref idref="oc-f1"/>
      </symbol>
      <symbol id="sm-6d1">
         <name>__fs_sub</name>
         <value>0x8bce</value>
         <object_component_ref idref="oc-f1"/>
      </symbol>
      <symbol id="sm-6e8">
         <name>__fs_itof</name>
         <value>0xa956</value>
         <object_component_ref idref="oc-f6"/>
      </symbol>
      <symbol id="sm-712">
         <name>__fs_mpy</name>
         <value>0x9510</value>
         <object_component_ref idref="oc-fb"/>
      </symbol>
      <symbol id="sm-72e">
         <name>__fs_toi</name>
         <value>0x9ff0</value>
         <object_component_ref idref="oc-100"/>
      </symbol>
      <symbol id="sm-732">
         <name>__TI_int00</name>
         <value>0xffe0</value>
         <object_component_ref idref="oc-21"/>
      </symbol>
      <symbol id="sm-736">
         <name>__TI_int01</name>
         <value>0xffe2</value>
         <object_component_ref idref="oc-22"/>
      </symbol>
      <symbol id="sm-73a">
         <name>__TI_int02</name>
         <value>0xffe4</value>
         <object_component_ref idref="oc-23"/>
      </symbol>
      <symbol id="sm-73e">
         <name>__TI_int04</name>
         <value>0xffe8</value>
         <object_component_ref idref="oc-25"/>
      </symbol>
      <symbol id="sm-742">
         <name>__TI_int06</name>
         <value>0xffec</value>
         <object_component_ref idref="oc-27"/>
      </symbol>
      <symbol id="sm-746">
         <name>__TI_int08</name>
         <value>0xfff0</value>
         <object_component_ref idref="oc-29"/>
      </symbol>
      <symbol id="sm-74a">
         <name>__TI_int10</name>
         <value>0xfff4</value>
         <object_component_ref idref="oc-2b"/>
      </symbol>
      <symbol id="sm-74e">
         <name>__TI_int11</name>
         <value>0xfff6</value>
         <object_component_ref idref="oc-2c"/>
      </symbol>
      <symbol id="sm-752">
         <name>__TI_int12</name>
         <value>0xfff8</value>
         <object_component_ref idref="oc-2d"/>
      </symbol>
      <symbol id="sm-756">
         <name>__TI_int13</name>
         <value>0xfffa</value>
         <object_component_ref idref="oc-2e"/>
      </symbol>
      <symbol id="sm-75a">
         <name>__TI_int14</name>
         <value>0xfffc</value>
         <object_component_ref idref="oc-2f"/>
      </symbol>
      <symbol id="sm-766">
         <name>__TI_ISR_TRAP</name>
         <value>0xb404</value>
         <object_component_ref idref="oc-105"/>
      </symbol>
      <symbol id="sm-772">
         <name>I_LSR</name>
         <value>0xa310</value>
         <object_component_ref idref="oc-10a"/>
      </symbol>
      <symbol id="sm-773">
         <name>I_LSR_12</name>
         <value>0xa32a</value>
         <object_component_ref idref="oc-10a"/>
      </symbol>
      <symbol id="sm-774">
         <name>I_LSR_13</name>
         <value>0xa326</value>
         <object_component_ref idref="oc-10a"/>
      </symbol>
      <symbol id="sm-775">
         <name>I_LSR_10</name>
         <value>0xa332</value>
         <object_component_ref idref="oc-10a"/>
      </symbol>
      <symbol id="sm-776">
         <name>I_LSR_11</name>
         <value>0xa32e</value>
         <object_component_ref idref="oc-10a"/>
      </symbol>
      <symbol id="sm-777">
         <name>I_LSR_14</name>
         <value>0xa322</value>
         <object_component_ref idref="oc-10a"/>
      </symbol>
      <symbol id="sm-778">
         <name>I_LSR_15</name>
         <value>0xa31e</value>
         <object_component_ref idref="oc-10a"/>
      </symbol>
      <symbol id="sm-779">
         <name>I_LSR_3</name>
         <value>0xa34e</value>
         <object_component_ref idref="oc-10a"/>
      </symbol>
      <symbol id="sm-77a">
         <name>I_LSR_2</name>
         <value>0xa352</value>
         <object_component_ref idref="oc-10a"/>
      </symbol>
      <symbol id="sm-77b">
         <name>I_LSR_1</name>
         <value>0xa356</value>
         <object_component_ref idref="oc-10a"/>
      </symbol>
      <symbol id="sm-77c">
         <name>I_LSR_7</name>
         <value>0xa33e</value>
         <object_component_ref idref="oc-10a"/>
      </symbol>
      <symbol id="sm-77d">
         <name>I_LSR_6</name>
         <value>0xa342</value>
         <object_component_ref idref="oc-10a"/>
      </symbol>
      <symbol id="sm-77e">
         <name>I_LSR_5</name>
         <value>0xa346</value>
         <object_component_ref idref="oc-10a"/>
      </symbol>
      <symbol id="sm-77f">
         <name>I_LSR_4</name>
         <value>0xa34a</value>
         <object_component_ref idref="oc-10a"/>
      </symbol>
      <symbol id="sm-780">
         <name>I_LSR_9</name>
         <value>0xa336</value>
         <object_component_ref idref="oc-10a"/>
      </symbol>
      <symbol id="sm-781">
         <name>I_LSR_8</name>
         <value>0xa33a</value>
         <object_component_ref idref="oc-10a"/>
      </symbol>
      <symbol id="sm-790">
         <name>memcmp</name>
         <value>0xaf1e</value>
         <object_component_ref idref="oc-1cf"/>
      </symbol>
      <symbol id="sm-79e">
         <name>memcpy</name>
         <value>0xb270</value>
         <object_component_ref idref="oc-13f"/>
      </symbol>
      <symbol id="sm-7ad">
         <name>memmove</name>
         <value>0xafc0</value>
         <object_component_ref idref="oc-1f9"/>
      </symbol>
      <symbol id="sm-7bb">
         <name>memset</name>
         <value>0xb1fc</value>
         <object_component_ref idref="oc-156"/>
      </symbol>
      <symbol id="sm-7d2">
         <name>__mpyi_sw</name>
         <value>0xb224</value>
         <object_component_ref idref="oc-187"/>
      </symbol>
      <symbol id="sm-7d3">
         <name>__mpyi</name>
         <value>0xb224</value>
         <object_component_ref idref="oc-187"/>
      </symbol>
      <symbol id="sm-7e1">
         <name>__mpyl</name>
         <value>0xaeb2</value>
         <object_component_ref idref="oc-18f"/>
      </symbol>
      <symbol id="sm-7e2">
         <name>__mpyl_sw</name>
         <value>0xaeb2</value>
         <object_component_ref idref="oc-18f"/>
      </symbol>
      <symbol id="sm-808">
         <name>_auto_init</name>
         <value>0xa35c</value>
         <object_component_ref idref="oc-146"/>
      </symbol>
   </symbol_table>
   <title>Link successful</title>
</link_info>
