******************************************************************************
                  MSP430 Linker PC v4.4.7                      
******************************************************************************
>> Linked Tue Mar 07 16:25:51 2017

OUTPUT FILE NAME:   <WirelessProgrammableCap.out>
ENTRY POINT SYMBOL: "_c_int00_noargs_noexit"  address: 0000a888


MEMORY CONFIGURATION

         name            origin    length      used     unused   attr    fill
----------------------  --------  ---------  --------  --------  ----  --------
  SFR                   00000000   00000010  00000000  00000010  RWIX
  PERIPHERALS_8BIT      00000010   000000f0  00000000  000000f0  RWIX
  PERIPHERALS_16BIT     00000100   00000100  00000000  00000100  RWIX
  RAM                   00000200   00000400  00000219  000001e7  RWIX
  INFOD                 00001000   00000040  00000000  00000040  RWIX
  INFOC                 00001040   00000040  00000000  00000040  RWIX
  INFOB                 00001080   00000040  00000000  00000040  RWIX
  INFOA                 000010c0   00000040  00000000  00000040  RWIX
  FLASH                 00008000   00007fde  00002d45  00005299  RWIX
  INT00                 0000ffe0   00000002  00000002  00000000  RWIX
  INT01                 0000ffe2   00000002  00000002  00000000  RWIX
  INT02                 0000ffe4   00000002  00000002  00000000  RWIX
  INT03                 0000ffe6   00000002  00000002  00000000  RWIX
  INT04                 0000ffe8   00000002  00000002  00000000  RWIX
  INT05                 0000ffea   00000002  00000002  00000000  RWIX
  INT06                 0000ffec   00000002  00000002  00000000  RWIX
  INT07                 0000ffee   00000002  00000002  00000000  RWIX
  INT08                 0000fff0   00000002  00000002  00000000  RWIX
  INT09                 0000fff2   00000002  00000002  00000000  RWIX
  INT10                 0000fff4   00000002  00000002  00000000  RWIX
  INT11                 0000fff6   00000002  00000002  00000000  RWIX
  INT12                 0000fff8   00000002  00000002  00000000  RWIX
  INT13                 0000fffa   00000002  00000002  00000000  RWIX
  INT14                 0000fffc   00000002  00000002  00000000  RWIX
  RESET                 0000fffe   00000002  00000002  00000000  RWIX


SECTION ALLOCATION MAP

 output                                  attributes/
section   page    origin      length       input sections
--------  ----  ----------  ----------   ----------------
.bss       0    00000200    000001c9     UNINITIALIZED
                  00000200    000000b6     main_ED.obj (.bss)
                  000002b6    00000090     nwk_QMgmt.obj (.bss)
                  00000346    00000030     mrfi.obj (.bss)
                  00000376    00000029     nwk.obj (.bss)
                  0000039f    00000001     bsp.obj (.bss)
                  000003a0    0000000a     nwk_link.obj (.bss)
                  000003aa    00000009     nwk_globals.obj (.bss)
                  000003b3    00000001     nwk_api.obj (.bss)
                  000003b4    00000008     nwk_frame.obj (.bss)
                  000003bc    00000007     nwk_join.obj (.bss)
                  000003c3    00000001     nwk_ping.obj (.bss)
                  000003c4    00000003     nwk_mgmt.obj (.bss)
                  000003c7    00000002     nwk_freq.obj (.bss)

.stack     0    000005b0    00000050     UNINITIALIZED
                  000005b0    00000002     rts430.lib : boot.obj (.stack)
                  000005b2    0000004e     --HOLE--

.text      0    00008000    00002b8c     
                  00008000    000001c6     mrfi.obj (.text:MRFI_Init)
                  000081c6    0000019a     nwk_link.obj (.text:smpl_send_link_reply)
                  00008360    0000015a     nwk_link.obj (.text:nwk_link)
                  000084ba    0000014c     main_ED.obj (.text:linkTo)
                  00008606    00000140     main_ED.obj (.text:parseCommandString)
                  00008746    0000013a     nwk_api.obj (.text:SMPL_Ioctl)
                  00008880    0000012e     nwk_QMgmt.obj (.text:nwk_QfindOldest)
                  000089ae    0000012c     nwk_join.obj (.text:nwk_join)
                  00008ada    00000112     nwk_freq.obj (.text:nwk_scanForChannels)
                  00008bec    0000010c     main_ED.obj (.text:main)
                  00008cf8    00000108     nwk_api.obj (.text:SMPL_SendOpt)
                  00008e00    00000104     main_ED.obj (.text:perform_self_Measurement)
                  00008f04    00000102     mrfi.obj (.text:MRFI_Transmit)
                  00009006    000000dc     nwk.obj (.text:nwk_allocateLocalRxPort)
                  000090e2    000000d8     mrfi.obj (.text:Mrfi_SyncPinRxIsr)
                  000091ba    000000ba     vlo_rand.obj (.text)
                  00009274    000000b2     nwk_frame.obj (.text:dispatchFrame)
                  00009326    000000b2     nwk_frame.obj (.text:nwk_retrieveFrame)
                  000093d8    0000009e     nwk_frame.obj (.text:nwk_buildFrame)
                  00009476    0000009c     nwk_frame.obj (.text:nwk_sendAckReply)
                  00009512    0000009a     nwk.obj (.text:nwk_isConnectionValid)
                  000095ac    00000098     nwk_ioctl.obj (.text:nwk_radioControl)
                  00009644    00000094     nv_obj.obj (.text:nv_obj_write_nwk_cfg)
                  000096d8    00000086     nwk.obj (.text:nwk_nwkInit)
                  0000975e    00000082     nwk_QMgmt.obj (.text:nwk_QfindSlot)
                  000097e0    00000082     mrfi.obj (.text:spiBurstFifoAccess)
                  00009862    00000074     main_ED.obj (.text:createRandomAddress)
                  000098d6    00000068     nwk_link.obj (.text:smpl_send_unlink_reply)
                  0000993e    00000058     rts430.lib : div32u.obj (.text)
                  00009996    00000054     mrfi.obj (.text:MRFI_WakeUp)
                  000099ea    00000054     nwk_ioctl.obj (.text:nwk_rawSend)
                  00009a3e    00000050     nwk.obj (.text:nwk_getNextConnection)
                  00009a8e    0000004c     nwk_api.obj (.text:SMPL_Receive)
                  00009ada    0000004c     nwk.obj (.text:nwk_findPeer)
                  00009b26    0000004c     rts430.lib : lsr16.obj (.text)
                  00009b72    0000004c     main_ED.obj (.text:write_Values_to_Flash)
                  00009bbe    00000048     rts430.lib : autoinit.obj (.text:_auto_init)
                  00009c06    00000048     mrfi.obj (.text:mrfiSpiCmdStrobe)
                  00009c4e    00000048     nwk.obj (.text:nwk_isLinkDuplicate)
                  00009c96    00000046     mrfi.obj (.text:MRFI_RxAddrIsFiltered)
                  00009cdc    00000046     nwk_ping.obj (.text:smpl_send_ping_reply)
                  00009d22    00000044     mrfi.obj (.text:MRFI_Rssi)
                  00009d66    00000044     main_ED.obj (.text:sRxCallback)
                  00009daa    00000042     nwk_api.obj (.text:SMPL_Init)
                  00009dec    00000042     mrfi.obj (.text:spiRegAccess)
                  00009e2e    00000040     nwk_freq.obj (.text:change_channel_cmd_is_valid)
                  00009e6e    00000040     rts430.lib : div32s.obj (.text)
                  00009eae    0000003e     nwk.obj (.text:initializeConnection)
                  00009eec    0000003e     main_ED.obj (.text:read_Values_from_Flash)
                  00009f2a    0000003c     mrfi.obj (.text:MRFI_ReplyDelay)
                  00009f66    0000003c     nwk.obj (.text:nwk_putNumObjectIntoMsg)
                  00009fa2    0000003a     nwk_freq.obj (.text:nwk_freqControl)
                  00009fdc    0000003a     nwk.obj (.text:nwk_isValidReply)
                  0000a016    0000003a     nwk_mgmt.obj (.text:nwk_processMgmt)
                  0000a050    00000036     nv_obj.obj (.text:nv_obj_erase_flash)
                  0000a086    00000034     mrfi.obj (.text:MRFI_SetRFPwr)
                  0000a0ba    00000034     mrfi.obj (.text:MRFI_SetRxAddrFilter)
                  0000a0ee    00000034     mrfi.obj (.text:mrfiSpiInit)
                  0000a122    00000034     nwk_ioctl.obj (.text:nwk_deviceAddress)
                  0000a156    00000032     mrfi.obj (.text:MRFI_SetLogicalChannel)
                  0000a188    00000032     nwk_freq.obj (.text:handle_freq_cmd)
                  0000a1ba    00000032     nv_obj.obj (.text:nv_obj_write_lnk_id)
                  0000a1ec    00000032     nwk_QMgmt.obj (.text:nwk_QadjustOrder)
                  0000a21e    00000032     nwk.obj (.text:nwk_getConnInfo)
                  0000a250    00000032     nwk_link.obj (.text:nwk_linkInit)
                  0000a282    00000032     nwk_freq.obj (.text:nwk_processFreq)
                  0000a2b4    00000030     mrfi.obj (.text:Mrfi_DelayUsecSem)
                  0000a2e4    00000030     nwk.obj (.text:map_lid2idx)
                  0000a314    00000030     nwk_ioctl.obj (.text:nwk_rawReceive)
                  0000a344    00000030     nwk_frame.obj (.text:nwk_sendFrame)
                  0000a374    0000002e     mrfi.obj (.text:Mrfi_CalculateRssi)
                  0000a3a2    0000002c     mrfi.obj (.text:Mrfi_RxModeOff)
                  0000a3ce    0000002c     nwk_link.obj (.text:handleLinkRequest)
                  0000a3fa    0000002c     nv_obj.obj (.text:nv_obj_read_nwk_cfg)
                  0000a426    0000002c     nwk_frame.obj (.text:nwk_buildAckReqFrame)
                  0000a452    0000002c     rts430.lib : div16s.obj (.text)
                  0000a47e    0000002a     mrfi.obj (.text:Mrfi_DelayUsec)
                  0000a4a8    0000002a     nwk.obj (.text:nwk_NVObj)
                  0000a4d2    0000002a     nwk.obj (.text:nwk_checkConnInfo)
                  0000a4fc    00000028     nwk_globals.obj (.text:nwk_getAPAddress)
                  0000a524    00000028     nwk_ping.obj (.text:nwk_processPing)
                  0000a54c    00000026     mrfi.obj (.text:Mrfi_RandomBackoffDelay)
                  0000a572    00000026     nwk_ioctl.obj (.text:nwk_connectionControl)
                  0000a598    00000026     nwk_globals.obj (.text:nwk_globalsInit)
                  0000a5be    00000026     nwk_join.obj (.text:nwk_joinInit)
                  0000a5e4    00000026     nwk_link.obj (.text:nwk_processLink)
                  0000a60a    00000026     rts430.lib : mult32.obj (.text)
                  0000a630    00000026     main_ED.obj (.text:write_Values_to_SPI)
                  0000a656    00000024     mrfi.obj (.text:MRFI_Sleep)
                  0000a67a    00000022     mrfi.obj (.text:MRFI_EnableRxAddrFilter)
                  0000a69c    00000022     mrfi.obj (.text:MRFI_RxOn)
                  0000a6be    00000022     rts430.lib : memcmp.obj (.text:memcmp)
                  0000a6e0    00000020     bsp.obj (.text:BSP_Init)
                  0000a700    00000020     bsp.obj (.text:BSP_InitBoard)
                  0000a720    00000020     nwk_frame.obj (.text:MRFI_RxCompleteISR)
                  0000a740    00000020     mrfi.obj (.text:MRFI_RxIdle)
                  0000a760    00000020     rts430.lib : memmov.obj (.text:memmove)
                  0000a780    00000020     nwk_frame.obj (.text:nwk_frameInit)
                  0000a7a0    00000020     nwk_join.obj (.text:nwk_processJoin)
                  0000a7c0    0000001e     bsp.obj (.text:BSP_Delay)
                  0000a7de    0000001e     mrfi.obj (.text:mrfiSpiReadReg)
                  0000a7fc    0000001e     nwk_QMgmt.obj (.text:nwk_QInit)
                  0000a81a    0000001c     mrfi.obj (.text:MRFI_GpioIsr)
                  0000a836    0000001c     nwk_freq.obj (.text:nwk_setChannel)
                  0000a852    0000001c     nwk_globals.obj (.text:nwk_setMyAddress)
                  0000a86e    0000001a     mrfi.obj (.text:BSP_GpioPort1Isr)
                  0000a888    0000001a     rts430.lib : boot_special.obj (.text:_c_int00_noargs_noexit)
                  0000a8a2    0000001a     main_ED.obj (.text:bothLEDs_off)
                  0000a8bc    0000001a     main_ED.obj (.text:bothLEDs_on)
                  0000a8d6    0000001a     mrfi.obj (.text:mrfiSpiWriteReg)
                  0000a8f0    00000018     mrfi.obj (.text:MRFI_DelayMs)
                  0000a908    00000018     rts430.lib : strcmp.obj (.text:strcmp)
                  0000a920    00000016     mrfi.obj (.text:MRFI_RandomByte)
                  0000a936    00000016     mrfi.obj (.text:Mrfi_RxModeOn)
                  0000a94c    00000016     nwk_freq.obj (.text:nwk_freqInit)
                  0000a962    00000016     rts430.lib : div16u.obj (.text)
                  0000a978    00000014     nwk_api.obj (.text:ioctlPreInitAccessIsOK)
                  0000a98c    00000014     rts430.lib : memset.obj (.text:memset)
                  0000a9a0    00000014                : mult16.obj (.text)
                  0000a9b4    00000014     main_ED.obj (.text:toggleLED)
                  0000a9c8    00000012     bsp.obj (.text:BSP_InitLeds)
                  0000a9da    00000012     nwk_freq.obj (.text:change_channel_cmd)
                  0000a9ec    00000012     rts430.lib : memcpy.obj (.text:memcpy)
                  0000a9fe    00000012     nv_obj.obj (.text:nv_obj_read_lnk_id)
                  0000aa10    00000012     nwk_join.obj (.text:nwk_getJoinToken)
                  0000aa22    00000012     nwk_link.obj (.text:nwk_getLinkToken)
                  0000aa34    00000012     nwk_globals.obj (.text:nwk_getMyAddress)
                  0000aa46    00000012     nwk_join.obj (.text:nwk_setJoinToken)
                  0000aa58    00000012     nwk_link.obj (.text:nwk_setLinkToken)
                  0000aa6a    00000010     rts430.lib : asr32.obj (.text:l_asr)
                  0000aa7a    00000010                : epilog.obj (.text)
                  0000aa8a    0000000e     mrfi.obj (.text:MRFI_Receive)
                  0000aa98    0000000e     mrfi.obj (.text:mrfiSpiWriteTxFifo)
                  0000aaa6    0000000e     nwk.obj (.text:nwk_getNumObjectFromMsg)
                  0000aab4    0000000e     nwk_globals.obj (.text:nwk_setAPAddress)
                  0000aac2    0000000c     mrfi.obj (.text:MRFI_PostKillSem)
                  0000aace    0000000c     main_ED.obj (.text:Timer_A)
                  0000aada    0000000c     nwk_ping.obj (.text:handlePingRequest)
                  0000aae6    0000000c     mrfi.obj (.text:mrfiSpiReadRxFifo)
                  0000aaf2    0000000a     bsp.obj (.text:BSP_InitButtons)
                  0000aafc    0000000a     bsp.obj (.text:BSP_InitDrivers)
                  0000ab06    0000000a     bsp.obj (.text:_system_pre_init)
                  0000ab10    0000000a     nwk_mgmt.obj (.text:nwk_mgmtInit)
                  0000ab1a    0000000a     nwk_ping.obj (.text:nwk_pingInit)
                  0000ab24    0000000a     main_ED.obj (.text:toggle_bothLEDs)
                  0000ab2e    00000008     main_ED.obj (.text:ADC10_ISR)
                  0000ab36    00000008     nwk_api.obj (.text:SMPL_Send)
                  0000ab3e    00000008     nv_obj.obj (.text:nv_obj_init)
                  0000ab46    00000008     nwk_freq.obj (.text:nwk_getChannel)
                  0000ab4e    00000006     mrfi.obj (.text:MRFI_GetRadioState)
                  0000ab54    00000006     nwk_api.obj (.text:SMPL_Link)
                  0000ab5a    00000006     rts430.lib : isr_trap.obj (.text:_isr:__TI_ISR_TRAP)
                  0000ab60    00000006     nwk.obj (.text:nwk_freeConnection)
                  0000ab66    00000006     nwk_globals.obj (.text:nwk_getBCastAddress)
                  0000ab6c    00000006     nwk_globals.obj (.text:nwk_getFWVersion)
                  0000ab72    00000006     nwk_frame.obj (.text:nwk_getMyRxType)
                  0000ab78    00000006     nwk_globals.obj (.text:nwk_getProtocolVersion)
                  0000ab7e    00000004     rts430.lib : exit.obj (.text:abort)
                  0000ab82    00000004     nwk_security.obj (.text:nwk_processSecurity)
                  0000ab86    00000004     nwk_freq.obj (.text:send_ping_reply)
                  0000ab8a    00000002     nwk_security.obj (.text:nwk_securityInit)

.cinit     0    0000ab8c    0000013e     
                  0000ab8c    0000008f     main_ED.obj (.cinit)
                  0000ac1b    00000001     --HOLE-- [fill = 0]
                  0000ac1c    0000002f     mrfi.obj (.cinit)
                  0000ac4b    00000001     --HOLE-- [fill = 0]
                  0000ac4c    0000001e     nwk_frame.obj (.cinit)
                  0000ac6a    00000019     nwk_link.obj (.cinit)
                  0000ac83    00000001     --HOLE-- [fill = 0]
                  0000ac84    00000013     nwk_join.obj (.cinit)
                  0000ac97    00000001     --HOLE-- [fill = 0]
                  0000ac98    0000000b     nwk_mgmt.obj (.cinit)
                  0000aca3    00000001     --HOLE-- [fill = 0]
                  0000aca4    00000005     bsp.obj (.cinit)
                  0000aca9    00000001     --HOLE-- [fill = 0]
                  0000acaa    00000005     nwk.obj (.cinit)
                  0000acaf    00000001     --HOLE-- [fill = 0]
                  0000acb0    00000005     nwk_api.obj (.cinit)
                  0000acb5    00000001     --HOLE-- [fill = 0]
                  0000acb6    00000005     nwk_freq.obj (.cinit)
                  0000acbb    00000001     --HOLE-- [fill = 0]
                  0000acbc    00000005     nwk_globals.obj (.cinit)
                  0000acc1    00000001     --HOLE-- [fill = 0]
                  0000acc2    00000005     nwk_ping.obj (.cinit)
                  0000acc7    00000001     --HOLE-- [fill = 0]
                  0000acc8    00000002     (.pad.cinit) [fill = 0]

.const     0    0000acca    0000007b     
                  0000acca    0000003c     mrfi.obj (.const:mrfiRadioCfg)
                  0000ad06    0000001e     main_ED.obj (.const:.string)
                  0000ad24    0000000c     nwk_frame.obj (.const:func)
                  0000ad30    00000009     nwk_globals.obj (.const)
                  0000ad39    00000001     --HOLE-- [fill = 0]
                  0000ad3a    00000004     mrfi.obj (.const:.string:mrfiBroadcastAddr)
                  0000ad3e    00000004     mrfi.obj (.const:.string:mrfiLogicalChanTable)
                  0000ad42    00000003     mrfi.obj (.const:.string:mrfiRFPowerTable)

.pinit     0    00008000    00000000     UNINITIALIZED

.int00     0    0000ffe0    00000002     
                  0000ffe0    00000002     rts430.lib : int00.obj (.int00)

.int01     0    0000ffe2    00000002     
                  0000ffe2    00000002     rts430.lib : int01.obj (.int01)

.int02     0    0000ffe4    00000002     
                  0000ffe4    00000002     rts430.lib : int02.obj (.int02)

.int03     0    0000ffe6    00000002     
                  0000ffe6    00000002     mrfi.obj (.int03)

.int04     0    0000ffe8    00000002     
                  0000ffe8    00000002     rts430.lib : int04.obj (.int04)

.int05     0    0000ffea    00000002     
                  0000ffea    00000002     main_ED.obj (.int05)

.int06     0    0000ffec    00000002     
                  0000ffec    00000002     rts430.lib : int06.obj (.int06)

.int07     0    0000ffee    00000002     
                  0000ffee    00000002     rts430.lib : int07.obj (.int07)

.int08     0    0000fff0    00000002     
                  0000fff0    00000002     rts430.lib : int08.obj (.int08)

.int09     0    0000fff2    00000002     
                  0000fff2    00000002     main_ED.obj (.int09)

.int10     0    0000fff4    00000002     
                  0000fff4    00000002     rts430.lib : int10.obj (.int10)

.int11     0    0000fff6    00000002     
                  0000fff6    00000002     rts430.lib : int11.obj (.int11)

.int12     0    0000fff8    00000002     
                  0000fff8    00000002     rts430.lib : int12.obj (.int12)

.int13     0    0000fffa    00000002     
                  0000fffa    00000002     rts430.lib : int13.obj (.int13)

.int14     0    0000fffc    00000002     
                  0000fffc    00000002     rts430.lib : int14.obj (.int14)

.reset     0    0000fffe    00000002     
                  0000fffe    00000002     rts430.lib : boot.obj (.reset)


GLOBAL SYMBOLS: SORTED ALPHABETICALLY BY Name 

address   name                      
-------   ----                      
00000200  .bss                      
00008000  .text                     
0000004a  ADC10AE0                  
0000004b  ADC10AE1                  
000001b0  ADC10CTL0                 
000001b2  ADC10CTL1                 
00000048  ADC10DTC0                 
00000049  ADC10DTC1                 
000001b4  ADC10MEM                  
000001bc  ADC10SA                   
0000ab2e  ADC10_ISR                 
00000057  BCSCTL1                   
00000058  BCSCTL2                   
00000053  BCSCTL3                   
0000a7c0  BSP_Delay                 
0000a86e  BSP_GpioPort1Isr          
0000a6e0  BSP_Init                  
0000a700  BSP_InitBoard             
0000aaf2  BSP_InitButtons           
0000aafc  BSP_InitDrivers           
0000a9c8  BSP_InitLeds              
0000ab7e  C$$EXIT                   
00000270  C1                        
000010fb  CALBC1_12MHZ              
000010f9  CALBC1_16MHZ              
000010ff  CALBC1_1MHZ               
000010fd  CALBC1_8MHZ               
000010fa  CALDCO_12MHZ              
000010f8  CALDCO_16MHZ              
000010fe  CALDCO_1MHZ               
000010fc  CALDCO_8MHZ               
00000056  DCOCTL                    
00000128  FCTL1                     
0000012a  FCTL2                     
0000012c  FCTL3                     
0000027c  Flash_Addr                
0000027e  Flash_Addr2               
00000000  IE1                       
00000001  IE2                       
00000002  IFG1                      
00000003  IFG2                      
00009b26  I_LSR                     
00009b6c  I_LSR_1                   
00009b48  I_LSR_10                  
00009b44  I_LSR_11                  
00009b40  I_LSR_12                  
00009b3c  I_LSR_13                  
00009b38  I_LSR_14                  
00009b34  I_LSR_15                  
00009b68  I_LSR_2                   
00009b64  I_LSR_3                   
00009b60  I_LSR_4                   
00009b5c  I_LSR_5                   
00009b58  I_LSR_6                   
00009b54  I_LSR_7                   
00009b50  I_LSR_8                   
00009b4c  I_LSR_9                   
0000aa6a  L_ASR                     
0000a8f0  MRFI_DelayMs              
0000a67a  MRFI_EnableRxAddrFilter   
0000ab4e  MRFI_GetRadioState        
0000a81a  MRFI_GpioIsr              
00008000  MRFI_Init                 
0000aac2  MRFI_PostKillSem          
0000a920  MRFI_RandomByte           
0000aa8a  MRFI_Receive              
00009f2a  MRFI_ReplyDelay           
00009d22  MRFI_Rssi                 
00009c96  MRFI_RxAddrIsFiltered     
0000a720  MRFI_RxCompleteISR        
0000a740  MRFI_RxIdle               
0000a69c  MRFI_RxOn                 
0000a156  MRFI_SetLogicalChannel    
0000a086  MRFI_SetRFPwr             
0000a0ba  MRFI_SetRxAddrFilter      
0000a656  MRFI_Sleep                
00008f04  MRFI_Transmit             
00009996  MRFI_WakeUp               
000000c0  OA0CTL0                   
000000c1  OA0CTL1                   
000000c2  OA1CTL0                   
000000c3  OA1CTL1                   
00000022  P1DIR                     
00000025  P1IE                      
00000024  P1IES                     
00000023  P1IFG                     
00000020  P1IN                      
00000021  P1OUT                     
00000027  P1REN                     
00000026  P1SEL                     
0000002a  P2DIR                     
0000002d  P2IE                      
0000002c  P2IES                     
0000002b  P2IFG                     
00000028  P2IN                      
00000029  P2OUT                     
0000002f  P2REN                     
0000002e  P2SEL                     
0000001a  P3DIR                     
00000018  P3IN                      
00000019  P3OUT                     
00000010  P3REN                     
0000001b  P3SEL                     
0000001e  P4DIR                     
0000001c  P4IN                      
0000001d  P4OUT                     
00000011  P4REN                     
0000001f  P4SEL                     
00009daa  SMPL_Init                 
00008746  SMPL_Ioctl                
0000ab54  SMPL_Link                 
00009a8e  SMPL_Receive              
0000ab36  SMPL_Send                 
00008cf8  SMPL_SendOpt              
00000172  TACCR0                    
00000174  TACCR1                    
00000176  TACCR2                    
00000162  TACCTL0                   
00000164  TACCTL1                   
00000166  TACCTL2                   
00000160  TACTL                     
0000012e  TAIV                      
00000170  TAR                       
00000192  TBCCR0                    
00000194  TBCCR1                    
00000196  TBCCR2                    
00000182  TBCCTL0                   
00000184  TBCCTL1                   
00000186  TBCCTL2                   
00000180  TBCTL                     
0000011e  TBIV                      
00000190  TBR                       
000091ba  TI_getRandomIntegerFromADC
000091e2  TI_getRandomIntegerFromVLO
0000aace  Timer_A                   
0000005d  UCA0ABCTL                 
00000062  UCA0BR0                   
00000063  UCA0BR1                   
00000060  UCA0CTL0                  
00000061  UCA0CTL1                  
0000005f  UCA0IRRCTL                
0000005e  UCA0IRTCTL                
00000064  UCA0MCTL                  
00000066  UCA0RXBUF                 
00000065  UCA0STAT                  
00000067  UCA0TXBUF                 
0000006a  UCB0BR0                   
0000006b  UCB0BR1                   
00000068  UCB0CTL0                  
00000069  UCB0CTL1                  
0000006c  UCB0I2CIE                 
00000118  UCB0I2COA                 
0000011a  UCB0I2CSA                 
0000006e  UCB0RXBUF                 
0000006d  UCB0STAT                  
0000006f  UCB0TXBUF                 
00000120  WDTCTL                    
00000600  __STACK_END               
00000050  __STACK_SIZE              
0000ab5a  __TI_ISR_TRAP             
0000ffe0  __TI_int00                
0000ffe2  __TI_int01                
0000ffe4  __TI_int02                
0000ffe6  __TI_int03                
0000ffe8  __TI_int04                
0000ffea  __TI_int05                
0000ffec  __TI_int06                
0000ffee  __TI_int07                
0000fff0  __TI_int08                
0000fff2  __TI_int09                
0000fff4  __TI_int10                
0000fff6  __TI_int11                
0000fff8  __TI_int12                
0000fffa  __TI_int13                
0000fffc  __TI_int14                
ffffffff  __binit__                 
00000200  __bss__                   
ffffffff  __c_args__                
0000ab8c  __cinit__                 
0000a452  __divi                    
00009e6e  __divli                   
0000a962  __divu                    
0000993e  __divul                   
000003c9  __end__                   
0000ab8c  __etext__                 
0000a9a0  __mpyi                    
0000a9a0  __mpyi_sw                 
0000a60a  __mpyl                    
0000a60a  __mpyl_sw                 
ffffffff  __pinit__                 
0000a452  __remi                    
00009e6e  __remli                   
0000a962  __remu                    
0000993e  __remul                   
00008000  __text__                  
00009bbe  _auto_init                
0000a888  _c_int00_noargs_noexit    
0000fffe  _reset_vector             
000005b0  _stack                    
0000ab06  _system_pre_init          
0000ab7e  abort                     
ffffffff  binit                     
0000a8a2  bothLEDs_off              
0000a8bc  bothLEDs_on               
0000ab8c  cinit                     
00000280  cmd                       
00000296  cmd_table                 
00009862  createRandomAddress       
00000272  degC                      
000003c9  end                       
0000ab8c  etext                     
0000aa86  func_epilog_1             
0000aa84  func_epilog_2             
0000aa82  func_epilog_3             
0000aa80  func_epilog_4             
0000aa7e  func_epilog_5             
0000aa7c  func_epilog_6             
0000aa7a  func_epilog_7             
0000027b  index                     
000002a0  io_command                
00008bec  main                      
0000a6be  memcmp                    
0000a9ec  memcpy                    
0000a760  memmove                   
0000a98c  memset                    
0000ad3a  mrfiBroadcastAddr         
00009c06  mrfiSpiCmdStrobe          
0000a0ee  mrfiSpiInit               
0000a7de  mrfiSpiReadReg            
0000aae6  mrfiSpiReadRxFifo         
0000a8d6  mrfiSpiWriteReg           
0000aa98  mrfiSpiWriteTxFifo        
0000027a  num_con                   
0000a050  nv_obj_erase_flash        
0000ab3e  nv_obj_init               
0000a9fe  nv_obj_read_lnk_id        
0000a3fa  nv_obj_read_nwk_cfg       
0000a1ba  nv_obj_write_lnk_id       
00009644  nv_obj_write_nwk_cfg      
0000a4a8  nwk_NVObj                 
0000a7fc  nwk_QInit                 
0000a1ec  nwk_QadjustOrder          
00008880  nwk_QfindOldest           
0000975e  nwk_QfindSlot             
00009006  nwk_allocateLocalRxPort   
0000a426  nwk_buildAckReqFrame      
000093d8  nwk_buildFrame            
00000200  nwk_cfg_flash             
0000a4d2  nwk_checkConnInfo         
0000a572  nwk_connectionControl     
0000a122  nwk_deviceAddress         
00009ada  nwk_findPeer              
0000a780  nwk_frameInit             
0000ab60  nwk_freeConnection        
00009fa2  nwk_freqControl           
0000a94c  nwk_freqInit              
0000a4fc  nwk_getAPAddress          
0000ab66  nwk_getBCastAddress       
0000ab46  nwk_getChannel            
0000a21e  nwk_getConnInfo           
0000ab6c  nwk_getFWVersion          
0000aa10  nwk_getJoinToken          
0000aa22  nwk_getLinkToken          
0000aa34  nwk_getMyAddress          
0000ab72  nwk_getMyRxType           
00009a3e  nwk_getNextConnection     
0000aaa6  nwk_getNumObjectFromMsg   
0000ab78  nwk_getProtocolVersion    
0000a598  nwk_globalsInit           
00009512  nwk_isConnectionValid     
00009c4e  nwk_isLinkDuplicate       
00009fdc  nwk_isValidReply          
000089ae  nwk_join                  
0000a5be  nwk_joinInit              
00008360  nwk_link                  
0000a250  nwk_linkInit              
0000ab10  nwk_mgmtInit              
000096d8  nwk_nwkInit               
0000ab1a  nwk_pingInit              
0000a282  nwk_processFreq           
0000a7a0  nwk_processJoin           
0000a5e4  nwk_processLink           
0000a016  nwk_processMgmt           
0000a524  nwk_processPing           
0000ab82  nwk_processSecurity       
00009f66  nwk_putNumObjectIntoMsg   
000095ac  nwk_radioControl          
0000a314  nwk_rawReceive            
000099ea  nwk_rawSend               
00009326  nwk_retrieveFrame         
00008ada  nwk_scanForChannels       
0000ab8a  nwk_securityInit          
00009476  nwk_sendAckReply          
0000a344  nwk_sendFrame             
0000aab4  nwk_setAPAddress          
0000a836  nwk_setChannel            
0000aa46  nwk_setJoinToken          
0000aa58  nwk_setLinkToken          
0000a852  nwk_setMyAddress          
00008606  parseCommandString        
00008e00  perform_self_Measurement  
ffffffff  pinit                     
00009eec  read_Values_from_Flash    
00000276  results                   
0000a908  strcmp                    
00000286  target                    
0000026a  temp                      
0000026e  tempOffset                
0000a9b4  toggleLED                 
0000ab24  toggle_bothLEDs           
0000028c  value                     
00000274  volt                      
00009b72  write_Values_to_Flash     
0000a630  write_Values_to_SPI       


GLOBAL SYMBOLS: SORTED BY Symbol Address 

address   name                      
-------   ----                      
00000000  IE1                       
00000001  IE2                       
00000002  IFG1                      
00000003  IFG2                      
00000010  P3REN                     
00000011  P4REN                     
00000018  P3IN                      
00000019  P3OUT                     
0000001a  P3DIR                     
0000001b  P3SEL                     
0000001c  P4IN                      
0000001d  P4OUT                     
0000001e  P4DIR                     
0000001f  P4SEL                     
00000020  P1IN                      
00000021  P1OUT                     
00000022  P1DIR                     
00000023  P1IFG                     
00000024  P1IES                     
00000025  P1IE                      
00000026  P1SEL                     
00000027  P1REN                     
00000028  P2IN                      
00000029  P2OUT                     
0000002a  P2DIR                     
0000002b  P2IFG                     
0000002c  P2IES                     
0000002d  P2IE                      
0000002e  P2SEL                     
0000002f  P2REN                     
00000048  ADC10DTC0                 
00000049  ADC10DTC1                 
0000004a  ADC10AE0                  
0000004b  ADC10AE1                  
00000050  __STACK_SIZE              
00000053  BCSCTL3                   
00000056  DCOCTL                    
00000057  BCSCTL1                   
00000058  BCSCTL2                   
0000005d  UCA0ABCTL                 
0000005e  UCA0IRTCTL                
0000005f  UCA0IRRCTL                
00000060  UCA0CTL0                  
00000061  UCA0CTL1                  
00000062  UCA0BR0                   
00000063  UCA0BR1                   
00000064  UCA0MCTL                  
00000065  UCA0STAT                  
00000066  UCA0RXBUF                 
00000067  UCA0TXBUF                 
00000068  UCB0CTL0                  
00000069  UCB0CTL1                  
0000006a  UCB0BR0                   
0000006b  UCB0BR1                   
0000006c  UCB0I2CIE                 
0000006d  UCB0STAT                  
0000006e  UCB0RXBUF                 
0000006f  UCB0TXBUF                 
000000c0  OA0CTL0                   
000000c1  OA0CTL1                   
000000c2  OA1CTL0                   
000000c3  OA1CTL1                   
00000118  UCB0I2COA                 
0000011a  UCB0I2CSA                 
0000011e  TBIV                      
00000120  WDTCTL                    
00000128  FCTL1                     
0000012a  FCTL2                     
0000012c  FCTL3                     
0000012e  TAIV                      
00000160  TACTL                     
00000162  TACCTL0                   
00000164  TACCTL1                   
00000166  TACCTL2                   
00000170  TAR                       
00000172  TACCR0                    
00000174  TACCR1                    
00000176  TACCR2                    
00000180  TBCTL                     
00000182  TBCCTL0                   
00000184  TBCCTL1                   
00000186  TBCCTL2                   
00000190  TBR                       
00000192  TBCCR0                    
00000194  TBCCR1                    
00000196  TBCCR2                    
000001b0  ADC10CTL0                 
000001b2  ADC10CTL1                 
000001b4  ADC10MEM                  
000001bc  ADC10SA                   
00000200  .bss                      
00000200  __bss__                   
00000200  nwk_cfg_flash             
0000026a  temp                      
0000026e  tempOffset                
00000270  C1                        
00000272  degC                      
00000274  volt                      
00000276  results                   
0000027a  num_con                   
0000027b  index                     
0000027c  Flash_Addr                
0000027e  Flash_Addr2               
00000280  cmd                       
00000286  target                    
0000028c  value                     
00000296  cmd_table                 
000002a0  io_command                
000003c9  __end__                   
000003c9  end                       
000005b0  _stack                    
00000600  __STACK_END               
000010f8  CALDCO_16MHZ              
000010f9  CALBC1_16MHZ              
000010fa  CALDCO_12MHZ              
000010fb  CALBC1_12MHZ              
000010fc  CALDCO_8MHZ               
000010fd  CALBC1_8MHZ               
000010fe  CALDCO_1MHZ               
000010ff  CALBC1_1MHZ               
00008000  .text                     
00008000  MRFI_Init                 
00008000  __text__                  
00008360  nwk_link                  
00008606  parseCommandString        
00008746  SMPL_Ioctl                
00008880  nwk_QfindOldest           
000089ae  nwk_join                  
00008ada  nwk_scanForChannels       
00008bec  main                      
00008cf8  SMPL_SendOpt              
00008e00  perform_self_Measurement  
00008f04  MRFI_Transmit             
00009006  nwk_allocateLocalRxPort   
000091ba  TI_getRandomIntegerFromADC
000091e2  TI_getRandomIntegerFromVLO
00009326  nwk_retrieveFrame         
000093d8  nwk_buildFrame            
00009476  nwk_sendAckReply          
00009512  nwk_isConnectionValid     
000095ac  nwk_radioControl          
00009644  nv_obj_write_nwk_cfg      
000096d8  nwk_nwkInit               
0000975e  nwk_QfindSlot             
00009862  createRandomAddress       
0000993e  __divul                   
0000993e  __remul                   
00009996  MRFI_WakeUp               
000099ea  nwk_rawSend               
00009a3e  nwk_getNextConnection     
00009a8e  SMPL_Receive              
00009ada  nwk_findPeer              
00009b26  I_LSR                     
00009b34  I_LSR_15                  
00009b38  I_LSR_14                  
00009b3c  I_LSR_13                  
00009b40  I_LSR_12                  
00009b44  I_LSR_11                  
00009b48  I_LSR_10                  
00009b4c  I_LSR_9                   
00009b50  I_LSR_8                   
00009b54  I_LSR_7                   
00009b58  I_LSR_6                   
00009b5c  I_LSR_5                   
00009b60  I_LSR_4                   
00009b64  I_LSR_3                   
00009b68  I_LSR_2                   
00009b6c  I_LSR_1                   
00009b72  write_Values_to_Flash     
00009bbe  _auto_init                
00009c06  mrfiSpiCmdStrobe          
00009c4e  nwk_isLinkDuplicate       
00009c96  MRFI_RxAddrIsFiltered     
00009d22  MRFI_Rssi                 
00009daa  SMPL_Init                 
00009e6e  __divli                   
00009e6e  __remli                   
00009eec  read_Values_from_Flash    
00009f2a  MRFI_ReplyDelay           
00009f66  nwk_putNumObjectIntoMsg   
00009fa2  nwk_freqControl           
00009fdc  nwk_isValidReply          
0000a016  nwk_processMgmt           
0000a050  nv_obj_erase_flash        
0000a086  MRFI_SetRFPwr             
0000a0ba  MRFI_SetRxAddrFilter      
0000a0ee  mrfiSpiInit               
0000a122  nwk_deviceAddress         
0000a156  MRFI_SetLogicalChannel    
0000a1ba  nv_obj_write_lnk_id       
0000a1ec  nwk_QadjustOrder          
0000a21e  nwk_getConnInfo           
0000a250  nwk_linkInit              
0000a282  nwk_processFreq           
0000a314  nwk_rawReceive            
0000a344  nwk_sendFrame             
0000a3fa  nv_obj_read_nwk_cfg       
0000a426  nwk_buildAckReqFrame      
0000a452  __divi                    
0000a452  __remi                    
0000a4a8  nwk_NVObj                 
0000a4d2  nwk_checkConnInfo         
0000a4fc  nwk_getAPAddress          
0000a524  nwk_processPing           
0000a572  nwk_connectionControl     
0000a598  nwk_globalsInit           
0000a5be  nwk_joinInit              
0000a5e4  nwk_processLink           
0000a60a  __mpyl                    
0000a60a  __mpyl_sw                 
0000a630  write_Values_to_SPI       
0000a656  MRFI_Sleep                
0000a67a  MRFI_EnableRxAddrFilter   
0000a69c  MRFI_RxOn                 
0000a6be  memcmp                    
0000a6e0  BSP_Init                  
0000a700  BSP_InitBoard             
0000a720  MRFI_RxCompleteISR        
0000a740  MRFI_RxIdle               
0000a760  memmove                   
0000a780  nwk_frameInit             
0000a7a0  nwk_processJoin           
0000a7c0  BSP_Delay                 
0000a7de  mrfiSpiReadReg            
0000a7fc  nwk_QInit                 
0000a81a  MRFI_GpioIsr              
0000a836  nwk_setChannel            
0000a852  nwk_setMyAddress          
0000a86e  BSP_GpioPort1Isr          
0000a888  _c_int00_noargs_noexit    
0000a8a2  bothLEDs_off              
0000a8bc  bothLEDs_on               
0000a8d6  mrfiSpiWriteReg           
0000a8f0  MRFI_DelayMs              
0000a908  strcmp                    
0000a920  MRFI_RandomByte           
0000a94c  nwk_freqInit              
0000a962  __divu                    
0000a962  __remu                    
0000a98c  memset                    
0000a9a0  __mpyi                    
0000a9a0  __mpyi_sw                 
0000a9b4  toggleLED                 
0000a9c8  BSP_InitLeds              
0000a9ec  memcpy                    
0000a9fe  nv_obj_read_lnk_id        
0000aa10  nwk_getJoinToken          
0000aa22  nwk_getLinkToken          
0000aa34  nwk_getMyAddress          
0000aa46  nwk_setJoinToken          
0000aa58  nwk_setLinkToken          
0000aa6a  L_ASR                     
0000aa7a  func_epilog_7             
0000aa7c  func_epilog_6             
0000aa7e  func_epilog_5             
0000aa80  func_epilog_4             
0000aa82  func_epilog_3             
0000aa84  func_epilog_2             
0000aa86  func_epilog_1             
0000aa8a  MRFI_Receive              
0000aa98  mrfiSpiWriteTxFifo        
0000aaa6  nwk_getNumObjectFromMsg   
0000aab4  nwk_setAPAddress          
0000aac2  MRFI_PostKillSem          
0000aace  Timer_A                   
0000aae6  mrfiSpiReadRxFifo         
0000aaf2  BSP_InitButtons           
0000aafc  BSP_InitDrivers           
0000ab06  _system_pre_init          
0000ab10  nwk_mgmtInit              
0000ab1a  nwk_pingInit              
0000ab24  toggle_bothLEDs           
0000ab2e  ADC10_ISR                 
0000ab36  SMPL_Send                 
0000ab3e  nv_obj_init               
0000ab46  nwk_getChannel            
0000ab4e  MRFI_GetRadioState        
0000ab54  SMPL_Link                 
0000ab5a  __TI_ISR_TRAP             
0000ab60  nwk_freeConnection        
0000ab66  nwk_getBCastAddress       
0000ab6c  nwk_getFWVersion          
0000ab72  nwk_getMyRxType           
0000ab78  nwk_getProtocolVersion    
0000ab7e  C$$EXIT                   
0000ab7e  abort                     
0000ab82  nwk_processSecurity       
0000ab8a  nwk_securityInit          
0000ab8c  __cinit__                 
0000ab8c  __etext__                 
0000ab8c  cinit                     
0000ab8c  etext                     
0000ad3a  mrfiBroadcastAddr         
0000ffe0  __TI_int00                
0000ffe2  __TI_int01                
0000ffe4  __TI_int02                
0000ffe6  __TI_int03                
0000ffe8  __TI_int04                
0000ffea  __TI_int05                
0000ffec  __TI_int06                
0000ffee  __TI_int07                
0000fff0  __TI_int08                
0000fff2  __TI_int09                
0000fff4  __TI_int10                
0000fff6  __TI_int11                
0000fff8  __TI_int12                
0000fffa  __TI_int13                
0000fffc  __TI_int14                
0000fffe  _reset_vector             
ffffffff  __binit__                 
ffffffff  __c_args__                
ffffffff  __pinit__                 
ffffffff  binit                     
ffffffff  pinit                     

[314 symbols]
