<?xml version="1.0"?>
<link_info>
   <banner>MSP430 Linker PC v4.4.7</banner>
   <copyright>Copyright (c) 2003-2015 Texas Instruments Incorporated</copyright>
   <link_time>0x58bf255f</link_time>
   <link_errors>0x0</link_errors>
   <output_file>WirelessProgrammableCap.out</output_file>
   <entry_point>
      <name>_c_int00_noargs_noexit</name>
      <address>0xa888</address>
   </entry_point>
   <input_file_list>
      <input_file id="fl-2">
         <path>.\Components\simpliciti\nwk_applications\</path>
         <kind>object</kind>
         <file>nwk_freq.obj</file>
         <name>nwk_freq.obj</name>
      </input_file>
      <input_file id="fl-3">
         <path>.\Components\simpliciti\nwk_applications\</path>
         <kind>object</kind>
         <file>nwk_ioctl.obj</file>
         <name>nwk_ioctl.obj</name>
      </input_file>
      <input_file id="fl-4">
         <path>.\Components\simpliciti\nwk_applications\</path>
         <kind>object</kind>
         <file>nwk_join.obj</file>
         <name>nwk_join.obj</name>
      </input_file>
      <input_file id="fl-5">
         <path>.\Components\simpliciti\nwk_applications\</path>
         <kind>object</kind>
         <file>nwk_link.obj</file>
         <name>nwk_link.obj</name>
      </input_file>
      <input_file id="fl-6">
         <path>.\Components\simpliciti\nwk_applications\</path>
         <kind>object</kind>
         <file>nwk_mgmt.obj</file>
         <name>nwk_mgmt.obj</name>
      </input_file>
      <input_file id="fl-7">
         <path>.\Components\simpliciti\nwk_applications\</path>
         <kind>object</kind>
         <file>nwk_ping.obj</file>
         <name>nwk_ping.obj</name>
      </input_file>
      <input_file id="fl-8">
         <path>.\Components\simpliciti\nwk_applications\</path>
         <kind>object</kind>
         <file>nwk_security.obj</file>
         <name>nwk_security.obj</name>
      </input_file>
      <input_file id="fl-9">
         <path>.\Components\simpliciti\nwk\</path>
         <kind>object</kind>
         <file>nwk.obj</file>
         <name>nwk.obj</name>
      </input_file>
      <input_file id="fl-a">
         <path>.\Components\simpliciti\nwk\</path>
         <kind>object</kind>
         <file>nwk_QMgmt.obj</file>
         <name>nwk_QMgmt.obj</name>
      </input_file>
      <input_file id="fl-b">
         <path>.\Components\simpliciti\nwk\</path>
         <kind>object</kind>
         <file>nwk_api.obj</file>
         <name>nwk_api.obj</name>
      </input_file>
      <input_file id="fl-c">
         <path>.\Components\simpliciti\nwk\</path>
         <kind>object</kind>
         <file>nwk_frame.obj</file>
         <name>nwk_frame.obj</name>
      </input_file>
      <input_file id="fl-d">
         <path>.\Components\simpliciti\nwk\</path>
         <kind>object</kind>
         <file>nwk_globals.obj</file>
         <name>nwk_globals.obj</name>
      </input_file>
      <input_file id="fl-e">
         <path>.\Components\mrfi\</path>
         <kind>object</kind>
         <file>mrfi.obj</file>
         <name>mrfi.obj</name>
      </input_file>
      <input_file id="fl-f">
         <path>.\Components\bsp\</path>
         <kind>object</kind>
         <file>bsp.obj</file>
         <name>bsp.obj</name>
      </input_file>
      <input_file id="fl-10">
         <path>.\Applications\</path>
         <kind>object</kind>
         <file>main_ED.obj</file>
         <name>main_ED.obj</name>
      </input_file>
      <input_file id="fl-11">
         <path>.\Applications\</path>
         <kind>object</kind>
         <file>nv_obj.obj</file>
         <name>nv_obj.obj</name>
      </input_file>
      <input_file id="fl-12">
         <path>.\Applications\</path>
         <kind>object</kind>
         <file>vlo_rand.obj</file>
         <name>vlo_rand.obj</name>
      </input_file>
      <input_file id="fl-18">
         <path>C:\ti\ccsv6\tools\compiler\ti-cgt-msp430_4.4.7\lib\</path>
         <kind>archive</kind>
         <file>rts430.lib</file>
         <name>asr32.obj</name>
      </input_file>
      <input_file id="fl-19">
         <path>C:\ti\ccsv6\tools\compiler\ti-cgt-msp430_4.4.7\lib\</path>
         <kind>archive</kind>
         <file>rts430.lib</file>
         <name>boot.obj</name>
      </input_file>
      <input_file id="fl-1a">
         <path>C:\ti\ccsv6\tools\compiler\ti-cgt-msp430_4.4.7\lib\</path>
         <kind>archive</kind>
         <file>rts430.lib</file>
         <name>boot_special.obj</name>
      </input_file>
      <input_file id="fl-1b">
         <path>C:\ti\ccsv6\tools\compiler\ti-cgt-msp430_4.4.7\lib\</path>
         <kind>archive</kind>
         <file>rts430.lib</file>
         <name>copy_decompress_none.obj</name>
      </input_file>
      <input_file id="fl-1c">
         <path>C:\ti\ccsv6\tools\compiler\ti-cgt-msp430_4.4.7\lib\</path>
         <kind>archive</kind>
         <file>rts430.lib</file>
         <name>copy_decompress_rle.obj</name>
      </input_file>
      <input_file id="fl-1d">
         <path>C:\ti\ccsv6\tools\compiler\ti-cgt-msp430_4.4.7\lib\</path>
         <kind>archive</kind>
         <file>rts430.lib</file>
         <name>copy_zero_init.obj</name>
      </input_file>
      <input_file id="fl-1e">
         <path>C:\ti\ccsv6\tools\compiler\ti-cgt-msp430_4.4.7\lib\</path>
         <kind>archive</kind>
         <file>rts430.lib</file>
         <name>div16s.obj</name>
      </input_file>
      <input_file id="fl-1f">
         <path>C:\ti\ccsv6\tools\compiler\ti-cgt-msp430_4.4.7\lib\</path>
         <kind>archive</kind>
         <file>rts430.lib</file>
         <name>div16u.obj</name>
      </input_file>
      <input_file id="fl-20">
         <path>C:\ti\ccsv6\tools\compiler\ti-cgt-msp430_4.4.7\lib\</path>
         <kind>archive</kind>
         <file>rts430.lib</file>
         <name>div32s.obj</name>
      </input_file>
      <input_file id="fl-21">
         <path>C:\ti\ccsv6\tools\compiler\ti-cgt-msp430_4.4.7\lib\</path>
         <kind>archive</kind>
         <file>rts430.lib</file>
         <name>div32u.obj</name>
      </input_file>
      <input_file id="fl-22">
         <path>C:\ti\ccsv6\tools\compiler\ti-cgt-msp430_4.4.7\lib\</path>
         <kind>archive</kind>
         <file>rts430.lib</file>
         <name>epilog.obj</name>
      </input_file>
      <input_file id="fl-23">
         <path>C:\ti\ccsv6\tools\compiler\ti-cgt-msp430_4.4.7\lib\</path>
         <kind>archive</kind>
         <file>rts430.lib</file>
         <name>exit.obj</name>
      </input_file>
      <input_file id="fl-24">
         <path>C:\ti\ccsv6\tools\compiler\ti-cgt-msp430_4.4.7\lib\</path>
         <kind>archive</kind>
         <file>rts430.lib</file>
         <name>exit_gvars.obj</name>
      </input_file>
      <input_file id="fl-25">
         <path>C:\ti\ccsv6\tools\compiler\ti-cgt-msp430_4.4.7\lib\</path>
         <kind>archive</kind>
         <file>rts430.lib</file>
         <name>int00.obj</name>
      </input_file>
      <input_file id="fl-26">
         <path>C:\ti\ccsv6\tools\compiler\ti-cgt-msp430_4.4.7\lib\</path>
         <kind>archive</kind>
         <file>rts430.lib</file>
         <name>int01.obj</name>
      </input_file>
      <input_file id="fl-27">
         <path>C:\ti\ccsv6\tools\compiler\ti-cgt-msp430_4.4.7\lib\</path>
         <kind>archive</kind>
         <file>rts430.lib</file>
         <name>int02.obj</name>
      </input_file>
      <input_file id="fl-28">
         <path>C:\ti\ccsv6\tools\compiler\ti-cgt-msp430_4.4.7\lib\</path>
         <kind>archive</kind>
         <file>rts430.lib</file>
         <name>int04.obj</name>
      </input_file>
      <input_file id="fl-29">
         <path>C:\ti\ccsv6\tools\compiler\ti-cgt-msp430_4.4.7\lib\</path>
         <kind>archive</kind>
         <file>rts430.lib</file>
         <name>int06.obj</name>
      </input_file>
      <input_file id="fl-2a">
         <path>C:\ti\ccsv6\tools\compiler\ti-cgt-msp430_4.4.7\lib\</path>
         <kind>archive</kind>
         <file>rts430.lib</file>
         <name>int07.obj</name>
      </input_file>
      <input_file id="fl-2b">
         <path>C:\ti\ccsv6\tools\compiler\ti-cgt-msp430_4.4.7\lib\</path>
         <kind>archive</kind>
         <file>rts430.lib</file>
         <name>int08.obj</name>
      </input_file>
      <input_file id="fl-2c">
         <path>C:\ti\ccsv6\tools\compiler\ti-cgt-msp430_4.4.7\lib\</path>
         <kind>archive</kind>
         <file>rts430.lib</file>
         <name>int10.obj</name>
      </input_file>
      <input_file id="fl-2d">
         <path>C:\ti\ccsv6\tools\compiler\ti-cgt-msp430_4.4.7\lib\</path>
         <kind>archive</kind>
         <file>rts430.lib</file>
         <name>int11.obj</name>
      </input_file>
      <input_file id="fl-2e">
         <path>C:\ti\ccsv6\tools\compiler\ti-cgt-msp430_4.4.7\lib\</path>
         <kind>archive</kind>
         <file>rts430.lib</file>
         <name>int12.obj</name>
      </input_file>
      <input_file id="fl-2f">
         <path>C:\ti\ccsv6\tools\compiler\ti-cgt-msp430_4.4.7\lib\</path>
         <kind>archive</kind>
         <file>rts430.lib</file>
         <name>int13.obj</name>
      </input_file>
      <input_file id="fl-30">
         <path>C:\ti\ccsv6\tools\compiler\ti-cgt-msp430_4.4.7\lib\</path>
         <kind>archive</kind>
         <file>rts430.lib</file>
         <name>int14.obj</name>
      </input_file>
      <input_file id="fl-31">
         <path>C:\ti\ccsv6\tools\compiler\ti-cgt-msp430_4.4.7\lib\</path>
         <kind>archive</kind>
         <file>rts430.lib</file>
         <name>isr_trap.obj</name>
      </input_file>
      <input_file id="fl-32">
         <path>C:\ti\ccsv6\tools\compiler\ti-cgt-msp430_4.4.7\lib\</path>
         <kind>archive</kind>
         <file>rts430.lib</file>
         <name>lsr16.obj</name>
      </input_file>
      <input_file id="fl-33">
         <path>C:\ti\ccsv6\tools\compiler\ti-cgt-msp430_4.4.7\lib\</path>
         <kind>archive</kind>
         <file>rts430.lib</file>
         <name>memcmp.obj</name>
      </input_file>
      <input_file id="fl-34">
         <path>C:\ti\ccsv6\tools\compiler\ti-cgt-msp430_4.4.7\lib\</path>
         <kind>archive</kind>
         <file>rts430.lib</file>
         <name>memcpy.obj</name>
      </input_file>
      <input_file id="fl-35">
         <path>C:\ti\ccsv6\tools\compiler\ti-cgt-msp430_4.4.7\lib\</path>
         <kind>archive</kind>
         <file>rts430.lib</file>
         <name>memmov.obj</name>
      </input_file>
      <input_file id="fl-36">
         <path>C:\ti\ccsv6\tools\compiler\ti-cgt-msp430_4.4.7\lib\</path>
         <kind>archive</kind>
         <file>rts430.lib</file>
         <name>memset.obj</name>
      </input_file>
      <input_file id="fl-37">
         <path>C:\ti\ccsv6\tools\compiler\ti-cgt-msp430_4.4.7\lib\</path>
         <kind>archive</kind>
         <file>rts430.lib</file>
         <name>mpu_init.obj</name>
      </input_file>
      <input_file id="fl-38">
         <path>C:\ti\ccsv6\tools\compiler\ti-cgt-msp430_4.4.7\lib\</path>
         <kind>archive</kind>
         <file>rts430.lib</file>
         <name>mult16.obj</name>
      </input_file>
      <input_file id="fl-39">
         <path>C:\ti\ccsv6\tools\compiler\ti-cgt-msp430_4.4.7\lib\</path>
         <kind>archive</kind>
         <file>rts430.lib</file>
         <name>mult32.obj</name>
      </input_file>
      <input_file id="fl-3a">
         <path>C:\ti\ccsv6\tools\compiler\ti-cgt-msp430_4.4.7\lib\</path>
         <kind>archive</kind>
         <file>rts430.lib</file>
         <name>strcmp.obj</name>
      </input_file>
      <input_file id="fl-3b">
         <path>C:\ti\ccsv6\tools\compiler\ti-cgt-msp430_4.4.7\lib\</path>
         <kind>archive</kind>
         <file>rts430.lib</file>
         <name>_lock.obj</name>
      </input_file>
      <input_file id="fl-3c">
         <path>C:\ti\ccsv6\tools\compiler\ti-cgt-msp430_4.4.7\lib\</path>
         <kind>archive</kind>
         <file>rts430.lib</file>
         <name>args_main.obj</name>
      </input_file>
      <input_file id="fl-3d">
         <path>C:\ti\ccsv6\tools\compiler\ti-cgt-msp430_4.4.7\lib\</path>
         <kind>archive</kind>
         <file>rts430.lib</file>
         <name>autoinit.obj</name>
      </input_file>
   </input_file_list>
   <object_component_list>
      <object_component id="oc-3b">
         <name>.bss</name>
         <uninitialized>true</uninitialized>
         <run_address>0x3c7</run_address>
         <size>0x2</size>
         <input_file_ref idref="fl-2"/>
      </object_component>
      <object_component id="oc-47">
         <name>.bss</name>
         <uninitialized>true</uninitialized>
         <run_address>0x3bc</run_address>
         <size>0x7</size>
         <input_file_ref idref="fl-4"/>
      </object_component>
      <object_component id="oc-4e">
         <name>.bss</name>
         <uninitialized>true</uninitialized>
         <run_address>0x3a0</run_address>
         <size>0xa</size>
         <input_file_ref idref="fl-5"/>
      </object_component>
      <object_component id="oc-55">
         <name>.bss</name>
         <uninitialized>true</uninitialized>
         <run_address>0x3c4</run_address>
         <size>0x3</size>
         <input_file_ref idref="fl-6"/>
      </object_component>
      <object_component id="oc-5c">
         <name>.bss</name>
         <uninitialized>true</uninitialized>
         <run_address>0x3c3</run_address>
         <size>0x1</size>
         <input_file_ref idref="fl-7"/>
      </object_component>
      <object_component id="oc-68">
         <name>.bss</name>
         <uninitialized>true</uninitialized>
         <run_address>0x376</run_address>
         <size>0x29</size>
         <input_file_ref idref="fl-9"/>
      </object_component>
      <object_component id="oc-6f">
         <name>.bss</name>
         <uninitialized>true</uninitialized>
         <run_address>0x2b6</run_address>
         <size>0x90</size>
         <input_file_ref idref="fl-a"/>
      </object_component>
      <object_component id="oc-75">
         <name>.bss</name>
         <uninitialized>true</uninitialized>
         <run_address>0x3b3</run_address>
         <size>0x1</size>
         <input_file_ref idref="fl-b"/>
      </object_component>
      <object_component id="oc-7c">
         <name>.bss</name>
         <uninitialized>true</uninitialized>
         <run_address>0x3b4</run_address>
         <size>0x8</size>
         <input_file_ref idref="fl-c"/>
      </object_component>
      <object_component id="oc-83">
         <name>.bss</name>
         <uninitialized>true</uninitialized>
         <run_address>0x3aa</run_address>
         <size>0x9</size>
         <input_file_ref idref="fl-d"/>
      </object_component>
      <object_component id="oc-8b">
         <name>.bss</name>
         <uninitialized>true</uninitialized>
         <run_address>0x346</run_address>
         <size>0x30</size>
         <input_file_ref idref="fl-e"/>
      </object_component>
      <object_component id="oc-92">
         <name>.bss</name>
         <uninitialized>true</uninitialized>
         <run_address>0x39f</run_address>
         <size>0x1</size>
         <input_file_ref idref="fl-f"/>
      </object_component>
      <object_component id="oc-99">
         <name>.bss</name>
         <uninitialized>true</uninitialized>
         <run_address>0x200</run_address>
         <size>0xb6</size>
         <input_file_ref idref="fl-10"/>
      </object_component>
      <object_component id="oc-b0">
         <name>.stack</name>
         <uninitialized>true</uninitialized>
         <run_address>0x5b0</run_address>
         <size>0x2</size>
         <input_file_ref idref="fl-19"/>
      </object_component>
      <object_component id="oc-1fb">
         <name>.stack</name>
         <uninitialized>true</uninitialized>
         <run_address>0x5b0</run_address>
         <size>0x0</size>
      </object_component>
      <object_component id="oc-15f">
         <name>.text:MRFI_Init</name>
         <load_address>0x8000</load_address>
         <run_address>0x8000</run_address>
         <size>0x1c6</size>
         <input_file_ref idref="fl-e"/>
      </object_component>
      <object_component id="oc-1cc">
         <name>.text:smpl_send_link_reply</name>
         <load_address>0x81c6</load_address>
         <run_address>0x81c6</run_address>
         <size>0x19a</size>
         <input_file_ref idref="fl-5"/>
      </object_component>
      <object_component id="oc-19f">
         <name>.text:nwk_link</name>
         <load_address>0x8360</load_address>
         <run_address>0x8360</run_address>
         <size>0x15a</size>
         <input_file_ref idref="fl-5"/>
      </object_component>
      <object_component id="oc-149">
         <name>.text:linkTo</name>
         <load_address>0x84ba</load_address>
         <run_address>0x84ba</run_address>
         <size>0x14c</size>
         <input_file_ref idref="fl-10"/>
      </object_component>
      <object_component id="oc-16e">
         <name>.text:parseCommandString</name>
         <load_address>0x8606</load_address>
         <run_address>0x8606</run_address>
         <size>0x140</size>
         <input_file_ref idref="fl-10"/>
      </object_component>
      <object_component id="oc-145">
         <name>.text:SMPL_Ioctl</name>
         <load_address>0x8746</load_address>
         <run_address>0x8746</run_address>
         <size>0x13a</size>
         <input_file_ref idref="fl-b"/>
      </object_component>
      <object_component id="oc-1ad">
         <name>.text:nwk_QfindOldest</name>
         <load_address>0x8880</load_address>
         <run_address>0x8880</run_address>
         <size>0x12e</size>
         <input_file_ref idref="fl-a"/>
      </object_component>
      <object_component id="oc-166">
         <name>.text:nwk_join</name>
         <load_address>0x89ae</load_address>
         <run_address>0x89ae</run_address>
         <size>0x12c</size>
         <input_file_ref idref="fl-4"/>
      </object_component>
      <object_component id="oc-184">
         <name>.text:nwk_scanForChannels</name>
         <load_address>0x8ada</load_address>
         <run_address>0x8ada</run_address>
         <size>0x112</size>
         <input_file_ref idref="fl-2"/>
      </object_component>
      <object_component id="oc-132">
         <name>.text:main</name>
         <load_address>0x8bec</load_address>
         <run_address>0x8bec</run_address>
         <size>0x10c</size>
         <input_file_ref idref="fl-10"/>
      </object_component>
      <object_component id="oc-1a3">
         <name>.text:SMPL_SendOpt</name>
         <load_address>0x8cf8</load_address>
         <run_address>0x8cf8</run_address>
         <size>0x108</size>
         <input_file_ref idref="fl-b"/>
      </object_component>
      <object_component id="oc-16c">
         <name>.text:perform_self_Measurement</name>
         <load_address>0x8e00</load_address>
         <run_address>0x8e00</run_address>
         <size>0x104</size>
         <input_file_ref idref="fl-10"/>
      </object_component>
      <object_component id="oc-1ac">
         <name>.text:MRFI_Transmit</name>
         <load_address>0x8f04</load_address>
         <run_address>0x8f04</run_address>
         <size>0x102</size>
         <input_file_ref idref="fl-e"/>
      </object_component>
      <object_component id="oc-1b6">
         <name>.text:nwk_allocateLocalRxPort</name>
         <load_address>0x9006</load_address>
         <run_address>0x9006</run_address>
         <size>0xdc</size>
         <input_file_ref idref="fl-9"/>
      </object_component>
      <object_component id="oc-14b">
         <name>.text:Mrfi_SyncPinRxIsr</name>
         <load_address>0x90e2</load_address>
         <run_address>0x90e2</run_address>
         <size>0xd8</size>
         <input_file_ref idref="fl-e"/>
      </object_component>
      <object_component id="oc-a6">
         <name>.text</name>
         <load_address>0x91ba</load_address>
         <run_address>0x91ba</run_address>
         <size>0xba</size>
         <input_file_ref idref="fl-12"/>
      </object_component>
      <object_component id="oc-1a8">
         <name>.text:dispatchFrame</name>
         <load_address>0x9274</load_address>
         <run_address>0x9274</run_address>
         <size>0xb2</size>
         <input_file_ref idref="fl-c"/>
      </object_component>
      <object_component id="oc-183">
         <name>.text:nwk_retrieveFrame</name>
         <load_address>0x9326</load_address>
         <run_address>0x9326</run_address>
         <size>0xb2</size>
         <input_file_ref idref="fl-c"/>
      </object_component>
      <object_component id="oc-181">
         <name>.text:nwk_buildFrame</name>
         <load_address>0x93d8</load_address>
         <run_address>0x93d8</run_address>
         <size>0x9e</size>
         <input_file_ref idref="fl-c"/>
      </object_component>
      <object_component id="oc-1c4">
         <name>.text:nwk_sendAckReply</name>
         <load_address>0x9476</load_address>
         <run_address>0x9476</run_address>
         <size>0x9c</size>
         <input_file_ref idref="fl-c"/>
      </object_component>
      <object_component id="oc-1ba">
         <name>.text:nwk_isConnectionValid</name>
         <load_address>0x9512</load_address>
         <run_address>0x9512</run_address>
         <size>0x9a</size>
         <input_file_ref idref="fl-9"/>
      </object_component>
      <object_component id="oc-15a">
         <name>.text:nwk_radioControl</name>
         <load_address>0x95ac</load_address>
         <run_address>0x95ac</run_address>
         <size>0x98</size>
         <input_file_ref idref="fl-3"/>
      </object_component>
      <object_component id="oc-1a0">
         <name>.text:nv_obj_write_nwk_cfg</name>
         <load_address>0x9644</load_address>
         <run_address>0x9644</run_address>
         <size>0x94</size>
         <input_file_ref idref="fl-11"/>
      </object_component>
      <object_component id="oc-160">
         <name>.text:nwk_nwkInit</name>
         <load_address>0x96d8</load_address>
         <run_address>0x96d8</run_address>
         <size>0x86</size>
         <input_file_ref idref="fl-9"/>
      </object_component>
      <object_component id="oc-1a6">
         <name>.text:nwk_QfindSlot</name>
         <load_address>0x975e</load_address>
         <run_address>0x975e</run_address>
         <size>0x82</size>
         <input_file_ref idref="fl-a"/>
      </object_component>
      <object_component id="oc-1a5">
         <name>.text:spiBurstFifoAccess</name>
         <load_address>0x97e0</load_address>
         <run_address>0x97e0</run_address>
         <size>0x82</size>
         <input_file_ref idref="fl-e"/>
      </object_component>
      <object_component id="oc-144">
         <name>.text:createRandomAddress</name>
         <load_address>0x9862</load_address>
         <run_address>0x9862</run_address>
         <size>0x74</size>
         <input_file_ref idref="fl-10"/>
      </object_component>
      <object_component id="oc-1cb">
         <name>.text:smpl_send_unlink_reply</name>
         <load_address>0x98d6</load_address>
         <run_address>0x98d6</run_address>
         <size>0x68</size>
         <input_file_ref idref="fl-5"/>
      </object_component>
      <object_component id="oc-d9">
         <name>.text</name>
         <load_address>0x993e</load_address>
         <run_address>0x993e</run_address>
         <size>0x58</size>
         <input_file_ref idref="fl-21"/>
      </object_component>
      <object_component id="oc-161">
         <name>.text:MRFI_WakeUp</name>
         <load_address>0x9996</load_address>
         <run_address>0x9996</run_address>
         <size>0x54</size>
         <input_file_ref idref="fl-e"/>
      </object_component>
      <object_component id="oc-15b">
         <name>.text:nwk_rawSend</name>
         <load_address>0x99ea</load_address>
         <run_address>0x99ea</run_address>
         <size>0x54</size>
         <input_file_ref idref="fl-3"/>
      </object_component>
      <object_component id="oc-1b5">
         <name>.text:nwk_getNextConnection</name>
         <load_address>0x9a3e</load_address>
         <run_address>0x9a3e</run_address>
         <size>0x50</size>
         <input_file_ref idref="fl-9"/>
      </object_component>
      <object_component id="oc-15e">
         <name>.text:SMPL_Receive</name>
         <load_address>0x9a8e</load_address>
         <run_address>0x9a8e</run_address>
         <size>0x4c</size>
         <input_file_ref idref="fl-b"/>
      </object_component>
      <object_component id="oc-1d0">
         <name>.text:nwk_findPeer</name>
         <load_address>0x9ada</load_address>
         <run_address>0x9ada</run_address>
         <size>0x4c</size>
         <input_file_ref idref="fl-9"/>
      </object_component>
      <object_component id="oc-ee">
         <name>.text</name>
         <load_address>0x9b26</load_address>
         <run_address>0x9b26</run_address>
         <size>0x4c</size>
         <input_file_ref idref="fl-32"/>
      </object_component>
      <object_component id="oc-16b">
         <name>.text:write_Values_to_Flash</name>
         <load_address>0x9b72</load_address>
         <run_address>0x9b72</run_address>
         <size>0x4c</size>
         <input_file_ref idref="fl-10"/>
      </object_component>
      <object_component id="oc-12e">
         <name>.text:_auto_init</name>
         <load_address>0x9bbe</load_address>
         <run_address>0x9bbe</run_address>
         <size>0x48</size>
         <input_file_ref idref="fl-3d"/>
      </object_component>
      <object_component id="oc-176">
         <name>.text:mrfiSpiCmdStrobe</name>
         <load_address>0x9c06</load_address>
         <run_address>0x9c06</run_address>
         <size>0x48</size>
         <input_file_ref idref="fl-e"/>
      </object_component>
      <object_component id="oc-1d2">
         <name>.text:nwk_isLinkDuplicate</name>
         <load_address>0x9c4e</load_address>
         <run_address>0x9c4e</run_address>
         <size>0x48</size>
         <input_file_ref idref="fl-9"/>
      </object_component>
      <object_component id="oc-173">
         <name>.text:MRFI_RxAddrIsFiltered</name>
         <load_address>0x9c96</load_address>
         <run_address>0x9c96</run_address>
         <size>0x46</size>
         <input_file_ref idref="fl-e"/>
      </object_component>
      <object_component id="oc-1ca">
         <name>.text:smpl_send_ping_reply</name>
         <load_address>0x9cdc</load_address>
         <run_address>0x9cdc</run_address>
         <size>0x46</size>
         <input_file_ref idref="fl-7"/>
      </object_component>
      <object_component id="oc-17f">
         <name>.text:MRFI_Rssi</name>
         <load_address>0x9d22</load_address>
         <run_address>0x9d22</run_address>
         <size>0x44</size>
         <input_file_ref idref="fl-e"/>
      </object_component>
      <object_component id="oc-147">
         <name>.text:sRxCallback</name>
         <load_address>0x9d66</load_address>
         <run_address>0x9d66</run_address>
         <size>0x44</size>
         <input_file_ref idref="fl-10"/>
      </object_component>
      <object_component id="oc-148">
         <name>.text:SMPL_Init</name>
         <load_address>0x9daa</load_address>
         <run_address>0x9daa</run_address>
         <size>0x42</size>
         <input_file_ref idref="fl-b"/>
      </object_component>
      <object_component id="oc-1a4">
         <name>.text:spiRegAccess</name>
         <load_address>0x9dec</load_address>
         <run_address>0x9dec</run_address>
         <size>0x42</size>
         <input_file_ref idref="fl-e"/>
      </object_component>
      <object_component id="oc-1cd">
         <name>.text:change_channel_cmd_is_valid</name>
         <load_address>0x9e2e</load_address>
         <run_address>0x9e2e</run_address>
         <size>0x40</size>
         <input_file_ref idref="fl-2"/>
      </object_component>
      <object_component id="oc-d4">
         <name>.text</name>
         <load_address>0x9e6e</load_address>
         <run_address>0x9e6e</run_address>
         <size>0x40</size>
         <input_file_ref idref="fl-20"/>
      </object_component>
      <object_component id="oc-1bd">
         <name>.text:initializeConnection</name>
         <load_address>0x9eae</load_address>
         <run_address>0x9eae</run_address>
         <size>0x3e</size>
         <input_file_ref idref="fl-9"/>
      </object_component>
      <object_component id="oc-168">
         <name>.text:read_Values_from_Flash</name>
         <load_address>0x9eec</load_address>
         <run_address>0x9eec</run_address>
         <size>0x3e</size>
         <input_file_ref idref="fl-10"/>
      </object_component>
      <object_component id="oc-19c">
         <name>.text:MRFI_ReplyDelay</name>
         <load_address>0x9f2a</load_address>
         <run_address>0x9f2a</run_address>
         <size>0x3c</size>
         <input_file_ref idref="fl-e"/>
      </object_component>
      <object_component id="oc-19b">
         <name>.text:nwk_putNumObjectIntoMsg</name>
         <load_address>0x9f66</load_address>
         <run_address>0x9f66</run_address>
         <size>0x3c</size>
         <input_file_ref idref="fl-9"/>
      </object_component>
      <object_component id="oc-15d">
         <name>.text:nwk_freqControl</name>
         <load_address>0x9fa2</load_address>
         <run_address>0x9fa2</run_address>
         <size>0x3a</size>
         <input_file_ref idref="fl-2"/>
      </object_component>
      <object_component id="oc-1c6">
         <name>.text:nwk_isValidReply</name>
         <load_address>0x9fdc</load_address>
         <run_address>0x9fdc</run_address>
         <size>0x3a</size>
         <input_file_ref idref="fl-9"/>
      </object_component>
      <object_component id="oc-1c3">
         <name>.text:nwk_processMgmt</name>
         <load_address>0xa016</load_address>
         <run_address>0xa016</run_address>
         <size>0x3a</size>
         <input_file_ref idref="fl-6"/>
      </object_component>
      <object_component id="oc-143">
         <name>.text:nv_obj_erase_flash</name>
         <load_address>0xa050</load_address>
         <run_address>0xa050</run_address>
         <size>0x36</size>
         <input_file_ref idref="fl-11"/>
      </object_component>
      <object_component id="oc-17c">
         <name>.text:MRFI_SetRFPwr</name>
         <load_address>0xa086</load_address>
         <run_address>0xa086</run_address>
         <size>0x34</size>
         <input_file_ref idref="fl-e"/>
      </object_component>
      <object_component id="oc-164">
         <name>.text:MRFI_SetRxAddrFilter</name>
         <load_address>0xa0ba</load_address>
         <run_address>0xa0ba</run_address>
         <size>0x34</size>
         <input_file_ref idref="fl-e"/>
      </object_component>
      <object_component id="oc-187">
         <name>.text:mrfiSpiInit</name>
         <load_address>0xa0ee</load_address>
         <run_address>0xa0ee</run_address>
         <size>0x34</size>
         <input_file_ref idref="fl-e"/>
      </object_component>
      <object_component id="oc-159">
         <name>.text:nwk_deviceAddress</name>
         <load_address>0xa122</load_address>
         <run_address>0xa122</run_address>
         <size>0x34</size>
         <input_file_ref idref="fl-3"/>
      </object_component>
      <object_component id="oc-18a">
         <name>.text:MRFI_SetLogicalChannel</name>
         <load_address>0xa156</load_address>
         <run_address>0xa156</run_address>
         <size>0x32</size>
         <input_file_ref idref="fl-e"/>
      </object_component>
      <object_component id="oc-1c9">
         <name>.text:handle_freq_cmd</name>
         <load_address>0xa188</load_address>
         <run_address>0xa188</run_address>
         <size>0x32</size>
         <input_file_ref idref="fl-2"/>
      </object_component>
      <object_component id="oc-1a1">
         <name>.text:nv_obj_write_lnk_id</name>
         <load_address>0xa1ba</load_address>
         <run_address>0xa1ba</run_address>
         <size>0x32</size>
         <input_file_ref idref="fl-11"/>
      </object_component>
      <object_component id="oc-1ae">
         <name>.text:nwk_QadjustOrder</name>
         <load_address>0xa1ec</load_address>
         <run_address>0xa1ec</run_address>
         <size>0x32</size>
         <input_file_ref idref="fl-a"/>
      </object_component>
      <object_component id="oc-179">
         <name>.text:nwk_getConnInfo</name>
         <load_address>0xa21e</load_address>
         <run_address>0xa21e</run_address>
         <size>0x32</size>
         <input_file_ref idref="fl-9"/>
      </object_component>
      <object_component id="oc-196">
         <name>.text:nwk_linkInit</name>
         <load_address>0xa250</load_address>
         <run_address>0xa250</run_address>
         <size>0x32</size>
         <input_file_ref idref="fl-5"/>
      </object_component>
      <object_component id="oc-1c2">
         <name>.text:nwk_processFreq</name>
         <load_address>0xa282</load_address>
         <run_address>0xa282</run_address>
         <size>0x32</size>
         <input_file_ref idref="fl-2"/>
      </object_component>
      <object_component id="oc-1b4">
         <name>.text:Mrfi_DelayUsecSem</name>
         <load_address>0xa2b4</load_address>
         <run_address>0xa2b4</run_address>
         <size>0x30</size>
         <input_file_ref idref="fl-e"/>
      </object_component>
      <object_component id="oc-1a9">
         <name>.text:map_lid2idx</name>
         <load_address>0xa2e4</load_address>
         <run_address>0xa2e4</run_address>
         <size>0x30</size>
         <input_file_ref idref="fl-9"/>
      </object_component>
      <object_component id="oc-15c">
         <name>.text:nwk_rawReceive</name>
         <load_address>0xa314</load_address>
         <run_address>0xa314</run_address>
         <size>0x30</size>
         <input_file_ref idref="fl-3"/>
      </object_component>
      <object_component id="oc-182">
         <name>.text:nwk_sendFrame</name>
         <load_address>0xa344</load_address>
         <run_address>0xa344</run_address>
         <size>0x30</size>
         <input_file_ref idref="fl-c"/>
      </object_component>
      <object_component id="oc-174">
         <name>.text:Mrfi_CalculateRssi</name>
         <load_address>0xa374</load_address>
         <run_address>0xa374</run_address>
         <size>0x2e</size>
         <input_file_ref idref="fl-e"/>
      </object_component>
      <object_component id="oc-18b">
         <name>.text:Mrfi_RxModeOff</name>
         <load_address>0xa3a2</load_address>
         <run_address>0xa3a2</run_address>
         <size>0x2c</size>
         <input_file_ref idref="fl-e"/>
      </object_component>
      <object_component id="oc-1c8">
         <name>.text:handleLinkRequest</name>
         <load_address>0xa3ce</load_address>
         <run_address>0xa3ce</run_address>
         <size>0x2c</size>
         <input_file_ref idref="fl-5"/>
      </object_component>
      <object_component id="oc-167">
         <name>.text:nv_obj_read_nwk_cfg</name>
         <load_address>0xa3fa</load_address>
         <run_address>0xa3fa</run_address>
         <size>0x2c</size>
         <input_file_ref idref="fl-11"/>
      </object_component>
      <object_component id="oc-1b8">
         <name>.text:nwk_buildAckReqFrame</name>
         <load_address>0xa426</load_address>
         <run_address>0xa426</run_address>
         <size>0x2c</size>
         <input_file_ref idref="fl-c"/>
      </object_component>
      <object_component id="oc-ca">
         <name>.text</name>
         <load_address>0xa452</load_address>
         <run_address>0xa452</run_address>
         <size>0x2c</size>
         <input_file_ref idref="fl-1e"/>
      </object_component>
      <object_component id="oc-14d">
         <name>.text:Mrfi_DelayUsec</name>
         <load_address>0xa47e</load_address>
         <run_address>0xa47e</run_address>
         <size>0x2a</size>
         <input_file_ref idref="fl-e"/>
      </object_component>
      <object_component id="oc-157">
         <name>.text:nwk_NVObj</name>
         <load_address>0xa4a8</load_address>
         <run_address>0xa4a8</run_address>
         <size>0x2a</size>
         <input_file_ref idref="fl-9"/>
      </object_component>
      <object_component id="oc-186">
         <name>.text:nwk_checkConnInfo</name>
         <load_address>0xa4d2</load_address>
         <run_address>0xa4d2</run_address>
         <size>0x2a</size>
         <input_file_ref idref="fl-9"/>
      </object_component>
      <object_component id="oc-1af">
         <name>.text:nwk_getAPAddress</name>
         <load_address>0xa4fc</load_address>
         <run_address>0xa4fc</run_address>
         <size>0x28</size>
         <input_file_ref idref="fl-d"/>
      </object_component>
      <object_component id="oc-1be">
         <name>.text:nwk_processPing</name>
         <load_address>0xa524</load_address>
         <run_address>0xa524</run_address>
         <size>0x28</size>
         <input_file_ref idref="fl-7"/>
      </object_component>
      <object_component id="oc-1bc">
         <name>.text:Mrfi_RandomBackoffDelay</name>
         <load_address>0xa54c</load_address>
         <run_address>0xa54c</run_address>
         <size>0x26</size>
         <input_file_ref idref="fl-e"/>
      </object_component>
      <object_component id="oc-158">
         <name>.text:nwk_connectionControl</name>
         <load_address>0xa572</load_address>
         <run_address>0xa572</run_address>
         <size>0x26</size>
         <input_file_ref idref="fl-3"/>
      </object_component>
      <object_component id="oc-18f">
         <name>.text:nwk_globalsInit</name>
         <load_address>0xa598</load_address>
         <run_address>0xa598</run_address>
         <size>0x26</size>
         <input_file_ref idref="fl-d"/>
      </object_component>
      <object_component id="oc-194">
         <name>.text:nwk_joinInit</name>
         <load_address>0xa5be</load_address>
         <run_address>0xa5be</run_address>
         <size>0x26</size>
         <input_file_ref idref="fl-4"/>
      </object_component>
      <object_component id="oc-1bf">
         <name>.text:nwk_processLink</name>
         <load_address>0xa5e4</load_address>
         <run_address>0xa5e4</run_address>
         <size>0x26</size>
         <input_file_ref idref="fl-5"/>
      </object_component>
      <object_component id="oc-18d">
         <name>.text</name>
         <load_address>0xa60a</load_address>
         <run_address>0xa60a</run_address>
         <size>0x26</size>
         <input_file_ref idref="fl-39"/>
      </object_component>
      <object_component id="oc-16d">
         <name>.text:write_Values_to_SPI</name>
         <load_address>0xa630</load_address>
         <run_address>0xa630</run_address>
         <size>0x26</size>
         <input_file_ref idref="fl-10"/>
      </object_component>
      <object_component id="oc-180">
         <name>.text:MRFI_Sleep</name>
         <load_address>0xa656</load_address>
         <run_address>0xa656</run_address>
         <size>0x24</size>
         <input_file_ref idref="fl-e"/>
      </object_component>
      <object_component id="oc-165">
         <name>.text:MRFI_EnableRxAddrFilter</name>
         <load_address>0xa67a</load_address>
         <run_address>0xa67a</run_address>
         <size>0x22</size>
         <input_file_ref idref="fl-e"/>
      </object_component>
      <object_component id="oc-17e">
         <name>.text:MRFI_RxOn</name>
         <load_address>0xa69c</load_address>
         <run_address>0xa69c</run_address>
         <size>0x22</size>
         <input_file_ref idref="fl-e"/>
      </object_component>
      <object_component id="oc-1b0">
         <name>.text:memcmp</name>
         <load_address>0xa6be</load_address>
         <run_address>0xa6be</run_address>
         <size>0x22</size>
         <input_file_ref idref="fl-33"/>
      </object_component>
      <object_component id="oc-13f">
         <name>.text:BSP_Init</name>
         <load_address>0xa6e0</load_address>
         <run_address>0xa6e0</run_address>
         <size>0x20</size>
         <input_file_ref idref="fl-f"/>
      </object_component>
      <object_component id="oc-14e">
         <name>.text:BSP_InitBoard</name>
         <load_address>0xa700</load_address>
         <run_address>0xa700</run_address>
         <size>0x20</size>
         <input_file_ref idref="fl-f"/>
      </object_component>
      <object_component id="oc-175">
         <name>.text:MRFI_RxCompleteISR</name>
         <load_address>0xa720</load_address>
         <run_address>0xa720</run_address>
         <size>0x20</size>
         <input_file_ref idref="fl-c"/>
      </object_component>
      <object_component id="oc-17d">
         <name>.text:MRFI_RxIdle</name>
         <load_address>0xa740</load_address>
         <run_address>0xa740</run_address>
         <size>0x20</size>
         <input_file_ref idref="fl-e"/>
      </object_component>
      <object_component id="oc-1b3">
         <name>.text:memmove</name>
         <load_address>0xa760</load_address>
         <run_address>0xa760</run_address>
         <size>0x20</size>
         <input_file_ref idref="fl-35"/>
      </object_component>
      <object_component id="oc-190">
         <name>.text:nwk_frameInit</name>
         <load_address>0xa780</load_address>
         <run_address>0xa780</run_address>
         <size>0x20</size>
         <input_file_ref idref="fl-c"/>
      </object_component>
      <object_component id="oc-1c0">
         <name>.text:nwk_processJoin</name>
         <load_address>0xa7a0</load_address>
         <run_address>0xa7a0</run_address>
         <size>0x20</size>
         <input_file_ref idref="fl-4"/>
      </object_component>
      <object_component id="oc-16a">
         <name>.text:BSP_Delay</name>
         <load_address>0xa7c0</load_address>
         <run_address>0xa7c0</run_address>
         <size>0x1e</size>
         <input_file_ref idref="fl-f"/>
      </object_component>
      <object_component id="oc-170">
         <name>.text:mrfiSpiReadReg</name>
         <load_address>0xa7de</load_address>
         <run_address>0xa7de</run_address>
         <size>0x1e</size>
         <input_file_ref idref="fl-e"/>
      </object_component>
      <object_component id="oc-191">
         <name>.text:nwk_QInit</name>
         <load_address>0xa7fc</load_address>
         <run_address>0xa7fc</run_address>
         <size>0x1e</size>
         <input_file_ref idref="fl-a"/>
      </object_component>
      <object_component id="oc-135">
         <name>.text:MRFI_GpioIsr</name>
         <load_address>0xa81a</load_address>
         <run_address>0xa81a</run_address>
         <size>0x1c</size>
         <input_file_ref idref="fl-e"/>
      </object_component>
      <object_component id="oc-162">
         <name>.text:nwk_setChannel</name>
         <load_address>0xa836</load_address>
         <run_address>0xa836</run_address>
         <size>0x1c</size>
         <input_file_ref idref="fl-2"/>
      </object_component>
      <object_component id="oc-17b">
         <name>.text:nwk_setMyAddress</name>
         <load_address>0xa852</load_address>
         <run_address>0xa852</run_address>
         <size>0x1c</size>
         <input_file_ref idref="fl-d"/>
      </object_component>
      <object_component id="oc-12a">
         <name>.text:BSP_GpioPort1Isr</name>
         <load_address>0xa86e</load_address>
         <run_address>0xa86e</run_address>
         <size>0x1a</size>
         <input_file_ref idref="fl-e"/>
      </object_component>
      <object_component id="oc-35">
         <name>.text:_c_int00_noargs_noexit</name>
         <load_address>0xa888</load_address>
         <run_address>0xa888</run_address>
         <size>0x1a</size>
         <input_file_ref idref="fl-1a"/>
      </object_component>
      <object_component id="oc-146">
         <name>.text:bothLEDs_off</name>
         <load_address>0xa8a2</load_address>
         <run_address>0xa8a2</run_address>
         <size>0x1a</size>
         <input_file_ref idref="fl-10"/>
      </object_component>
      <object_component id="oc-141">
         <name>.text:bothLEDs_on</name>
         <load_address>0xa8bc</load_address>
         <run_address>0xa8bc</run_address>
         <size>0x1a</size>
         <input_file_ref idref="fl-10"/>
      </object_component>
      <object_component id="oc-188">
         <name>.text:mrfiSpiWriteReg</name>
         <load_address>0xa8d6</load_address>
         <run_address>0xa8d6</run_address>
         <size>0x1a</size>
         <input_file_ref idref="fl-e"/>
      </object_component>
      <object_component id="oc-13e">
         <name>.text:MRFI_DelayMs</name>
         <load_address>0xa8f0</load_address>
         <run_address>0xa8f0</run_address>
         <size>0x18</size>
         <input_file_ref idref="fl-e"/>
      </object_component>
      <object_component id="oc-1a2">
         <name>.text:strcmp</name>
         <load_address>0xa908</load_address>
         <run_address>0xa908</run_address>
         <size>0x18</size>
         <input_file_ref idref="fl-3a"/>
      </object_component>
      <object_component id="oc-1b2">
         <name>.text:MRFI_RandomByte</name>
         <load_address>0xa920</load_address>
         <run_address>0xa920</run_address>
         <size>0x16</size>
         <input_file_ref idref="fl-e"/>
      </object_component>
      <object_component id="oc-1ab">
         <name>.text:Mrfi_RxModeOn</name>
         <load_address>0xa936</load_address>
         <run_address>0xa936</run_address>
         <size>0x16</size>
         <input_file_ref idref="fl-e"/>
      </object_component>
      <object_component id="oc-192">
         <name>.text:nwk_freqInit</name>
         <load_address>0xa94c</load_address>
         <run_address>0xa94c</run_address>
         <size>0x16</size>
         <input_file_ref idref="fl-2"/>
      </object_component>
      <object_component id="oc-cf">
         <name>.text</name>
         <load_address>0xa962</load_address>
         <run_address>0xa962</run_address>
         <size>0x16</size>
         <input_file_ref idref="fl-1f"/>
      </object_component>
      <object_component id="oc-150">
         <name>.text:ioctlPreInitAccessIsOK</name>
         <load_address>0xa978</load_address>
         <run_address>0xa978</run_address>
         <size>0x14</size>
         <input_file_ref idref="fl-b"/>
      </object_component>
      <object_component id="oc-172">
         <name>.text:memset</name>
         <load_address>0xa98c</load_address>
         <run_address>0xa98c</run_address>
         <size>0x14</size>
         <input_file_ref idref="fl-36"/>
      </object_component>
      <object_component id="oc-18e">
         <name>.text</name>
         <load_address>0xa9a0</load_address>
         <run_address>0xa9a0</run_address>
         <size>0x14</size>
         <input_file_ref idref="fl-38"/>
      </object_component>
      <object_component id="oc-142">
         <name>.text:toggleLED</name>
         <load_address>0xa9b4</load_address>
         <run_address>0xa9b4</run_address>
         <size>0x14</size>
         <input_file_ref idref="fl-10"/>
      </object_component>
      <object_component id="oc-177">
         <name>.text:BSP_InitLeds</name>
         <load_address>0xa9c8</load_address>
         <run_address>0xa9c8</run_address>
         <size>0x12</size>
         <input_file_ref idref="fl-f"/>
      </object_component>
      <object_component id="oc-1ce">
         <name>.text:change_channel_cmd</name>
         <load_address>0xa9da</load_address>
         <run_address>0xa9da</run_address>
         <size>0x12</size>
         <input_file_ref idref="fl-2"/>
      </object_component>
      <object_component id="oc-128">
         <name>.text:memcpy</name>
         <load_address>0xa9ec</load_address>
         <run_address>0xa9ec</run_address>
         <size>0x12</size>
         <input_file_ref idref="fl-34"/>
      </object_component>
      <object_component id="oc-19e">
         <name>.text:nv_obj_read_lnk_id</name>
         <load_address>0xa9fe</load_address>
         <run_address>0xa9fe</run_address>
         <size>0x12</size>
         <input_file_ref idref="fl-11"/>
      </object_component>
      <object_component id="oc-153">
         <name>.text:nwk_getJoinToken</name>
         <load_address>0xaa10</load_address>
         <run_address>0xaa10</run_address>
         <size>0x12</size>
         <input_file_ref idref="fl-4"/>
      </object_component>
      <object_component id="oc-151">
         <name>.text:nwk_getLinkToken</name>
         <load_address>0xaa22</load_address>
         <run_address>0xaa22</run_address>
         <size>0x12</size>
         <input_file_ref idref="fl-5"/>
      </object_component>
      <object_component id="oc-163">
         <name>.text:nwk_getMyAddress</name>
         <load_address>0xaa34</load_address>
         <run_address>0xaa34</run_address>
         <size>0x12</size>
         <input_file_ref idref="fl-d"/>
      </object_component>
      <object_component id="oc-154">
         <name>.text:nwk_setJoinToken</name>
         <load_address>0xaa46</load_address>
         <run_address>0xaa46</run_address>
         <size>0x12</size>
         <input_file_ref idref="fl-4"/>
      </object_component>
      <object_component id="oc-152">
         <name>.text:nwk_setLinkToken</name>
         <load_address>0xaa58</load_address>
         <run_address>0xaa58</run_address>
         <size>0x12</size>
         <input_file_ref idref="fl-5"/>
      </object_component>
      <object_component id="oc-18c">
         <name>.text:l_asr</name>
         <load_address>0xaa6a</load_address>
         <run_address>0xaa6a</run_address>
         <size>0x10</size>
         <input_file_ref idref="fl-18"/>
      </object_component>
      <object_component id="oc-134">
         <name>.text</name>
         <load_address>0xaa7a</load_address>
         <run_address>0xaa7a</run_address>
         <size>0x10</size>
         <input_file_ref idref="fl-22"/>
      </object_component>
      <object_component id="oc-1a7">
         <name>.text:MRFI_Receive</name>
         <load_address>0xaa8a</load_address>
         <run_address>0xaa8a</run_address>
         <size>0xe</size>
         <input_file_ref idref="fl-e"/>
      </object_component>
      <object_component id="oc-1bb">
         <name>.text:mrfiSpiWriteTxFifo</name>
         <load_address>0xaa98</load_address>
         <run_address>0xaa98</run_address>
         <size>0xe</size>
         <input_file_ref idref="fl-e"/>
      </object_component>
      <object_component id="oc-1d1">
         <name>.text:nwk_getNumObjectFromMsg</name>
         <load_address>0xaaa6</load_address>
         <run_address>0xaaa6</run_address>
         <size>0xe</size>
         <input_file_ref idref="fl-9"/>
      </object_component>
      <object_component id="oc-19d">
         <name>.text:nwk_setAPAddress</name>
         <load_address>0xaab4</load_address>
         <run_address>0xaab4</run_address>
         <size>0xe</size>
         <input_file_ref idref="fl-d"/>
      </object_component>
      <object_component id="oc-1c5">
         <name>.text:MRFI_PostKillSem</name>
         <load_address>0xaac2</load_address>
         <run_address>0xaac2</run_address>
         <size>0xc</size>
         <input_file_ref idref="fl-e"/>
      </object_component>
      <object_component id="oc-12c">
         <name>.text:Timer_A</name>
         <load_address>0xaace</load_address>
         <run_address>0xaace</run_address>
         <size>0xc</size>
         <input_file_ref idref="fl-10"/>
      </object_component>
      <object_component id="oc-1c7">
         <name>.text:handlePingRequest</name>
         <load_address>0xaada</load_address>
         <run_address>0xaada</run_address>
         <size>0xc</size>
         <input_file_ref idref="fl-7"/>
      </object_component>
      <object_component id="oc-171">
         <name>.text:mrfiSpiReadRxFifo</name>
         <load_address>0xaae6</load_address>
         <run_address>0xaae6</run_address>
         <size>0xc</size>
         <input_file_ref idref="fl-e"/>
      </object_component>
      <object_component id="oc-178">
         <name>.text:BSP_InitButtons</name>
         <load_address>0xaaf2</load_address>
         <run_address>0xaaf2</run_address>
         <size>0xa</size>
         <input_file_ref idref="fl-f"/>
      </object_component>
      <object_component id="oc-14f">
         <name>.text:BSP_InitDrivers</name>
         <load_address>0xaafc</load_address>
         <run_address>0xaafc</run_address>
         <size>0xa</size>
         <input_file_ref idref="fl-f"/>
      </object_component>
      <object_component id="oc-12d">
         <name>.text:_system_pre_init</name>
         <load_address>0xab06</load_address>
         <run_address>0xab06</run_address>
         <size>0xa</size>
         <input_file_ref idref="fl-f"/>
      </object_component>
      <object_component id="oc-195">
         <name>.text:nwk_mgmtInit</name>
         <load_address>0xab10</load_address>
         <run_address>0xab10</run_address>
         <size>0xa</size>
         <input_file_ref idref="fl-6"/>
      </object_component>
      <object_component id="oc-193">
         <name>.text:nwk_pingInit</name>
         <load_address>0xab1a</load_address>
         <run_address>0xab1a</run_address>
         <size>0xa</size>
         <input_file_ref idref="fl-7"/>
      </object_component>
      <object_component id="oc-14a">
         <name>.text:toggle_bothLEDs</name>
         <load_address>0xab24</load_address>
         <run_address>0xab24</run_address>
         <size>0xa</size>
         <input_file_ref idref="fl-10"/>
      </object_component>
      <object_component id="oc-12b">
         <name>.text:ADC10_ISR</name>
         <load_address>0xab2e</load_address>
         <run_address>0xab2e</run_address>
         <size>0x8</size>
         <input_file_ref idref="fl-10"/>
      </object_component>
      <object_component id="oc-16f">
         <name>.text:SMPL_Send</name>
         <load_address>0xab36</load_address>
         <run_address>0xab36</run_address>
         <size>0x8</size>
         <input_file_ref idref="fl-b"/>
      </object_component>
      <object_component id="oc-140">
         <name>.text:nv_obj_init</name>
         <load_address>0xab3e</load_address>
         <run_address>0xab3e</run_address>
         <size>0x8</size>
         <input_file_ref idref="fl-11"/>
      </object_component>
      <object_component id="oc-185">
         <name>.text:nwk_getChannel</name>
         <load_address>0xab46</load_address>
         <run_address>0xab46</run_address>
         <size>0x8</size>
         <input_file_ref idref="fl-2"/>
      </object_component>
      <object_component id="oc-19a">
         <name>.text:MRFI_GetRadioState</name>
         <load_address>0xab4e</load_address>
         <run_address>0xab4e</run_address>
         <size>0x6</size>
         <input_file_ref idref="fl-e"/>
      </object_component>
      <object_component id="oc-169">
         <name>.text:SMPL_Link</name>
         <load_address>0xab54</load_address>
         <run_address>0xab54</run_address>
         <size>0x6</size>
         <input_file_ref idref="fl-b"/>
      </object_component>
      <object_component id="oc-e9">
         <name>.text:_isr:__TI_ISR_TRAP</name>
         <load_address>0xab5a</load_address>
         <run_address>0xab5a</run_address>
         <size>0x6</size>
         <input_file_ref idref="fl-31"/>
      </object_component>
      <object_component id="oc-17a">
         <name>.text:nwk_freeConnection</name>
         <load_address>0xab60</load_address>
         <run_address>0xab60</run_address>
         <size>0x6</size>
         <input_file_ref idref="fl-9"/>
      </object_component>
      <object_component id="oc-198">
         <name>.text:nwk_getBCastAddress</name>
         <load_address>0xab66</load_address>
         <run_address>0xab66</run_address>
         <size>0x6</size>
         <input_file_ref idref="fl-d"/>
      </object_component>
      <object_component id="oc-156">
         <name>.text:nwk_getFWVersion</name>
         <load_address>0xab6c</load_address>
         <run_address>0xab6c</run_address>
         <size>0x6</size>
         <input_file_ref idref="fl-d"/>
      </object_component>
      <object_component id="oc-1b7">
         <name>.text:nwk_getMyRxType</name>
         <load_address>0xab72</load_address>
         <run_address>0xab72</run_address>
         <size>0x6</size>
         <input_file_ref idref="fl-c"/>
      </object_component>
      <object_component id="oc-155">
         <name>.text:nwk_getProtocolVersion</name>
         <load_address>0xab78</load_address>
         <run_address>0xab78</run_address>
         <size>0x6</size>
         <input_file_ref idref="fl-d"/>
      </object_component>
      <object_component id="oc-133">
         <name>.text:abort</name>
         <load_address>0xab7e</load_address>
         <run_address>0xab7e</run_address>
         <size>0x4</size>
         <input_file_ref idref="fl-23"/>
      </object_component>
      <object_component id="oc-1c1">
         <name>.text:nwk_processSecurity</name>
         <load_address>0xab82</load_address>
         <run_address>0xab82</run_address>
         <size>0x4</size>
         <input_file_ref idref="fl-8"/>
      </object_component>
      <object_component id="oc-1cf">
         <name>.text:send_ping_reply</name>
         <load_address>0xab86</load_address>
         <run_address>0xab86</run_address>
         <size>0x4</size>
         <input_file_ref idref="fl-2"/>
      </object_component>
      <object_component id="oc-197">
         <name>.text:nwk_securityInit</name>
         <load_address>0xab8a</load_address>
         <run_address>0xab8a</run_address>
         <size>0x2</size>
         <input_file_ref idref="fl-8"/>
      </object_component>
      <object_component id="oc-9b">
         <name>.cinit</name>
         <load_address>0xab8c</load_address>
         <run_address>0xab8c</run_address>
         <size>0x8f</size>
         <input_file_ref idref="fl-10"/>
      </object_component>
      <object_component id="oc-8d">
         <name>.cinit</name>
         <load_address>0xac1c</load_address>
         <run_address>0xac1c</run_address>
         <size>0x2f</size>
         <input_file_ref idref="fl-e"/>
      </object_component>
      <object_component id="oc-7e">
         <name>.cinit</name>
         <load_address>0xac4c</load_address>
         <run_address>0xac4c</run_address>
         <size>0x1e</size>
         <input_file_ref idref="fl-c"/>
      </object_component>
      <object_component id="oc-50">
         <name>.cinit</name>
         <load_address>0xac6a</load_address>
         <run_address>0xac6a</run_address>
         <size>0x19</size>
         <input_file_ref idref="fl-5"/>
      </object_component>
      <object_component id="oc-49">
         <name>.cinit</name>
         <load_address>0xac84</load_address>
         <run_address>0xac84</run_address>
         <size>0x13</size>
         <input_file_ref idref="fl-4"/>
      </object_component>
      <object_component id="oc-57">
         <name>.cinit</name>
         <load_address>0xac98</load_address>
         <run_address>0xac98</run_address>
         <size>0xb</size>
         <input_file_ref idref="fl-6"/>
      </object_component>
      <object_component id="oc-94">
         <name>.cinit</name>
         <load_address>0xaca4</load_address>
         <run_address>0xaca4</run_address>
         <size>0x5</size>
         <input_file_ref idref="fl-f"/>
      </object_component>
      <object_component id="oc-6a">
         <name>.cinit</name>
         <load_address>0xacaa</load_address>
         <run_address>0xacaa</run_address>
         <size>0x5</size>
         <input_file_ref idref="fl-9"/>
      </object_component>
      <object_component id="oc-77">
         <name>.cinit</name>
         <load_address>0xacb0</load_address>
         <run_address>0xacb0</run_address>
         <size>0x5</size>
         <input_file_ref idref="fl-b"/>
      </object_component>
      <object_component id="oc-3d">
         <name>.cinit</name>
         <load_address>0xacb6</load_address>
         <run_address>0xacb6</run_address>
         <size>0x5</size>
         <input_file_ref idref="fl-2"/>
      </object_component>
      <object_component id="oc-85">
         <name>.cinit</name>
         <load_address>0xacbc</load_address>
         <run_address>0xacbc</run_address>
         <size>0x5</size>
         <input_file_ref idref="fl-d"/>
      </object_component>
      <object_component id="oc-5e">
         <name>.cinit</name>
         <load_address>0xacc2</load_address>
         <run_address>0xacc2</run_address>
         <size>0x5</size>
         <input_file_ref idref="fl-7"/>
      </object_component>
      <object_component id="oc-189">
         <name>.const:mrfiRadioCfg</name>
         <load_address>0xacca</load_address>
         <run_address>0xacca</run_address>
         <size>0x3c</size>
         <input_file_ref idref="fl-e"/>
      </object_component>
      <object_component id="oc-9c">
         <name>.const:.string</name>
         <load_address>0xad06</load_address>
         <run_address>0xad06</run_address>
         <size>0x1e</size>
         <input_file_ref idref="fl-10"/>
      </object_component>
      <object_component id="oc-1b9">
         <name>.const:func</name>
         <load_address>0xad24</load_address>
         <run_address>0xad24</run_address>
         <size>0xc</size>
         <input_file_ref idref="fl-c"/>
      </object_component>
      <object_component id="oc-86">
         <name>.const</name>
         <load_address>0xad30</load_address>
         <run_address>0xad30</run_address>
         <size>0x9</size>
         <input_file_ref idref="fl-d"/>
      </object_component>
      <object_component id="oc-199">
         <name>.const:.string:mrfiBroadcastAddr</name>
         <load_address>0xad3a</load_address>
         <run_address>0xad3a</run_address>
         <size>0x4</size>
         <input_file_ref idref="fl-e"/>
      </object_component>
      <object_component id="oc-1b1">
         <name>.const:.string:mrfiLogicalChanTable</name>
         <load_address>0xad3e</load_address>
         <run_address>0xad3e</run_address>
         <size>0x4</size>
         <input_file_ref idref="fl-e"/>
      </object_component>
      <object_component id="oc-1aa">
         <name>.const:.string:mrfiRFPowerTable</name>
         <load_address>0xad42</load_address>
         <run_address>0xad42</run_address>
         <size>0x3</size>
         <input_file_ref idref="fl-e"/>
      </object_component>
      <object_component id="oc-21">
         <name>.int00</name>
         <load_address>0xffe0</load_address>
         <run_address>0xffe0</run_address>
         <size>0x2</size>
         <input_file_ref idref="fl-25"/>
      </object_component>
      <object_component id="oc-22">
         <name>.int01</name>
         <load_address>0xffe2</load_address>
         <run_address>0xffe2</run_address>
         <size>0x2</size>
         <input_file_ref idref="fl-26"/>
      </object_component>
      <object_component id="oc-23">
         <name>.int02</name>
         <load_address>0xffe4</load_address>
         <run_address>0xffe4</run_address>
         <size>0x2</size>
         <input_file_ref idref="fl-27"/>
      </object_component>
      <object_component id="oc-24">
         <name>.int03</name>
         <load_address>0xffe6</load_address>
         <run_address>0xffe6</run_address>
         <size>0x2</size>
         <input_file_ref idref="fl-e"/>
      </object_component>
      <object_component id="oc-25">
         <name>.int04</name>
         <load_address>0xffe8</load_address>
         <run_address>0xffe8</run_address>
         <size>0x2</size>
         <input_file_ref idref="fl-28"/>
      </object_component>
      <object_component id="oc-26">
         <name>.int05</name>
         <load_address>0xffea</load_address>
         <run_address>0xffea</run_address>
         <size>0x2</size>
         <input_file_ref idref="fl-10"/>
      </object_component>
      <object_component id="oc-27">
         <name>.int06</name>
         <load_address>0xffec</load_address>
         <run_address>0xffec</run_address>
         <size>0x2</size>
         <input_file_ref idref="fl-29"/>
      </object_component>
      <object_component id="oc-28">
         <name>.int07</name>
         <load_address>0xffee</load_address>
         <run_address>0xffee</run_address>
         <size>0x2</size>
         <input_file_ref idref="fl-2a"/>
      </object_component>
      <object_component id="oc-29">
         <name>.int08</name>
         <load_address>0xfff0</load_address>
         <run_address>0xfff0</run_address>
         <size>0x2</size>
         <input_file_ref idref="fl-2b"/>
      </object_component>
      <object_component id="oc-2a">
         <name>.int09</name>
         <load_address>0xfff2</load_address>
         <run_address>0xfff2</run_address>
         <size>0x2</size>
         <input_file_ref idref="fl-10"/>
      </object_component>
      <object_component id="oc-2b">
         <name>.int10</name>
         <load_address>0xfff4</load_address>
         <run_address>0xfff4</run_address>
         <size>0x2</size>
         <input_file_ref idref="fl-2c"/>
      </object_component>
      <object_component id="oc-2c">
         <name>.int11</name>
         <load_address>0xfff6</load_address>
         <run_address>0xfff6</run_address>
         <size>0x2</size>
         <input_file_ref idref="fl-2d"/>
      </object_component>
      <object_component id="oc-2d">
         <name>.int12</name>
         <load_address>0xfff8</load_address>
         <run_address>0xfff8</run_address>
         <size>0x2</size>
         <input_file_ref idref="fl-2e"/>
      </object_component>
      <object_component id="oc-2e">
         <name>.int13</name>
         <load_address>0xfffa</load_address>
         <run_address>0xfffa</run_address>
         <size>0x2</size>
         <input_file_ref idref="fl-2f"/>
      </object_component>
      <object_component id="oc-2f">
         <name>.int14</name>
         <load_address>0xfffc</load_address>
         <run_address>0xfffc</run_address>
         <size>0x2</size>
         <input_file_ref idref="fl-30"/>
      </object_component>
      <object_component id="oc-b1">
         <name>.reset</name>
         <load_address>0xfffe</load_address>
         <run_address>0xfffe</run_address>
         <size>0x2</size>
         <input_file_ref idref="fl-19"/>
      </object_component>
      <object_component id="oc-3c">
         <name>.debug_info</name>
         <load_address>0x0</load_address>
         <run_address>0x0</run_address>
         <size>0x16e2</size>
         <input_file_ref idref="fl-2"/>
      </object_component>
      <object_component id="oc-42">
         <name>.debug_info</name>
         <load_address>0x16e2</load_address>
         <run_address>0x16e2</run_address>
         <size>0x1261</size>
         <input_file_ref idref="fl-3"/>
      </object_component>
      <object_component id="oc-48">
         <name>.debug_info</name>
         <load_address>0x2943</load_address>
         <run_address>0x2943</run_address>
         <size>0x11d8</size>
         <input_file_ref idref="fl-4"/>
      </object_component>
      <object_component id="oc-4f">
         <name>.debug_info</name>
         <load_address>0x3b1b</load_address>
         <run_address>0x3b1b</run_address>
         <size>0x1b91</size>
         <input_file_ref idref="fl-5"/>
      </object_component>
      <object_component id="oc-56">
         <name>.debug_info</name>
         <load_address>0x56ac</load_address>
         <run_address>0x56ac</run_address>
         <size>0xa7b</size>
         <input_file_ref idref="fl-6"/>
      </object_component>
      <object_component id="oc-5d">
         <name>.debug_info</name>
         <load_address>0x6127</load_address>
         <run_address>0x6127</run_address>
         <size>0x1057</size>
         <input_file_ref idref="fl-7"/>
      </object_component>
      <object_component id="oc-63">
         <name>.debug_info</name>
         <load_address>0x717e</load_address>
         <run_address>0x717e</run_address>
         <size>0x457</size>
         <input_file_ref idref="fl-8"/>
      </object_component>
      <object_component id="oc-69">
         <name>.debug_info</name>
         <load_address>0x75d5</load_address>
         <run_address>0x75d5</run_address>
         <size>0x1ab8</size>
         <input_file_ref idref="fl-9"/>
      </object_component>
      <object_component id="oc-70">
         <name>.debug_info</name>
         <load_address>0x908d</load_address>
         <run_address>0x908d</run_address>
         <size>0xc0d</size>
         <input_file_ref idref="fl-a"/>
      </object_component>
      <object_component id="oc-76">
         <name>.debug_info</name>
         <load_address>0x9c9a</load_address>
         <run_address>0x9c9a</run_address>
         <size>0x1d8e</size>
         <input_file_ref idref="fl-b"/>
      </object_component>
      <object_component id="oc-7d">
         <name>.debug_info</name>
         <load_address>0xba28</load_address>
         <run_address>0xba28</run_address>
         <size>0x14ff</size>
         <input_file_ref idref="fl-c"/>
      </object_component>
      <object_component id="oc-84">
         <name>.debug_info</name>
         <load_address>0xcf27</load_address>
         <run_address>0xcf27</run_address>
         <size>0x9d5</size>
         <input_file_ref idref="fl-d"/>
      </object_component>
      <object_component id="oc-8c">
         <name>.debug_info</name>
         <load_address>0xd8fc</load_address>
         <run_address>0xd8fc</run_address>
         <size>0x3372</size>
         <input_file_ref idref="fl-e"/>
      </object_component>
      <object_component id="oc-93">
         <name>.debug_info</name>
         <load_address>0x10c6e</load_address>
         <run_address>0x10c6e</run_address>
         <size>0x92b</size>
         <input_file_ref idref="fl-f"/>
      </object_component>
      <object_component id="oc-9a">
         <name>.debug_info</name>
         <load_address>0x11599</load_address>
         <run_address>0x11599</run_address>
         <size>0x1ea2</size>
         <input_file_ref idref="fl-10"/>
      </object_component>
      <object_component id="oc-a1">
         <name>.debug_info</name>
         <load_address>0x1343b</load_address>
         <run_address>0x1343b</run_address>
         <size>0x6fe</size>
         <input_file_ref idref="fl-11"/>
      </object_component>
      <object_component id="oc-a7">
         <name>.debug_info</name>
         <load_address>0x13b39</load_address>
         <run_address>0x13b39</run_address>
         <size>0xff</size>
         <input_file_ref idref="fl-12"/>
      </object_component>
      <object_component id="oc-ab">
         <name>.debug_info</name>
         <load_address>0x13c38</load_address>
         <run_address>0x13c38</run_address>
         <size>0x11a</size>
         <input_file_ref idref="fl-18"/>
      </object_component>
      <object_component id="oc-af">
         <name>.debug_info</name>
         <load_address>0x13d52</load_address>
         <run_address>0x13d52</run_address>
         <size>0x2b9</size>
         <input_file_ref idref="fl-19"/>
      </object_component>
      <object_component id="oc-b6">
         <name>.debug_info</name>
         <load_address>0x1400b</load_address>
         <run_address>0x1400b</run_address>
         <size>0x395</size>
         <input_file_ref idref="fl-1a"/>
      </object_component>
      <object_component id="oc-bb">
         <name>.debug_info</name>
         <load_address>0x143a0</load_address>
         <run_address>0x143a0</run_address>
         <size>0x2d7</size>
         <input_file_ref idref="fl-1b"/>
      </object_component>
      <object_component id="oc-c0">
         <name>.debug_info</name>
         <load_address>0x14677</load_address>
         <run_address>0x14677</run_address>
         <size>0x27c</size>
         <input_file_ref idref="fl-1c"/>
      </object_component>
      <object_component id="oc-c5">
         <name>.debug_info</name>
         <load_address>0x148f3</load_address>
         <run_address>0x148f3</run_address>
         <size>0x292</size>
         <input_file_ref idref="fl-1d"/>
      </object_component>
      <object_component id="oc-cb">
         <name>.debug_info</name>
         <load_address>0x14b85</load_address>
         <run_address>0x14b85</run_address>
         <size>0x12a</size>
         <input_file_ref idref="fl-1e"/>
      </object_component>
      <object_component id="oc-d0">
         <name>.debug_info</name>
         <load_address>0x14caf</load_address>
         <run_address>0x14caf</run_address>
         <size>0x11d</size>
         <input_file_ref idref="fl-1f"/>
      </object_component>
      <object_component id="oc-d5">
         <name>.debug_info</name>
         <load_address>0x14dcc</load_address>
         <run_address>0x14dcc</run_address>
         <size>0x12d</size>
         <input_file_ref idref="fl-20"/>
      </object_component>
      <object_component id="oc-da">
         <name>.debug_info</name>
         <load_address>0x14ef9</load_address>
         <run_address>0x14ef9</run_address>
         <size>0x11f</size>
         <input_file_ref idref="fl-21"/>
      </object_component>
      <object_component id="oc-de">
         <name>.debug_info</name>
         <load_address>0x15018</load_address>
         <run_address>0x15018</run_address>
         <size>0x126</size>
         <input_file_ref idref="fl-22"/>
      </object_component>
      <object_component id="oc-e2">
         <name>.debug_info</name>
         <load_address>0x1513e</load_address>
         <run_address>0x1513e</run_address>
         <size>0x2fc</size>
         <input_file_ref idref="fl-23"/>
      </object_component>
      <object_component id="oc-e7">
         <name>.debug_info</name>
         <load_address>0x1543a</load_address>
         <run_address>0x1543a</run_address>
         <size>0x1d3</size>
         <input_file_ref idref="fl-24"/>
      </object_component>
      <object_component id="oc-ea">
         <name>.debug_info</name>
         <load_address>0x1560d</load_address>
         <run_address>0x1560d</run_address>
         <size>0x119</size>
         <input_file_ref idref="fl-31"/>
      </object_component>
      <object_component id="oc-ef">
         <name>.debug_info</name>
         <load_address>0x15726</load_address>
         <run_address>0x15726</run_address>
         <size>0x11a</size>
         <input_file_ref idref="fl-32"/>
      </object_component>
      <object_component id="oc-f3">
         <name>.debug_info</name>
         <load_address>0x15840</load_address>
         <run_address>0x15840</run_address>
         <size>0x413</size>
         <input_file_ref idref="fl-33"/>
      </object_component>
      <object_component id="oc-f8">
         <name>.debug_info</name>
         <load_address>0x15c53</load_address>
         <run_address>0x15c53</run_address>
         <size>0x305</size>
         <input_file_ref idref="fl-34"/>
      </object_component>
      <object_component id="oc-fd">
         <name>.debug_info</name>
         <load_address>0x15f58</load_address>
         <run_address>0x15f58</run_address>
         <size>0x348</size>
         <input_file_ref idref="fl-35"/>
      </object_component>
      <object_component id="oc-102">
         <name>.debug_info</name>
         <load_address>0x162a0</load_address>
         <run_address>0x162a0</run_address>
         <size>0x3f8</size>
         <input_file_ref idref="fl-36"/>
      </object_component>
      <object_component id="oc-107">
         <name>.debug_info</name>
         <load_address>0x16698</load_address>
         <run_address>0x16698</run_address>
         <size>0x2d1</size>
         <input_file_ref idref="fl-37"/>
      </object_component>
      <object_component id="oc-10c">
         <name>.debug_info</name>
         <load_address>0x16969</load_address>
         <run_address>0x16969</run_address>
         <size>0x11d</size>
         <input_file_ref idref="fl-38"/>
      </object_component>
      <object_component id="oc-110">
         <name>.debug_info</name>
         <load_address>0x16a86</load_address>
         <run_address>0x16a86</run_address>
         <size>0x11d</size>
         <input_file_ref idref="fl-39"/>
      </object_component>
      <object_component id="oc-114">
         <name>.debug_info</name>
         <load_address>0x16ba3</load_address>
         <run_address>0x16ba3</run_address>
         <size>0x3de</size>
         <input_file_ref idref="fl-3a"/>
      </object_component>
      <object_component id="oc-119">
         <name>.debug_info</name>
         <load_address>0x16f81</load_address>
         <run_address>0x16f81</run_address>
         <size>0x237</size>
         <input_file_ref idref="fl-3b"/>
      </object_component>
      <object_component id="oc-11e">
         <name>.debug_info</name>
         <load_address>0x171b8</load_address>
         <run_address>0x171b8</run_address>
         <size>0x2e9</size>
         <input_file_ref idref="fl-3c"/>
      </object_component>
      <object_component id="oc-123">
         <name>.debug_info</name>
         <load_address>0x174a1</load_address>
         <run_address>0x174a1</run_address>
         <size>0x3a3</size>
         <input_file_ref idref="fl-3d"/>
      </object_component>
      <object_component id="oc-1fc">
         <name>.debug_info</name>
         <load_address>0x17844</load_address>
         <run_address>0x17844</run_address>
         <size>0xa8</size>
      </object_component>
      <object_component id="oc-3e">
         <name>.debug_frame</name>
         <load_address>0x0</load_address>
[...]
      </symbol>
      <symbol id="sm-454">
         <name>MRFI_RxOn</name>
         <value>0xa69c</value>
         <object_component_ref idref="oc-17e"/>
      </symbol>
      <symbol id="sm-455">
         <name>MRFI_GpioIsr</name>
         <value>0xa81a</value>
         <object_component_ref idref="oc-135"/>
      </symbol>
      <symbol id="sm-456">
         <name>mrfiBroadcastAddr</name>
         <value>0xad3a</value>
         <object_component_ref idref="oc-199"/>
      </symbol>
      <symbol id="sm-457">
         <name>mrfiSpiReadReg</name>
         <value>0xa7de</value>
         <object_component_ref idref="oc-170"/>
      </symbol>
      <symbol id="sm-458">
         <name>mrfiSpiReadRxFifo</name>
         <value>0xaae6</value>
         <object_component_ref idref="oc-171"/>
      </symbol>
      <symbol id="sm-459">
         <name>MRFI_ReplyDelay</name>
         <value>0x9f2a</value>
         <object_component_ref idref="oc-19c"/>
      </symbol>
      <symbol id="sm-45a">
         <name>MRFI_WakeUp</name>
         <value>0x9996</value>
         <object_component_ref idref="oc-161"/>
      </symbol>
      <symbol id="sm-45b">
         <name>MRFI_Transmit</name>
         <value>0x8f04</value>
         <object_component_ref idref="oc-1ac"/>
      </symbol>
      <symbol id="sm-45c">
         <name>mrfiSpiWriteReg</name>
         <value>0xa8d6</value>
         <object_component_ref idref="oc-188"/>
      </symbol>
      <symbol id="sm-45d">
         <name>mrfiSpiWriteTxFifo</name>
         <value>0xaa98</value>
         <object_component_ref idref="oc-1bb"/>
      </symbol>
      <symbol id="sm-45e">
         <name>MRFI_RxIdle</name>
         <value>0xa740</value>
         <object_component_ref idref="oc-17d"/>
      </symbol>
      <symbol id="sm-45f">
         <name>MRFI_GetRadioState</name>
         <value>0xab4e</value>
         <object_component_ref idref="oc-19a"/>
      </symbol>
      <symbol id="sm-460">
         <name>MRFI_DelayMs</name>
         <value>0xa8f0</value>
         <object_component_ref idref="oc-13e"/>
      </symbol>
      <symbol id="sm-461">
         <name>MRFI_EnableRxAddrFilter</name>
         <value>0xa67a</value>
         <object_component_ref idref="oc-165"/>
      </symbol>
      <symbol id="sm-462">
         <name>MRFI_SetRFPwr</name>
         <value>0xa086</value>
         <object_component_ref idref="oc-17c"/>
      </symbol>
      <symbol id="sm-463">
         <name>mrfiSpiInit</name>
         <value>0xa0ee</value>
         <object_component_ref idref="oc-187"/>
      </symbol>
      <symbol id="sm-464">
         <name>MRFI_Receive</name>
         <value>0xaa8a</value>
         <object_component_ref idref="oc-1a7"/>
      </symbol>
      <symbol id="sm-465">
         <name>BSP_GpioPort1Isr</name>
         <value>0xa86e</value>
         <object_component_ref idref="oc-12a"/>
      </symbol>
      <symbol id="sm-485">
         <name>BSP_Init</name>
         <value>0xa6e0</value>
         <object_component_ref idref="oc-13f"/>
      </symbol>
      <symbol id="sm-486">
         <name>BSP_InitButtons</name>
         <value>0xaaf2</value>
         <object_component_ref idref="oc-178"/>
      </symbol>
      <symbol id="sm-487">
         <name>BSP_InitBoard</name>
         <value>0xa700</value>
         <object_component_ref idref="oc-14e"/>
      </symbol>
      <symbol id="sm-488">
         <name>BSP_InitLeds</name>
         <value>0xa9c8</value>
         <object_component_ref idref="oc-177"/>
      </symbol>
      <symbol id="sm-489">
         <name>BSP_Delay</name>
         <value>0xa7c0</value>
         <object_component_ref idref="oc-16a"/>
      </symbol>
      <symbol id="sm-48a">
         <name>BSP_InitDrivers</name>
         <value>0xaafc</value>
         <object_component_ref idref="oc-14f"/>
      </symbol>
      <symbol id="sm-48b">
         <name>_system_pre_init</name>
         <value>0xab06</value>
         <object_component_ref idref="oc-12d"/>
      </symbol>
      <symbol id="sm-513">
         <name>temp</name>
         <value>0x26a</value>
         <object_component_ref idref="oc-99"/>
      </symbol>
      <symbol id="sm-514">
         <name>degC</name>
         <value>0x272</value>
         <object_component_ref idref="oc-99"/>
      </symbol>
      <symbol id="sm-515">
         <name>ADC10_ISR</name>
         <value>0xab2e</value>
         <object_component_ref idref="oc-12b"/>
      </symbol>
      <symbol id="sm-516">
         <name>parseCommandString</name>
         <value>0x8606</value>
         <object_component_ref idref="oc-16e"/>
      </symbol>
      <symbol id="sm-517">
         <name>toggle_bothLEDs</name>
         <value>0xab24</value>
         <object_component_ref idref="oc-14a"/>
      </symbol>
      <symbol id="sm-518">
         <name>__TI_int09</name>
         <value>0xfff2</value>
         <object_component_ref idref="oc-2a"/>
      </symbol>
      <symbol id="sm-519">
         <name>__TI_int05</name>
         <value>0xffea</value>
         <object_component_ref idref="oc-26"/>
      </symbol>
      <symbol id="sm-51a">
         <name>target</name>
         <value>0x286</value>
         <object_component_ref idref="oc-99"/>
      </symbol>
      <symbol id="sm-51b">
         <name>write_Values_to_Flash</name>
         <value>0x9b72</value>
         <object_component_ref idref="oc-16b"/>
      </symbol>
      <symbol id="sm-51c">
         <name>tempOffset</name>
         <value>0x26e</value>
         <object_component_ref idref="oc-99"/>
      </symbol>
      <symbol id="sm-51d">
         <name>num_con</name>
         <value>0x27a</value>
         <object_component_ref idref="oc-99"/>
      </symbol>
      <symbol id="sm-51e">
         <name>cmd</name>
         <value>0x280</value>
         <object_component_ref idref="oc-99"/>
      </symbol>
      <symbol id="sm-51f">
         <name>bothLEDs_on</name>
         <value>0xa8bc</value>
         <object_component_ref idref="oc-141"/>
      </symbol>
      <symbol id="sm-520">
         <name>io_command</name>
         <value>0x2a0</value>
         <object_component_ref idref="oc-99"/>
      </symbol>
      <symbol id="sm-521">
         <name>write_Values_to_SPI</name>
         <value>0xa630</value>
         <object_component_ref idref="oc-16d"/>
      </symbol>
      <symbol id="sm-522">
         <name>main</name>
         <value>0x8bec</value>
         <object_component_ref idref="oc-132"/>
      </symbol>
      <symbol id="sm-523">
         <name>index</name>
         <value>0x27b</value>
         <object_component_ref idref="oc-99"/>
      </symbol>
      <symbol id="sm-524">
         <name>toggleLED</name>
         <value>0xa9b4</value>
         <object_component_ref idref="oc-142"/>
      </symbol>
      <symbol id="sm-525">
         <name>nwk_cfg_flash</name>
         <value>0x200</value>
         <object_component_ref idref="oc-99"/>
      </symbol>
      <symbol id="sm-526">
         <name>C1</name>
         <value>0x270</value>
         <object_component_ref idref="oc-99"/>
      </symbol>
      <symbol id="sm-527">
         <name>createRandomAddress</name>
         <value>0x9862</value>
         <object_component_ref idref="oc-144"/>
      </symbol>
      <symbol id="sm-528">
         <name>cmd_table</name>
         <value>0x296</value>
         <object_component_ref idref="oc-99"/>
      </symbol>
      <symbol id="sm-529">
         <name>perform_self_Measurement</name>
         <value>0x8e00</value>
         <object_component_ref idref="oc-16c"/>
      </symbol>
      <symbol id="sm-52a">
         <name>Flash_Addr</name>
         <value>0x27c</value>
         <object_component_ref idref="oc-99"/>
      </symbol>
      <symbol id="sm-52b">
         <name>results</name>
         <value>0x276</value>
         <object_component_ref idref="oc-99"/>
      </symbol>
      <symbol id="sm-52c">
         <name>Timer_A</name>
         <value>0xaace</value>
         <object_component_ref idref="oc-12c"/>
      </symbol>
      <symbol id="sm-52d">
         <name>read_Values_from_Flash</name>
         <value>0x9eec</value>
         <object_component_ref idref="oc-168"/>
      </symbol>
      <symbol id="sm-52e">
         <name>Flash_Addr2</name>
         <value>0x27e</value>
         <object_component_ref idref="oc-99"/>
      </symbol>
      <symbol id="sm-52f">
         <name>bothLEDs_off</name>
         <value>0xa8a2</value>
         <object_component_ref idref="oc-146"/>
      </symbol>
      <symbol id="sm-530">
         <name>value</name>
         <value>0x28c</value>
         <object_component_ref idref="oc-99"/>
      </symbol>
      <symbol id="sm-531">
         <name>volt</name>
         <value>0x274</value>
         <object_component_ref idref="oc-99"/>
      </symbol>
      <symbol id="sm-551">
         <name>nv_obj_init</name>
         <value>0xab3e</value>
         <object_component_ref idref="oc-140"/>
      </symbol>
      <symbol id="sm-552">
         <name>nv_obj_erase_flash</name>
         <value>0xa050</value>
         <object_component_ref idref="oc-143"/>
      </symbol>
      <symbol id="sm-553">
         <name>nv_obj_write_lnk_id</name>
         <value>0xa1ba</value>
         <object_component_ref idref="oc-1a1"/>
      </symbol>
      <symbol id="sm-554">
         <name>nv_obj_read_nwk_cfg</name>
         <value>0xa3fa</value>
         <object_component_ref idref="oc-167"/>
      </symbol>
      <symbol id="sm-555">
         <name>nv_obj_write_nwk_cfg</name>
         <value>0x9644</value>
         <object_component_ref idref="oc-1a0"/>
      </symbol>
      <symbol id="sm-556">
         <name>nv_obj_read_lnk_id</name>
         <value>0xa9fe</value>
         <object_component_ref idref="oc-19e"/>
      </symbol>
      <symbol id="sm-56c">
         <name>TI_getRandomIntegerFromVLO</name>
         <value>0x91e2</value>
         <object_component_ref idref="oc-a6"/>
      </symbol>
      <symbol id="sm-56d">
         <name>TI_getRandomIntegerFromADC</name>
         <value>0x91ba</value>
         <object_component_ref idref="oc-a6"/>
      </symbol>
      <symbol id="sm-57b">
         <name>L_ASR</name>
         <value>0xaa6a</value>
         <object_component_ref idref="oc-18c"/>
      </symbol>
      <symbol id="sm-58a">
         <name>_stack</name>
         <value>0x5b0</value>
         <object_component_ref idref="oc-b0"/>
      </symbol>
      <symbol id="sm-58b">
         <name>_reset_vector</name>
         <value>0xfffe</value>
         <object_component_ref idref="oc-b1"/>
      </symbol>
      <symbol id="sm-599">
         <name>_c_int00_noargs_noexit</name>
         <value>0xa888</value>
         <object_component_ref idref="oc-35"/>
      </symbol>
      <symbol id="sm-5c4">
         <name>__remi</name>
         <value>0xa452</value>
         <object_component_ref idref="oc-ca"/>
      </symbol>
      <symbol id="sm-5c5">
         <name>__divi</name>
         <value>0xa452</value>
         <object_component_ref idref="oc-ca"/>
      </symbol>
      <symbol id="sm-5d3">
         <name>__remu</name>
         <value>0xa962</value>
         <object_component_ref idref="oc-cf"/>
      </symbol>
      <symbol id="sm-5d4">
         <name>__divu</name>
         <value>0xa962</value>
         <object_component_ref idref="oc-cf"/>
      </symbol>
      <symbol id="sm-5e5">
         <name>__remli</name>
         <value>0x9e6e</value>
         <object_component_ref idref="oc-d4"/>
      </symbol>
      <symbol id="sm-5e6">
         <name>__divli</name>
         <value>0x9e6e</value>
         <object_component_ref idref="oc-d4"/>
      </symbol>
      <symbol id="sm-5f9">
         <name>__divul</name>
         <value>0x993e</value>
         <object_component_ref idref="oc-d9"/>
      </symbol>
      <symbol id="sm-5fa">
         <name>__remul</name>
         <value>0x993e</value>
         <object_component_ref idref="oc-d9"/>
      </symbol>
      <symbol id="sm-607">
         <name>func_epilog_1</name>
         <value>0xaa86</value>
         <object_component_ref idref="oc-134"/>
      </symbol>
      <symbol id="sm-608">
         <name>func_epilog_2</name>
         <value>0xaa84</value>
         <object_component_ref idref="oc-134"/>
      </symbol>
      <symbol id="sm-609">
         <name>func_epilog_3</name>
         <value>0xaa82</value>
         <object_component_ref idref="oc-134"/>
      </symbol>
      <symbol id="sm-60a">
         <name>func_epilog_4</name>
         <value>0xaa80</value>
         <object_component_ref idref="oc-134"/>
      </symbol>
      <symbol id="sm-60b">
         <name>func_epilog_5</name>
         <value>0xaa7e</value>
         <object_component_ref idref="oc-134"/>
      </symbol>
      <symbol id="sm-60c">
         <name>func_epilog_6</name>
         <value>0xaa7c</value>
         <object_component_ref idref="oc-134"/>
      </symbol>
      <symbol id="sm-60d">
         <name>func_epilog_7</name>
         <value>0xaa7a</value>
         <object_component_ref idref="oc-134"/>
      </symbol>
      <symbol id="sm-61b">
         <name>C$$EXIT</name>
         <value>0xab7e</value>
         <object_component_ref idref="oc-133"/>
      </symbol>
      <symbol id="sm-61c">
         <name>abort</name>
         <value>0xab7e</value>
         <object_component_ref idref="oc-133"/>
      </symbol>
      <symbol id="sm-625">
         <name>__TI_int00</name>
         <value>0xffe0</value>
         <object_component_ref idref="oc-21"/>
      </symbol>
      <symbol id="sm-629">
         <name>__TI_int01</name>
         <value>0xffe2</value>
         <object_component_ref idref="oc-22"/>
      </symbol>
      <symbol id="sm-62d">
         <name>__TI_int02</name>
         <value>0xffe4</value>
         <object_component_ref idref="oc-23"/>
      </symbol>
      <symbol id="sm-631">
         <name>__TI_int04</name>
         <value>0xffe8</value>
         <object_component_ref idref="oc-25"/>
      </symbol>
      <symbol id="sm-635">
         <name>__TI_int06</name>
         <value>0xffec</value>
         <object_component_ref idref="oc-27"/>
      </symbol>
      <symbol id="sm-639">
         <name>__TI_int07</name>
         <value>0xffee</value>
         <object_component_ref idref="oc-28"/>
      </symbol>
      <symbol id="sm-63d">
         <name>__TI_int08</name>
         <value>0xfff0</value>
         <object_component_ref idref="oc-29"/>
      </symbol>
      <symbol id="sm-641">
         <name>__TI_int10</name>
         <value>0xfff4</value>
         <object_component_ref idref="oc-2b"/>
      </symbol>
      <symbol id="sm-645">
         <name>__TI_int11</name>
         <value>0xfff6</value>
         <object_component_ref idref="oc-2c"/>
      </symbol>
      <symbol id="sm-649">
         <name>__TI_int12</name>
         <value>0xfff8</value>
         <object_component_ref idref="oc-2d"/>
      </symbol>
      <symbol id="sm-64d">
         <name>__TI_int13</name>
         <value>0xfffa</value>
         <object_component_ref idref="oc-2e"/>
      </symbol>
      <symbol id="sm-651">
         <name>__TI_int14</name>
         <value>0xfffc</value>
         <object_component_ref idref="oc-2f"/>
      </symbol>
      <symbol id="sm-65d">
         <name>__TI_ISR_TRAP</name>
         <value>0xab5a</value>
         <object_component_ref idref="oc-e9"/>
      </symbol>
      <symbol id="sm-669">
         <name>I_LSR</name>
         <value>0x9b26</value>
         <object_component_ref idref="oc-ee"/>
      </symbol>
      <symbol id="sm-66a">
         <name>I_LSR_12</name>
         <value>0x9b40</value>
         <object_component_ref idref="oc-ee"/>
      </symbol>
      <symbol id="sm-66b">
         <name>I_LSR_13</name>
         <value>0x9b3c</value>
         <object_component_ref idref="oc-ee"/>
      </symbol>
      <symbol id="sm-66c">
         <name>I_LSR_10</name>
         <value>0x9b48</value>
         <object_component_ref idref="oc-ee"/>
      </symbol>
      <symbol id="sm-66d">
         <name>I_LSR_11</name>
         <value>0x9b44</value>
         <object_component_ref idref="oc-ee"/>
      </symbol>
      <symbol id="sm-66e">
         <name>I_LSR_14</name>
         <value>0x9b38</value>
         <object_component_ref idref="oc-ee"/>
      </symbol>
      <symbol id="sm-66f">
         <name>I_LSR_15</name>
         <value>0x9b34</value>
         <object_component_ref idref="oc-ee"/>
      </symbol>
      <symbol id="sm-670">
         <name>I_LSR_3</name>
         <value>0x9b64</value>
         <object_component_ref idref="oc-ee"/>
      </symbol>
      <symbol id="sm-671">
         <name>I_LSR_2</name>
         <value>0x9b68</value>
         <object_component_ref idref="oc-ee"/>
      </symbol>
      <symbol id="sm-672">
         <name>I_LSR_1</name>
         <value>0x9b6c</value>
         <object_component_ref idref="oc-ee"/>
      </symbol>
      <symbol id="sm-673">
         <name>I_LSR_7</name>
         <value>0x9b54</value>
         <object_component_ref idref="oc-ee"/>
      </symbol>
      <symbol id="sm-674">
         <name>I_LSR_6</name>
         <value>0x9b58</value>
         <object_component_ref idref="oc-ee"/>
      </symbol>
      <symbol id="sm-675">
         <name>I_LSR_5</name>
         <value>0x9b5c</value>
         <object_component_ref idref="oc-ee"/>
      </symbol>
      <symbol id="sm-676">
         <name>I_LSR_4</name>
         <value>0x9b60</value>
         <object_component_ref idref="oc-ee"/>
      </symbol>
      <symbol id="sm-677">
         <name>I_LSR_9</name>
         <value>0x9b4c</value>
         <object_component_ref idref="oc-ee"/>
      </symbol>
      <symbol id="sm-678">
         <name>I_LSR_8</name>
         <value>0x9b50</value>
         <object_component_ref idref="oc-ee"/>
      </symbol>
      <symbol id="sm-687">
         <name>memcmp</name>
         <value>0xa6be</value>
         <object_component_ref idref="oc-1b0"/>
      </symbol>
      <symbol id="sm-695">
         <name>memcpy</name>
         <value>0xa9ec</value>
         <object_component_ref idref="oc-128"/>
      </symbol>
      <symbol id="sm-6a4">
         <name>memmove</name>
         <value>0xa760</value>
         <object_component_ref idref="oc-1b3"/>
      </symbol>
      <symbol id="sm-6b2">
         <name>memset</name>
         <value>0xa98c</value>
         <object_component_ref idref="oc-172"/>
      </symbol>
      <symbol id="sm-6c9">
         <name>__mpyi_sw</name>
         <value>0xa9a0</value>
         <object_component_ref idref="oc-18e"/>
      </symbol>
      <symbol id="sm-6ca">
         <name>__mpyi</name>
         <value>0xa9a0</value>
         <object_component_ref idref="oc-18e"/>
      </symbol>
      <symbol id="sm-6d8">
         <name>__mpyl</name>
         <value>0xa60a</value>
         <object_component_ref idref="oc-18d"/>
      </symbol>
      <symbol id="sm-6d9">
         <name>__mpyl_sw</name>
         <value>0xa60a</value>
         <object_component_ref idref="oc-18d"/>
      </symbol>
      <symbol id="sm-6e7">
         <name>strcmp</name>
         <value>0xa908</value>
         <object_component_ref idref="oc-1a2"/>
      </symbol>
      <symbol id="sm-70d">
         <name>_auto_init</name>
         <value>0x9bbe</value>
         <object_component_ref idref="oc-12e"/>
      </symbol>
   </symbol_table>
   <title>Link successful</title>
</link_info>
